<html>
<body>
<pre>
<h1>礦ision Build Log</h1>
<h2>Tool Versions:</h2>
IDE-Version: μVision V5.26.2.0
Copyright (C) 2018 ARM Ltd and ARM Germany GmbH. All rights reserved.
License Information: zhang zhuozhi, a, LIC=MGXHL-0B6PR-BX1UY-IS75H-LQ26U-N404P
 
Tool Versions:
Toolchain:       MDK-ARM Professional  Version: 5.26.2.0
Toolchain Path:  D:\Keil uVision\ARM\ARMCC\Bin
C Compiler:      Armcc.exe V5.06 update 6 (build 750)
Assembler:       Armasm.exe V5.06 update 6 (build 750)
Linker/Locator:  ArmLink.exe V5.06 update 6 (build 750)
Library Manager: ArmAr.exe V5.06 update 6 (build 750)
Hex Converter:   FromElf.exe V5.06 update 6 (build 750)
CPU DLL:         SARMCM3.DLL V5.26.2.0
Dialog DLL:      DCM.DLL V1.17.2.0
Target DLL:      STLink\ST-LINKIII-KEIL_SWO.dll V3.0.5.0
Dialog DLL:      TCM.DLL V1.36.1.0
 
<h2>Project:</h2>
E:\DSP\DSP-master (1)\DSP-master\MDK-ARM\Project.uvprojx
Project File Date:  04/15/2019

<h2>Output:</h2>
*** Using Compiler 'V5.06 update 6 (build 750)', folder: 'D:\Keil uVision\ARM\ARMCC\Bin'
Build target 'STM32H743I_EVAL'
compiling fes.c...
..\Core\User\Src\fes.c(82): warning:  #223-D: function "ChangePeriod" declared implicitly
  					ChangePeriod(last_frequency-10000);//改变发送给DSSU的信号周期，单位ms
..\Core\User\Src\fes.c(89): warning:  #223-D: function "ChangePeriod" declared implicitly
  					ChangePeriod(50);//单位ms，周期20ms
..\Core\User\Src\fes.c(106): warning:  #223-D: function "ChangePeriod" declared implicitly
  					ChangePeriod(last_frequency-10000);//改变发送给DSSU的信号周期，单位ms
..\Core\User\Src\fes.c(113): warning:  #223-D: function "ChangePeriod" declared implicitly
  					ChangePeriod(50);//单位ms，周期20ms
..\Core\User\Src\fes.c(130): warning:  #223-D: function "ChangePeriod" declared implicitly
  					ChangePeriod(last_frequency-10000);//改变发送给DSSU的信号周期，单位ms
..\Core\User\Src\fes.c(137): warning:  #223-D: function "ChangePeriod" declared implicitly
  					ChangePeriod(50);//单位ms，周期20ms
..\Core\User\Src\fes.c(154): warning:  #223-D: function "ChangePeriod" declared implicitly
  					ChangePeriod(last_frequency-10000);//改变发送给DSSU的信号周期，单位ms
..\Core\User\Src\fes.c(161): warning:  #223-D: function "ChangePeriod" declared implicitly
  					ChangePeriod(50);//单位ms，周期20ms
..\Core\User\Src\fes.c(178): warning:  #223-D: function "ChangePeriod" declared implicitly
  					ChangePeriod(last_frequency-10000);//改变发送给DSSU的信号周期，单位ms
..\Core\User\Src\fes.c(185): warning:  #223-D: function "ChangePeriod" declared implicitly
  					ChangePeriod(50);//单位ms，周期20ms
..\Core\User\Src\fes.c(221): warning:  #167-D: argument of type "volatile uint8_t *" is incompatible with parameter of type "uint8_t *"
  			HAL_UART_Receive_IT(huart,&UART1RxBuff,1);
..\Core\User\Src\fes.c(254): warning:  #167-D: argument of type "volatile uint8_t *" is incompatible with parameter of type "uint8_t *"
  			HAL_UART_Receive_IT(huart,&UART5RxBuff,1);
..\Core\User\Src\fes.c(266): warning:  #167-D: argument of type "volatile uint8_t *" is incompatible with parameter of type "uint8_t *"
  			HAL_UART_Receive_IT(huart,&UART7RxBuff,1);
..\Core\User\Src\fes.c(277): warning:  #167-D: argument of type "volatile uint8_t *" is incompatible with parameter of type "uint8_t *"
  			HAL_UART_Receive_IT(huart,&UART8RxBuff,1);
..\Core\User\Src\fes.c(297): warning:  #167-D: argument of type "volatile uint8_t *" is incompatible with parameter of type "uint8_t *"
  			HAL_UART_Receive_IT(huart,&UART1RxBuff,1);
..\Core\User\Src\fes.c(308): warning:  #167-D: argument of type "volatile uint8_t *" is incompatible with parameter of type "uint8_t *"
  			HAL_UART_Receive_IT(huart,&UART3RxBuff,1);
..\Core\User\Src\fes.c(319): warning:  #167-D: argument of type "volatile uint8_t *" is incompatible with parameter of type "uint8_t *"
  			HAL_UART_Receive_IT(huart,&UART4RxBuff,1);
..\Core\User\Src\fes.c(330): warning:  #167-D: argument of type "volatile uint8_t *" is incompatible with parameter of type "uint8_t *"
  			HAL_UART_Receive_IT(huart,&UART5RxBuff,1);
..\Core\User\Src\fes.c(341): warning:  #167-D: argument of type "volatile uint8_t *" is incompatible with parameter of type "uint8_t *"
  			HAL_UART_Receive_IT(huart,&UART7RxBuff,1);
..\Core\User\Src\fes.c(352): warning:  #167-D: argument of type "volatile uint8_t *" is incompatible with parameter of type "uint8_t *"
  			HAL_UART_Receive_IT(huart,&UART8RxBuff,1);
..\Core\User\Src\fes.c(367): warning:  #167-D: argument of type "volatile uint8_t *" is incompatible with parameter of type "uint8_t *"
  	HAL_UART_Receive_IT(&huart1,&UART1RxBuff,1);
..\Core\User\Src\fes.c(368): warning:  #167-D: argument of type "volatile uint8_t *" is incompatible with parameter of type "uint8_t *"
  	HAL_UART_Receive_IT(&huart3,&UART3RxBuff,1);
..\Core\User\Src\fes.c(369): warning:  #167-D: argument of type "volatile uint8_t *" is incompatible with parameter of type "uint8_t *"
  	HAL_UART_Receive_IT(&huart4,&UART4RxBuff,1);
..\Core\User\Src\fes.c(370): warning:  #167-D: argument of type "volatile uint8_t *" is incompatible with parameter of type "uint8_t *"
  	HAL_UART_Receive_IT(&huart5,&UART5RxBuff,1);
..\Core\User\Src\fes.c(371): warning:  #167-D: argument of type "volatile uint8_t *" is incompatible with parameter of type "uint8_t *"
  	HAL_UART_Receive_IT(&huart7,&UART7RxBuff,1);
..\Core\User\Src\fes.c(380): warning:  #167-D: argument of type "volatile uint8_t *" is incompatible with parameter of type "uint8_t *"
  			HAL_UART_Receive_IT(&huart1,&UART1RxBuff,1);
..\Core\User\Src\fes.c: 26 warnings, 0 errors
linking...
Program Size: Code=78900 RO-data=18960 RW-data=468 ZI-data=314924  
FromELF: creating hex file...
"STM32H743I_EVAL\Exe\Project.axf" - 0 Error(s), 26 Warning(s).

<h2>Software Packages used:</h2>

Package Vendor: ARM
                http://www.keil.com/pack/ARM.CMSIS.5.4.0.pack
                ARM.CMSIS.5.4.0
                CMSIS (Cortex Microcontroller Software Interface Standard)
   * Component: CORE Version: 5.1.2

Package Vendor: Keil
                http://www.keil.com/pack/Keil.STM32H7xx_DFP.1.0.0.pack
                Keil.STM32H7xx_DFP.1.0.0
                STMicroelectronics STM32H7 Series Device Support and Examples

<h2>Collection of Component include folders:</h2>
  .\RTE\_STM32H743I_EVAL
  D:\Keil uVision\ARM\PACK\ARM\CMSIS\5.4.0\CMSIS\Core\Include
  D:\Keil uVision\ARM\PACK\Keil\STM32H7xx_DFP\1.0.0\Drivers\CMSIS\Device\ST\STM32H7xx\Include

<h2>Collection of Component Files used:</h2>

   * Component: ARM::CMSIS:CORE:5.1.2
Build Time Elapsed:  00:00:14
</pre>
</body>
</html>
