Component: ARM Compiler 5.06 update 6 (build 750) Tool: armlink [4d35ed]

==============================================================================

Section Cross References

    startup_stm32h743xx.o(RESET) refers to startup_stm32h743xx.o(STACK) for __initial_sp
    startup_stm32h743xx.o(RESET) refers to startup_stm32h743xx.o(.text) for Reset_Handler
    startup_stm32h743xx.o(RESET) refers to stm32h7xx_it.o(i.NMI_Handler) for NMI_Handler
    startup_stm32h743xx.o(RESET) refers to stm32h7xx_it.o(i.HardFault_Handler) for HardFault_Handler
    startup_stm32h743xx.o(RESET) refers to stm32h7xx_it.o(i.MemManage_Handler) for MemManage_Handler
    startup_stm32h743xx.o(RESET) refers to stm32h7xx_it.o(i.BusFault_Handler) for BusFault_Handler
    startup_stm32h743xx.o(RESET) refers to stm32h7xx_it.o(i.UsageFault_Handler) for UsageFault_Handler
    startup_stm32h743xx.o(RESET) refers to stm32h7xx_it.o(i.DebugMon_Handler) for DebugMon_Handler
    startup_stm32h743xx.o(RESET) refers to stm32h7xx_it.o(i.PendSV_Handler) for PendSV_Handler
    startup_stm32h743xx.o(RESET) refers to stm32h7xx_it.o(i.SysTick_Handler) for SysTick_Handler
    startup_stm32h743xx.o(RESET) refers to timer.o(i.TIM3_IRQHandler) for TIM3_IRQHandler
    startup_stm32h743xx.o(RESET) refers to timer.o(i.TIM4_IRQHandler) for TIM4_IRQHandler
    startup_stm32h743xx.o(RESET) refers to stm32h7xx_it.o(i.USART1_IRQHandler) for USART1_IRQHandler
    startup_stm32h743xx.o(RESET) refers to stm32h7xx_it.o(i.USART2_IRQHandler) for USART2_IRQHandler
    startup_stm32h743xx.o(RESET) refers to stm32h7xx_it.o(i.USART3_IRQHandler) for USART3_IRQHandler
    startup_stm32h743xx.o(RESET) refers to timer.o(i.TIM5_IRQHandler) for TIM5_IRQHandler
    startup_stm32h743xx.o(RESET) refers to stm32h7xx_it.o(i.UART4_IRQHandler) for UART4_IRQHandler
    startup_stm32h743xx.o(RESET) refers to stm32h7xx_it.o(i.UART5_IRQHandler) for UART5_IRQHandler
    startup_stm32h743xx.o(RESET) refers to stm32h7xx_it.o(i.DMA2_Stream0_IRQHandler) for DMA2_Stream0_IRQHandler
    startup_stm32h743xx.o(RESET) refers to stm32h7xx_it.o(i.USART6_IRQHandler) for USART6_IRQHandler
    startup_stm32h743xx.o(RESET) refers to stm32h7xx_it.o(i.UART7_IRQHandler) for UART7_IRQHandler
    startup_stm32h743xx.o(RESET) refers to stm32h7xx_it.o(i.UART8_IRQHandler) for UART8_IRQHandler
    startup_stm32h743xx.o(RESET) refers to stm32h7xx_it.o(i.LTDC_IRQHandler) for LTDC_IRQHandler
    startup_stm32h743xx.o(.text) refers to system_stm32h7xx.o(i.SystemInit) for SystemInit
    startup_stm32h743xx.o(.text) refers to entry.o(.ARM.Collect$$$$00000000) for __main
    mfxstm32l152.o(i.mfxstm32l152_ClearGlobalIT) refers to stm32h743i_eval.o(i.MFX_IO_Write) for MFX_IO_Write
    mfxstm32l152.o(i.mfxstm32l152_DeInit) refers to mfxstm32l152.o(i.mfxstm32l152_ReleaseInstance) for mfxstm32l152_ReleaseInstance
    mfxstm32l152.o(i.mfxstm32l152_DeInit) refers to stm32h743i_eval.o(i.MFX_IO_DeInit) for MFX_IO_DeInit
    mfxstm32l152.o(i.mfxstm32l152_DisableITSource) refers to stm32h743i_eval.o(i.MFX_IO_Read) for MFX_IO_Read
    mfxstm32l152.o(i.mfxstm32l152_DisableITSource) refers to stm32h743i_eval.o(i.MFX_IO_Write) for MFX_IO_Write
    mfxstm32l152.o(i.mfxstm32l152_EnableITSource) refers to stm32h743i_eval.o(i.MFX_IO_Read) for MFX_IO_Read
    mfxstm32l152.o(i.mfxstm32l152_EnableITSource) refers to stm32h743i_eval.o(i.MFX_IO_Write) for MFX_IO_Write
    mfxstm32l152.o(i.mfxstm32l152_Error_ClearIT) refers to mfxstm32l152.o(i.mfxstm32l152_ClearGlobalIT) for mfxstm32l152_ClearGlobalIT
    mfxstm32l152.o(i.mfxstm32l152_Error_DisableIT) refers to mfxstm32l152.o(i.mfxstm32l152_DisableITSource) for mfxstm32l152_DisableITSource
    mfxstm32l152.o(i.mfxstm32l152_Error_EnableIT) refers to stm32h743i_eval.o(i.MFX_IO_ITConfig) for MFX_IO_ITConfig
    mfxstm32l152.o(i.mfxstm32l152_Error_EnableIT) refers to mfxstm32l152.o(i.mfxstm32l152_EnableITSource) for mfxstm32l152_EnableITSource
    mfxstm32l152.o(i.mfxstm32l152_Error_GetITStatus) refers to mfxstm32l152.o(i.mfxstm32l152_GlobalITStatus) for mfxstm32l152_GlobalITStatus
    mfxstm32l152.o(i.mfxstm32l152_Error_ReadMsg) refers to stm32h743i_eval.o(i.MFX_IO_Read) for MFX_IO_Read
    mfxstm32l152.o(i.mfxstm32l152_Error_ReadSrc) refers to stm32h743i_eval.o(i.MFX_IO_Read) for MFX_IO_Read
    mfxstm32l152.o(i.mfxstm32l152_GetInstance) refers to mfxstm32l152.o(.data) for mfxstm32l152
    mfxstm32l152.o(i.mfxstm32l152_GlobalITStatus) refers to stm32h743i_eval.o(i.MFX_IO_Read) for MFX_IO_Read
    mfxstm32l152.o(i.mfxstm32l152_IDD_ClearIT) refers to mfxstm32l152.o(i.mfxstm32l152_ClearGlobalIT) for mfxstm32l152_ClearGlobalIT
    mfxstm32l152.o(i.mfxstm32l152_IDD_Config) refers to stm32h743i_eval.o(i.MFX_IO_Read) for MFX_IO_Read
    mfxstm32l152.o(i.mfxstm32l152_IDD_Config) refers to stm32h743i_eval.o(i.MFX_IO_Write) for MFX_IO_Write
    mfxstm32l152.o(i.mfxstm32l152_IDD_ConfigShuntNbLimit) refers to stm32h743i_eval.o(i.MFX_IO_Read) for MFX_IO_Read
[...]
    HAL_ADC_DeInit                           0x0800dda9   Thumb Code   716  stm32h7xx_hal_adc.o(i.HAL_ADC_DeInit)
    HAL_ADC_ErrorCallback                    0x0800e095   Thumb Code     2  stm32h7xx_hal_adc.o(i.HAL_ADC_ErrorCallback)
    HAL_ADC_Init                             0x0800e099   Thumb Code   820  stm32h7xx_hal_adc.o(i.HAL_ADC_Init)
    HAL_ADC_MspDeInit                        0x0800e3f1   Thumb Code    52  adc.o(i.HAL_ADC_MspDeInit)
    HAL_ADC_MspInit                          0x0800e42d   Thumb Code   218  adc.o(i.HAL_ADC_MspInit)
    HAL_ADC_Start_DMA                        0x0800e519   Thumb Code   314  stm32h7xx_hal_adc.o(i.HAL_ADC_Start_DMA)
    HAL_DMA2D_Init                           0x0800e66d   Thumb Code   156  stm32h7xx_hal_dma2d.o(i.HAL_DMA2D_Init)
    HAL_DMA2D_MspInit                        0x0800e709   Thumb Code    32  lcdconf_stm32h743i_eval.o(i.HAL_DMA2D_MspInit)
    HAL_DMA_Abort_IT                         0x0800e72d   Thumb Code   236  stm32h7xx_hal_dma.o(i.HAL_DMA_Abort_IT)
    HAL_DMA_DeInit                           0x0800e825   Thumb Code   276  stm32h7xx_hal_dma.o(i.HAL_DMA_DeInit)
    HAL_DMA_IRQHandler                       0x0800e945   Thumb Code  1094  stm32h7xx_hal_dma.o(i.HAL_DMA_IRQHandler)
    HAL_DMA_Init                             0x0800ed91   Thumb Code   512  stm32h7xx_hal_dma.o(i.HAL_DMA_Init)
    HAL_DMA_Start_IT                         0x0800efa1   Thumb Code   328  stm32h7xx_hal_dma.o(i.HAL_DMA_Start_IT)
    HAL_Delay                                0x0800f0f1   Thumb Code    36  stm32h7xx_hal.o(i.HAL_Delay)
    HAL_GPIO_DeInit                          0x0800f119   Thumb Code   338  stm32h7xx_hal_gpio.o(i.HAL_GPIO_DeInit)
    HAL_GPIO_Init                            0x0800f29d   Thumb Code   534  stm32h7xx_hal_gpio.o(i.HAL_GPIO_Init)
    HAL_GPIO_ReadPin                         0x0800f4e9   Thumb Code    16  stm32h7xx_hal_gpio.o(i.HAL_GPIO_ReadPin)
    HAL_GPIO_WritePin                        0x0800f4f9   Thumb Code    10  stm32h7xx_hal_gpio.o(i.HAL_GPIO_WritePin)
    HAL_GetTick                              0x0800f505   Thumb Code     6  stm32h7xx_hal.o(i.HAL_GetTick)
    HAL_IncTick                              0x0800f511   Thumb Code    16  stm32h7xx_hal.o(i.HAL_IncTick)
    HAL_Init                                 0x0800f529   Thumb Code    28  stm32h7xx_hal.o(i.HAL_Init)
    HAL_InitTick                             0x0800f545   Thumb Code    64  stm32h7xx_hal.o(i.HAL_InitTick)
    HAL_LTDC_ConfigCLUT                      0x0800f591   Thumb Code   180  stm32h7xx_hal_ltdc.o(i.HAL_LTDC_ConfigCLUT)
    HAL_LTDC_ConfigColorKeying               0x0800f645   Thumb Code    96  stm32h7xx_hal_ltdc.o(i.HAL_LTDC_ConfigColorKeying)
    HAL_LTDC_ConfigLayer                     0x0800f6a5   Thumb Code    94  stm32h7xx_hal_ltdc.o(i.HAL_LTDC_ConfigLayer)
    HAL_LTDC_DeInit                          0x0800f703   Thumb Code    30  stm32h7xx_hal_ltdc.o(i.HAL_LTDC_DeInit)
    HAL_LTDC_DisableColorKeying              0x0800f721   Thumb Code    76  stm32h7xx_hal_ltdc.o(i.HAL_LTDC_DisableColorKeying)
    HAL_LTDC_EnableCLUT                      0x0800f76d   Thumb Code    76  stm32h7xx_hal_ltdc.o(i.HAL_LTDC_EnableCLUT)
    HAL_LTDC_EnableColorKeying               0x0800f7b9   Thumb Code    76  stm32h7xx_hal_ltdc.o(i.HAL_LTDC_EnableColorKeying)
    HAL_LTDC_EnableDither                    0x0800f805   Thumb Code    62  stm32h7xx_hal_ltdc.o(i.HAL_LTDC_EnableDither)
    HAL_LTDC_ErrorCallback                   0x0800f849   Thumb Code     2  stm32h7xx_hal_ltdc.o(i.HAL_LTDC_ErrorCallback)
    HAL_LTDC_IRQHandler                      0x0800f84b   Thumb Code   268  stm32h7xx_hal_ltdc.o(i.HAL_LTDC_IRQHandler)
    HAL_LTDC_Init                            0x0800f959   Thumb Code   278  stm32h7xx_hal_ltdc.o(i.HAL_LTDC_Init)
    HAL_LTDC_LineEventCallback               0x0800fa75   Thumb Code   158  lcdconf_stm32h743i_eval.o(i.HAL_LTDC_LineEventCallback)
    HAL_LTDC_MspDeInit                       0x0800fb19   Thumb Code    24  lcdconf_stm32h743i_eval.o(i.HAL_LTDC_MspDeInit)
    HAL_LTDC_MspInit                         0x0800fb35   Thumb Code   258  lcdconf_stm32h743i_eval.o(i.HAL_LTDC_MspInit)
    HAL_LTDC_ProgramLineEvent                0x0800fc49   Thumb Code    78  stm32h7xx_hal_ltdc.o(i.HAL_LTDC_ProgramLineEvent)
    HAL_LTDC_ReloadEventCallback             0x0800fc9d   Thumb Code     2  stm32h7xx_hal_ltdc.o(i.HAL_LTDC_ReloadEventCallback)
    HAL_LTDC_SetAddress                      0x0800fc9f   Thumb Code    92  stm32h7xx_hal_ltdc.o(i.HAL_LTDC_SetAddress)
    HAL_LTDC_SetAlpha                        0x0800fcfb   Thumb Code    92  stm32h7xx_hal_ltdc.o(i.HAL_LTDC_SetAlpha)
    HAL_LTDC_SetWindowPosition               0x0800fd57   Thumb Code   108  stm32h7xx_hal_ltdc.o(i.HAL_LTDC_SetWindowPosition)
    HAL_MDMA_DeInit                          0x0800fdc3   Thumb Code   110  stm32h7xx_hal_mdma.o(i.HAL_MDMA_DeInit)
    HAL_MDMA_Init                            0x0800fe31   Thumb Code   108  stm32h7xx_hal_mdma.o(i.HAL_MDMA_Init)
    HAL_MPU_ConfigRegion                     0x0800fe9d   Thumb Code    88  stm32h7xx_hal_cortex.o(i.HAL_MPU_ConfigRegion)
    HAL_MspInit                              0x0800fef9   Thumb Code     2  stm32h7xx_hal.o(i.HAL_MspInit)
    HAL_NVIC_EnableIRQ                       0x0800fefb   Thumb Code    32  stm32h7xx_hal_cortex.o(i.HAL_NVIC_EnableIRQ)
    HAL_NVIC_SetPriority                     0x0800ff1b   Thumb Code   124  stm32h7xx_hal_cortex.o(i.HAL_NVIC_SetPriority)
    HAL_NVIC_SetPriorityGrouping             0x0800ff99   Thumb Code    32  stm32h7xx_hal_cortex.o(i.HAL_NVIC_SetPriorityGrouping)
    HAL_RCCEx_GetD1SysClockFreq              0x0800ffc1   Thumb Code    44  stm32h7xx_hal_rcc_ex.o(i.HAL_RCCEx_GetD1SysClockFreq)
    HAL_RCCEx_GetD3PCLK1Freq                 0x0800fff9   Thumb Code    34  stm32h7xx_hal_rcc_ex.o(i.HAL_RCCEx_GetD3PCLK1Freq)
    HAL_RCCEx_GetPLL2ClockFreq               0x08010025   Thumb Code   532  stm32h7xx_hal_rcc_ex.o(i.HAL_RCCEx_GetPLL2ClockFreq)
    HAL_RCCEx_GetPLL3ClockFreq               0x08010251   Thumb Code   532  stm32h7xx_hal_rcc_ex.o(i.HAL_RCCEx_GetPLL3ClockFreq)
    HAL_RCCEx_PeriphCLKConfig                0x0801047d   Thumb Code  3204  stm32h7xx_hal_rcc_ex.o(i.HAL_RCCEx_PeriphCLKConfig)
    HAL_RCC_ClockConfig                      0x08011105   Thumb Code   574  stm32h7xx_hal_rcc.o(i.HAL_RCC_ClockConfig)
    HAL_RCC_GetHCLKFreq                      0x08011355   Thumb Code    42  stm32h7xx_hal_rcc.o(i.HAL_RCC_GetHCLKFreq)
    HAL_RCC_GetPCLK1Freq                     0x0801138d   Thumb Code    34  stm32h7xx_hal_rcc.o(i.HAL_RCC_GetPCLK1Freq)
    HAL_RCC_GetPCLK2Freq                     0x080113b9   Thumb Code    36  stm32h7xx_hal_rcc.o(i.HAL_RCC_GetPCLK2Freq)
    HAL_RCC_GetSysClockFreq                  0x080113e5   Thumb Code   556  stm32h7xx_hal_rcc.o(i.HAL_RCC_GetSysClockFreq)
    HAL_RCC_MCOConfig                        0x08011629   Thumb Code   174  stm32h7xx_hal_rcc.o(i.HAL_RCC_MCOConfig)
    HAL_RCC_OscConfig                        0x080116e5   Thumb Code  1724  stm32h7xx_hal_rcc.o(i.HAL_RCC_OscConfig)
    HAL_SDRAM_Init                           0x08011da9   Thumb Code    76  stm32h7xx_hal_sdram.o(i.HAL_SDRAM_Init)
    HAL_SDRAM_MspInit                        0x08011df9   Thumb Code     2  stm32h7xx_hal_sdram.o(i.HAL_SDRAM_MspInit)
    HAL_SDRAM_ProgramRefreshRate             0x08011dfb   Thumb Code    40  stm32h7xx_hal_sdram.o(i.HAL_SDRAM_ProgramRefreshRate)
    HAL_SDRAM_SendCommand                    0x08011e23   Thumb Code    58  stm32h7xx_hal_sdram.o(i.HAL_SDRAM_SendCommand)
    HAL_SYSTICK_CLKSourceConfig              0x08011e5d   Thumb Code    40  stm32h7xx_hal_cortex.o(i.HAL_SYSTICK_CLKSourceConfig)
    HAL_SYSTICK_Config                       0x08011e85   Thumb Code    52  stm32h7xx_hal_cortex.o(i.HAL_SYSTICK_Config)
    HAL_TIMEx_BreakCallback                  0x08011eb9   Thumb Code     2  stm32h7xx_hal_tim_ex.o(i.HAL_TIMEx_BreakCallback)
    HAL_TIMEx_CommutationCallback            0x08011ebb   Thumb Code     2  stm32h7xx_hal_tim_ex.o(i.HAL_TIMEx_CommutationCallback)
    HAL_TIM_Base_Init                        0x08011ebd   Thumb Code    52  stm32h7xx_hal_tim.o(i.HAL_TIM_Base_Init)
    HAL_TIM_Base_MspInit                     0x08011ef1   Thumb Code   168  timer.o(i.HAL_TIM_Base_MspInit)
    HAL_TIM_Base_Start_IT                    0x08011fa9   Thumb Code    30  stm32h7xx_hal_tim.o(i.HAL_TIM_Base_Start_IT)
    HAL_TIM_IC_CaptureCallback               0x08011fc7   Thumb Code     2  stm32h7xx_hal_tim.o(i.HAL_TIM_IC_CaptureCallback)
    HAL_TIM_IRQHandler                       0x08011fc9   Thumb Code   440  stm32h7xx_hal_tim.o(i.HAL_TIM_IRQHandler)
    HAL_TIM_OC_DelayElapsedCallback          0x08012181   Thumb Code     2  stm32h7xx_hal_tim.o(i.HAL_TIM_OC_DelayElapsedCallback)
    HAL_TIM_PWM_PulseFinishedCallback        0x08012183   Thumb Code     2  stm32h7xx_hal_tim.o(i.HAL_TIM_PWM_PulseFinishedCallback)
    HAL_TIM_PeriodElapsedCallback            0x08012185   Thumb Code    52  timer.o(i.HAL_TIM_PeriodElapsedCallback)
    HAL_TIM_TriggerCallback                  0x080121c5   Thumb Code     2  stm32h7xx_hal_tim.o(i.HAL_TIM_TriggerCallback)
    HAL_UARTEx_WakeupCallback                0x080121c7   Thumb Code     2  stm32h7xx_hal_uart_ex.o(i.HAL_UARTEx_WakeupCallback)
    HAL_UART_ErrorCallback                   0x080121c9   Thumb Code    12  main.o(i.HAL_UART_ErrorCallback)
    HAL_UART_IRQHandler                      0x080121d5   Thumb Code   434  stm32h7xx_hal_uart.o(i.HAL_UART_IRQHandler)
    HAL_UART_Init                            0x08012391   Thumb Code   120  stm32h7xx_hal_uart.o(i.HAL_UART_Init)
    HAL_UART_MspInit                         0x08012409   Thumb Code   704  usart.o(i.HAL_UART_MspInit)
    HAL_UART_Receive_IT                      0x08012705   Thumb Code   224  stm32h7xx_hal_uart.o(i.HAL_UART_Receive_IT)
    HAL_UART_RxCpltCallback                  0x080127e5   Thumb Code  1082  usart.o(i.HAL_UART_RxCpltCallback)
    HAL_UART_Transmit                        0x08012c1f   Thumb Code   198  stm32h7xx_hal_uart.o(i.HAL_UART_Transmit)
    HAL_UART_TxCpltCallback                  0x08012ce5   Thumb Code    12  main.o(i.HAL_UART_TxCpltCallback)
    HardFault_Handler                        0x08012cf1   Thumb Code     4  stm32h7xx_it.o(i.HardFault_Handler)
    LCDFontInit                              0x08012cf5   Thumb Code    38  lcd.o(i.LCDFontInit)
    LCD_X_Config                             0x08012e75   Thumb Code   236  lcdconf_stm32h743i_eval.o(i.LCD_X_Config)
    LCD_X_DisplayDriver                      0x08012f81   Thumb Code   386  lcdconf_stm32h743i_eval.o(i.LCD_X_DisplayDriver)
    LTDC_IRQHandler                          0x0801310d   Thumb Code    10  stm32h7xx_it.o(i.LTDC_IRQHandler)
    MainLoop                                 0x080134a9   Thumb Code   374  main.o(i.MainLoop)
    MeanFilter                               0x080136dd   Thumb Code    78  main.o(i.MeanFilter)
    MemManage_Handler                        0x08013731   Thumb Code     4  stm32h7xx_it.o(i.MemManage_Handler)
    NMI_Handler                              0x08013735   Thumb Code     2  stm32h7xx_it.o(i.NMI_Handler)
    PendSV_Handler                           0x08013737   Thumb Code     2  stm32h7xx_it.o(i.PendSV_Handler)
    SysTick_Handler                          0x08013a41   Thumb Code    18  stm32h7xx_it.o(i.SysTick_Handler)
    SystemInit                               0x08013b45   Thumb Code   130  system_stm32h7xx.o(i.SystemInit)
    TIM3_IRQHandler                          0x08013bd9   Thumb Code    10  timer.o(i.TIM3_IRQHandler)
    TIM3_Init                                0x08013be9   Thumb Code    36  timer.o(i.TIM3_Init)
    TIM4_IRQHandler                          0x08013c15   Thumb Code    10  timer.o(i.TIM4_IRQHandler)
    TIM4_Init                                0x08013c25   Thumb Code    36  timer.o(i.TIM4_Init)
    TIM5_IRQHandler                          0x08013c51   Thumb Code    10  timer.o(i.TIM5_IRQHandler)
    TIM5_Init                                0x08013c61   Thumb Code    36  timer.o(i.TIM5_Init)
    TIM_Base_SetConfig                       0x08013c8d   Thumb Code   172  stm32h7xx_hal_tim.o(i.TIM_Base_SetConfig)
    TransferData2PC                          0x08013d59   Thumb Code   438  pc_interface.o(i.TransferData2PC)
    UART4_IRQHandler                         0x08013f29   Thumb Code    10  stm32h7xx_it.o(i.UART4_IRQHandler)
    UART4_Init                               0x08013f39   Thumb Code    62  usart.o(i.UART4_Init)
    UART5_IRQHandler                         0x08013f85   Thumb Code    10  stm32h7xx_it.o(i.UART5_IRQHandler)
    UART5_Init                               0x08013f95   Thumb Code    62  usart.o(i.UART5_Init)
    UART7_IRQHandler                         0x08013fe1   Thumb Code    10  stm32h7xx_it.o(i.UART7_IRQHandler)
    UART7_Init                               0x08013ff1   Thumb Code    62  usart.o(i.UART7_Init)
    UART8_IRQHandler                         0x0801403d   Thumb Code    10  stm32h7xx_it.o(i.UART8_IRQHandler)
    UART8_Init                               0x0801404d   Thumb Code    62  usart.o(i.UART8_Init)
    UART_AdvFeatureConfig                    0x08014099   Thumb Code   234  stm32h7xx_hal_uart.o(i.UART_AdvFeatureConfig)
    UART_CheckIdleState                      0x08014183   Thumb Code   116  stm32h7xx_hal_uart.o(i.UART_CheckIdleState)
    UART_SetConfig                           0x080142d9   Thumb Code  2452  stm32h7xx_hal_uart.o(i.UART_SetConfig)
    UART_WaitOnFlagUntilTimeout              0x08014cff   Thumb Code   108  stm32h7xx_hal_uart.o(i.UART_WaitOnFlagUntilTimeout)
    USART1_IRQHandler                        0x08014d6d   Thumb Code    10  stm32h7xx_it.o(i.USART1_IRQHandler)
    USART1_Init                              0x08014d7d   Thumb Code    62  usart.o(i.USART1_Init)
    USART2_IRQHandler                        0x08014dc9   Thumb Code    10  stm32h7xx_it.o(i.USART2_IRQHandler)
    USART3_IRQHandler                        0x08014dd9   Thumb Code    10  stm32h7xx_it.o(i.USART3_IRQHandler)
    USART3_Init                              0x08014de9   Thumb Code    62  usart.o(i.USART3_Init)
    USART6_IRQHandler                        0x08014e35   Thumb Code    10  stm32h7xx_it.o(i.USART6_IRQHandler)
    UsageFault_Handler                       0x08014e45   Thumb Code     4  stm32h7xx_it.o(i.UsageFault_Handler)
    __ARM_fpclassify                         0x08014e49   Thumb Code    48  fpclassify.o(i.__ARM_fpclassify)
    __hardfp_ceil                            0x08014eb1   Thumb Code   214  ceil.o(i.__hardfp_ceil)
    __hardfp_exp                             0x08014fa1   Thumb Code   486  exp.o(i.__hardfp_exp)
    __hardfp_floor                           0x08015209   Thumb Code   214  floor.o(i.__hardfp_floor)
    __kernel_poly                            0x080152f9   Thumb Code   112  poly.o(i.__kernel_poly)
    __mathlib_dbl_infnan                     0x08015369   Thumb Code     6  dunder.o(i.__mathlib_dbl_infnan)
    __mathlib_dbl_overflow                   0x08015371   Thumb Code    10  dunder.o(i.__mathlib_dbl_overflow)
    __mathlib_dbl_underflow                  0x08015389   Thumb Code    10  dunder.o(i.__mathlib_dbl_underflow)
    __scatterload_copy                       0x080153a1   Thumb Code    14  handlers.o(i.__scatterload_copy)
    __scatterload_null                       0x080153af   Thumb Code     2  handlers.o(i.__scatterload_null)
    __scatterload_zeroinit                   0x080153b1   Thumb Code    14  handlers.o(i.__scatterload_zeroinit)
    __set_errno                              0x080153c1   Thumb Code     6  errno.o(i.__set_errno)
    ceil                                     0x080153cd   Thumb Code    16  ceil.o(i.ceil)
    delayad                                  0x080153dd   Thumb Code    26  ad.o(i.delayad)
    delayad_nopar                            0x080153f7   Thumb Code    16  ad.o(i.delayad_nopar)
    display                                  0x08015409   Thumb Code  3964  main.o(i.display)
    floor                                    0x08016385   Thumb Code    16  floor.o(i.floor)
    main                                     0x08016395   Thumb Code   112  main.o(i.main)
    merge_stimulate_parameter                0x0801640d   Thumb Code  1204  fes.o(i.merge_stimulate_parameter)
    merge_stimulate_parameter_freerun        0x080168c9   Thumb Code   234  fes.o(i.merge_stimulate_parameter_freerun)
    stim_search                              0x080169c1   Thumb Code   346  fes.o(i.stim_search)
    stim_start                               0x08016b51   Thumb Code   394  fes.o(i.stim_start)
    stim_stop                                0x08016d11   Thumb Code   250  fes.o(i.stim_stop)
    stimulate                                0x08016e41   Thumb Code   130  fes.o(i.stimulate)
    stimulateFreeRun                         0x08016ed1   Thumb Code    36  fes.o(i.stimulateFreeRun)
    GPIO_PIN                                 0x08016f10   Data          16  stm32h743i_eval.o(.constdata)
    BUTTON_PIN                               0x08016f20   Data           6  stm32h743i_eval.o(.constdata)
    BUTTON_IRQn                              0x08016f26   Data           6  stm32h743i_eval.o(.constdata)
    COM_TX_PIN                               0x08016f2c   Data           2  stm32h743i_eval.o(.constdata)
    COM_RX_PIN                               0x08016f2e   Data           2  stm32h743i_eval.o(.constdata)
    COM_TX_AF                                0x08016f30   Data           2  stm32h743i_eval.o(.constdata)
    COM_RX_AF                                0x08016f32   Data           2  stm32h743i_eval.o(.constdata)
    D1CorePrescTable                         0x08016f4c   Data          16  system_stm32h7xx.o(.constdata)
    GUI_Font32_1                             0x08018dfc   Data          36  F32_1.o(.rodata)
    LCD_API_ColorConv_M565                   0x08018e20   Data          24  GUICC_M565.o(.rodata)
    GUIDRV_Lin_16_API                        0x08018e38   Data          52  GUIDRV_Lin_16.o(.rodata)
    GUI_Font32_ASCII_CharInfo                0x0801a798   Data         760  F32_ASCII.o(.rodata)
    GUI_Font32_ASCII_Prop1                   0x0801aa90   Data          12  F32_ASCII.o(.rodata)
    GUI_Font32_ASCII                         0x0801aa9c   Data          36  F32_ASCII.o(.rodata)
    GUI_Font6x8                              0x0801b1b4   Data          36  F6x8.o(.rodata)
    GUI_Font6x9                              0x0801b1d8   Data          36  F6x8.o(.rodata)
    GUI__aConvert_15_255                     0x0801b1fc   Data          16  GUI__DivTbl.o(.rodata)
    GUI__aConvert_31_255                     0x0801b20c   Data          32  GUI__DivTbl.o(.rodata)
    GUI__aConvert_63_255                     0x0801b22c   Data          64  GUI__DivTbl.o(.rodata)
    GUI__aConvert_255_15                     0x0801b26c   Data         256  GUI__DivTbl.o(.rodata)
    GUI__aConvert_255_31                     0x0801b36c   Data         256  GUI__DivTbl.o(.rodata)
    GUI__aConvert_255_63                     0x0801b46c   Data         256  GUI__DivTbl.o(.rodata)
    LCD_aMirror                              0x0801b56c   Data         256  LCD_Mirror.o(.rodata)
    LCD_API_ColorConv_0                      0x0801b66c   Data          24  GUICC_0.o(.rodata)
    LCD_API_ColorConv_M8888I                 0x0801b684   Data          24  GUICC_M8888I.o(.rodata)
    Region$$Table$$Base                      0x0801b69c   Number         0  anon$$obj.o(Region$$Table)
    Region$$Table$$Limit                     0x0801b6bc   Number         0  anon$$obj.o(Region$$Table)
    ulResult                                 0x24000000   Data           4  main.o(.data)
    amputatedHand                            0x24000004   Data           1  main.o(.data)
    name                                     0x24000005   Data           1  main.o(.data)
    OS_TimeMS                                0x24000010   Data           4  gui_x.o(.data)
    SystemCoreClock                          0x24000020   Data           4  system_stm32h7xx.o(.data)
    SystemD2Clock                            0x24000024   Data           4  system_stm32h7xx.o(.data)
    UART1RxBuffCount                         0x24000028   Data           4  usart.o(.data)
    UART3RxBuffCount                         0x2400002c   Data           4  usart.o(.data)
    UART4RxBuffCount                         0x24000030   Data           4  usart.o(.data)
    UART5RxBuffCount                         0x24000034   Data           4  usart.o(.data)
    UART7RxBuffCount                         0x24000038   Data           4  usart.o(.data)
    UART8RxBuffCount                         0x2400003c   Data           4  usart.o(.data)
    UART1RxBuff                              0x24000040   Data           1  usart.o(.data)
    UART3RxBuff                              0x24000041   Data           1  usart.o(.data)
    UART4RxBuff                              0x24000042   Data           1  usart.o(.data)
    UART5RxBuff                              0x24000043   Data           1  usart.o(.data)
    UART7RxBuff                              0x24000044   Data           1  usart.o(.data)
    UART8RxBuff                              0x24000045   Data           1  usart.o(.data)
    channelEnableflag                        0x24000046   Data           6  usart.o(.data)
    channelchange                            0x2400004c   Data           4  usart.o(.data)
    initMode                                 0x24000050   Data           4  usart.o(.data)
    startFlag                                0x24000054   Data           4  usart.o(.data)
    tempRxBuffer                             0x24000058   Data           1  usart.o(.data)
    upperRxBuffer                            0x24000059   Data           7  usart.o(.data)
    cnt                                      0x24000060   Data           4  usart.o(.data)
    testmode_flag                            0x24000064   Data           4  usart.o(.data)
    txconfig                                 0x24000068   Data          20  fes.o(.data)
    ADC_detectedvalue                        0x2400007c   Data           8  adc.o(.data)
    GUI_pfAfterInitHook                      0x2400010c   Data           4  GUI_Core.o(.data)
    GUI_pContext                             0x24000110   Data           4  GUI_Core.o(.data)
    GUI__apDevice                            0x24000114   Data           8  GUI_Core.o(.data)
    GUI_DecChar                              0x2400011c   Data           1  GUI_Core.o(.data)
    GUI__IsInitialized                       0x2400011d   Data           1  GUI_Core.o(.data)
    GUI_pUC_API                              0x24000120   Data           4  GUI_Core.o(.data)
    GUI_pfTimerExec                          0x24000124   Data           4  GUI_Core.o(.data)
    GUI__pFontDefault                        0x24000128   Data           4  GUI_Core.o(.data)
    GUI__ColorDefault                        0x2400012c   Data           4  GUI_Core.o(.data)
    GUI__BkColorDefault                      0x24000130   Data           4  GUI_Core.o(.data)
    GUI_pfGetpPalConvTable                   0x24000138   Data           4  GUI_Core.o(.data)
    LCD__pSetColorAPI                        0x2400013c   Data           4  LCD.o(.data)
    GUI__pfMemset                            0x24000140   Data           4  GUI__Private.o(.data)
    GUI__pfMemcpy                            0x24000144   Data           4  GUI__Private.o(.data)
    GUI__Wrap_pfGetWordWrap                  0x24000148   Data           4  GUI__Wrap.o(.data)
    GUI__Wrap_pfGetCharWrap                  0x2400014c   Data           4  GUI__Wrap.o(.data)
    GUI_CharLine_pfLog2Vis                   0x24000150   Data           4  GUI_CharLine.o(.data)
    LCD__aConvTable                          0x24000170   Data           4  LCD_Color.o(.data)
    GUI__pfMixColors                         0x24000180   Data           4  GUI__Alpha.o(.data)
    GUI__pfMixColorsBulk                     0x24000184   Data           4  GUI__Alpha.o(.data)
    WM__aCHWinModal                          0x24000188   Data          16  WM_Touch.o(.data)
    WM__ModalLayer                           0x24000198   Data           4  WM_Touch.o(.data)
    LCD_AA_pfMixColors16                     0x240001d0   Data           4  LCD_AA.o(.data)
    filter                                   0x240001d8   Data         400  main.o(.bss)
    UartHandle                               0x24000368   Data         128  main.o(.bss)
    sdramHandle                              0x240003e8   Data          52  stm32h743i_eval_sdram.o(.bss)
    hltdc                                    0x24000520   Data         168  lcdconf_stm32h743i_eval.o(.bss)
    huart1                                   0x24000700   Data         128  usart.o(.bss)
    huart2                                   0x24000780   Data         128  usart.o(.bss)
    huart3                                   0x24000800   Data         128  usart.o(.bss)
    huart4                                   0x24000880   Data         128  usart.o(.bss)
    huart5                                   0x24000900   Data         128  usart.o(.bss)
    huart6                                   0x24000980   Data         128  usart.o(.bss)
    huart7                                   0x24000a00   Data         128  usart.o(.bss)
    huart8                                   0x24000a80   Data         128  usart.o(.bss)
    parameter                                0x24000b00   Data          60  usart.o(.bss)
    threshold                                0x24000b3c   Data          72  usart.o(.bss)
    pressureLowerThreshold                   0x24000b84   Data          24  usart.o(.bss)
    pressureUpperThreshold                   0x24000b9c   Data          24  usart.o(.bss)
    stimulate_parameter                      0x24000bb4   Data          20  fes.o(.bss)
    value                                    0x24000bc8   Data         136  fes.o(.bss)
    offset                                   0x24000c50   Data          80  ad.o(.bss)
    ADC_convertedvalue                       0x24000ca0   Data          16  ad.o(.bss)
    ldVolutage                               0x24000cb0   Data          80  ad.o(.bss)
    data                                     0x24000d00   Data          15  pc_interface.o(.bss)
    AdcHandle                                0x24000d10   Data         100  adc.o(.bss)
    sConfig                                  0x24000d74   Data          28  adc.o(.bss)
    TIM3_Handler                             0x24000e08   Data          64  timer.o(.bss)
    TIM4_Handler                             0x24000e48   Data          64  timer.o(.bss)
    TIM5_Handler                             0x24000e88   Data          64  timer.o(.bss)
    GUI_ALLOC__Context                       0x24000ec8   Data         192  GUI_Alloc.o(.bss)
    GUI_pfExecAnimations                     0x24000f9c   Data           4  GUI_Core.o(.bss)
    GUI_pfUpdateSoftLayer                    0x24000fa0   Data           4  GUI_Core.o(.bss)
    WM_pfHandlePID                           0x24000fa4   Data           4  GUI_Core.o(.bss)
    GUI_pfDispCharStyle                      0x24000fa8   Data           4  GUI_Core.o(.bss)
    GUI_pfDispCharLine                       0x24000fac   Data           4  GUI_Core.o(.bss)
    GUI__BufferSize                          0x24000fb0   Data           4  GUI_Core.o(.bss)
    GUI_AA__ClipX0                           0x24000fb4   Data           4  GUI_Core.o(.bss)
    GUI__aNumBuffers                         0x24000fb8   Data           2  GUI_Core.o(.bss)
    GUI__PreserveTrans                       0x24000fbc   Data           1  GUI_Core.o(.bss)
    GUI_DCACHE__pfClearCacheHook             0x24000fc0   Data           4  GUI_Core.o(.bss)
    GUI__NumLayersInUse                      0x24000fd0   Data           1  GUI_Core.o(.bss)
    GUI__LayerMask                           0x24000fd4   Data           4  GUI_Core.o(.bss)
    GUI_pLCD_APIList                         0x24000fd8   Data           4  GUI_Core.o(.bss)
    GUI_OrgX                                 0x24000fdc   Data           2  GUI_Core.o(.bss)
    GUI_OrgY                                 0x24000fde   Data           2  GUI_Core.o(.bss)
    GUI__pfDrawM565MemdevFunc                0x24000fe0   Data           4  GUI_Core.o(.bss)
    GUI__pfDrawM565BitmapFunc                0x24000fe4   Data           4  GUI_Core.o(.bss)
    WM__PaintCallbackCnt                     0x240010b0   Data           1  WM.o(.bss)
    WM__NumWindows                           0x240010b2   Data           2  WM.o(.bss)
    WM__NumInvalidWindows                    0x240010b4   Data           2  WM.o(.bss)
    WM__ahDesktopWin                         0x240010b8   Data           8  WM.o(.bss)
    WM__ahCapture                            0x240010c0   Data           8  WM.o(.bss)
    WM__ahWinFocus                           0x240010c8   Data           8  WM.o(.bss)
    WM__InvalidLayerMask                     0x240010d0   Data           4  WM.o(.bss)
    WM__TouchedLayer                         0x240010d4   Data           4  WM.o(.bss)
    WM__FirstWin                             0x240010d8   Data           4  WM.o(.bss)
    WM__pFirstCriticalHandle                 0x240010dc   Data           4  WM.o(.bss)
    WM__aBkColor                             0x240010e0   Data           8  WM.o(.bss)
    WM__CreateFlags                          0x240010e8   Data           4  WM.o(.bss)
    WM_pfPollPID                             0x240010ec   Data           4  WM.o(.bss)
    WM_MULTIBUF__pAPI                        0x240010f0   Data           4  WM.o(.bss)
    WM__TransWindowCnt                       0x240010f4   Data           4  WM.o(.bss)
    WM__hATransWindow                        0x240010f8   Data           4  WM.o(.bss)
    WM__pExecGestures                        0x240010fc   Data           4  WM.o(.bss)
    WM__hCreateStatic                        0x24001114   Data           4  WM.o(.bss)
    GUI__pfDrawAlphaMemdevFunc               0x24001134   Data           4  GUI__Alpha.o(.bss)
    GUI__pfDrawAlphaBitmapFunc               0x24001138   Data           4  GUI__Alpha.o(.bss)
    WM__aCHWinLast                           0x2400118c   Data          16  WM_Touch.o(.bss)
    WM__aCHWinMouseOver                      0x2400119c   Data          16  WM_Touch.o(.bss)
    __initial_sp                             0x240051b8   Data           0  startup_stm32h743xx.o(STACK)
    aMemory                                  0x24020000   Data       184320  guiconf_stm32h743i_eval.o(.ARM.__AT_0x24020000)



==============================================================================

Memory Map of the image

  Image Entry point : 0x08000299

  Load Region LR_IROM1 (Base: 0x08000000, Size: 0x0001b894, Max: 0x00200000, ABSOLUTE, COMPRESSED[0x0001b750])

    Execution Region ER_IROM1 (Exec base: 0x08000000, Load base: 0x08000000, Size: 0x0001b6bc, Max: 0x00200000, ABSOLUTE)

    Exec Addr    Load Addr    Size         Type   Attr      Idx    E Section Name        Object

    0x08000000   0x08000000   0x00000298   Data   RO            3    RESET               startup_stm32h743xx.o
    0x08000298   0x08000298   0x00000000   Code   RO        10394  * .ARM.Collect$$$$00000000  mc_w.l(entry.o)
    0x08000298   0x08000298   0x00000004   Code   RO        10444    .ARM.Collect$$$$00000001  mc_w.l(entry2.o)
    0x0800029c   0x0800029c   0x00000004   Code   RO        10447    .ARM.Collect$$$$00000004  mc_w.l(entry5.o)
    0x080002a0   0x080002a0   0x00000000   Code   RO        10449    .ARM.Collect$$$$00000008  mc_w.l(entry7b.o)
    0x080002a0   0x080002a0   0x00000000   Code   RO        10451    .ARM.Collect$$$$0000000A  mc_w.l(entry8b.o)
    0x080002a0   0x080002a0   0x00000008   Code   RO        10452    .ARM.Collect$$$$0000000B  mc_w.l(entry9a.o)
    0x080002a8   0x080002a8   0x00000000   Code   RO        10454    .ARM.Collect$$$$0000000D  mc_w.l(entry10a.o)
    0x080002a8   0x080002a8   0x00000000   Code   RO        10456    .ARM.Collect$$$$0000000F  mc_w.l(entry11a.o)
    0x080002a8   0x080002a8   0x00000004   Code   RO        10445    .ARM.Collect$$$$00002712  mc_w.l(entry2.o)
    0x080002ac   0x080002ac   0x00000024   Code   RO            4    .text               startup_stm32h743xx.o
    0x080002d0   0x080002d0   0x0000070c   Code   RO         8247    .text               STemWin540_CM7_IAR_ARGB.a(GUI_Alloc.o)
    0x080009dc   0x080009dc   0x00000910   Code   RO         8299    .text               STemWin540_CM7_IAR_ARGB.a(GUI_Common.o)
    0x080012ec   0x080012ec   0x000002fc   Code   RO         8410    .text               STemWin540_CM7_IAR_ARGB.a(GUI_Core.o)
    0x080015e8   0x080015e8   0x00000182   Code   RO         8451    .text               STemWin540_CM7_IAR_ARGB.a(GUI_Device.o)
    0x0800176a   0x0800176a   0x00000002   PAD
    0x0800176c   0x0800176c   0x00000454   Code   RO         8467    .text               STemWin540_CM7_IAR_ARGB.a(GUI_DispString.o)
    0x08001bc0   0x08001bc0   0x000001ec   Code   RO         8491    .text               STemWin540_CM7_IAR_ARGB.a(GUI_MULTIBUF.o)
    0x08001dac   0x08001dac   0x00000094   Code   RO         8521    .text               STemWin540_CM7_IAR_ARGB.a(GUI_SelectLayer.o)
    0x08001e40   0x08001e40   0x00000244   Code   RO         8537    .text               STemWin540_CM7_IAR_ARGB.a(GUI_Valf.o)
    0x08002084   0x08002084   0x000000f8   Code   RO         8564    .text               STemWin540_CM7_IAR_ARGB.a(GUICC_M565.o)
    0x0800217c   0x0800217c   0x00000c14   Code   RO         8578    .text               STemWin540_CM7_IAR_ARGB.a(GUIDRV_Lin_16.o)
    0x08002d90   0x08002d90   0x000005f0   Code   RO         8658    .text               STemWin540_CM7_IAR_ARGB.a(LCD.o)
    0x08003380   0x08003380   0x0000020c   Code   RO         8726    .text               STemWin540_CM7_IAR_ARGB.a(LCD_GetEx.o)
    0x0800358c   0x0800358c   0x000002d8   Code   RO         8775    .text               STemWin540_CM7_IAR_ARGB.a(LCD_Set.o)
    0x08003864   0x08003864   0x00000494   Code   RO         8843    .text               STemWin540_CM7_IAR_ARGB.a(GUI__Private.o)
    0x08003cf8   0x08003cf8   0x000002a0   Code   RO         8878    .text               STemWin540_CM7_IAR_ARGB.a(GUI__SinHQ.o)
    0x08003f98   0x08003f98   0x000001a0   Code   RO         8888    .text               STemWin540_CM7_IAR_ARGB.a(GUI__Wrap.o)
    0x08004138   0x08004138   0x0000009c   Code   RO         8904    .text               STemWin540_CM7_IAR_ARGB.a(GUI_Char.o)
    0x080041d4   0x080041d4   0x000001d4   Code   RO         8918    .text               STemWin540_CM7_IAR_ARGB.a(GUI_CharLine.o)
    0x080043a8   0x080043a8   0x0000012c   Code   RO         8932    .text               STemWin540_CM7_IAR_ARGB.a(GUI_CharP.o)
    0x080044d4   0x080044d4   0x000000a4   Code   RO         8944    .text               STemWin540_CM7_IAR_ARGB.a(GUI_DispChar.o)
    0x08004578   0x08004578   0x000000d4   Code   RO         8957    .text               STemWin540_CM7_IAR_ARGB.a(GUI_OnKey.o)
    0x0800464c   0x0800464c   0x000000aa   Code   RO         8974    .text               STemWin540_CM7_IAR_ARGB.a(GUI_UC.o)
    0x080046f6   0x080046f6   0x00000002   PAD
    0x080046f8   0x080046f8   0x00000030   Code   RO         8989    .text               STemWin540_CM7_IAR_ARGB.a(GUI_UC_EncodeNone.o)
    0x08004728   0x08004728   0x000000d6   Code   RO         9001    .text               STemWin540_CM7_IAR_ARGB.a(GUI_Val.o)
    0x080047fe   0x080047fe   0x00000002   PAD
    0x08004800   0x08004800   0x00000064   Code   RO         9020    .text               STemWin540_CM7_IAR_ARGB.a(GUI_WaitEvent.o)
    0x08004864   0x08004864   0x00000998   Code   RO         9034    .text               STemWin540_CM7_IAR_ARGB.a(GUIDEV_16.o)
    0x080051fc   0x080051fc   0x0000012c   Code   RO         9092    .text               STemWin540_CM7_IAR_ARGB.a(LCD_Color.o)
    0x08005328   0x08005328   0x00000018   Code   RO         9109    .text               STemWin540_CM7_IAR_ARGB.a(LCD_GetColorIndex.o)
    0x08005340   0x08005340   0x0000005e   Code   RO         9118    .text               STemWin540_CM7_IAR_ARGB.a(LCD_GetP.o)
    0x0800539e   0x0800539e   0x00000002   PAD
    0x080053a0   0x080053a0   0x00000044   Code   RO         9131    .text               STemWin540_CM7_IAR_ARGB.a(LCD_SelectLCD.o)
    0x080053e4   0x080053e4   0x00000024   Code   RO         9138    .text               STemWin540_CM7_IAR_ARGB.a(LCD_UpdateColorIndices.o)
    0x08005408   0x08005408   0x00001224   Code   RO         9145    .text               STemWin540_CM7_IAR_ARGB.a(WM.o)
    0x0800662c   0x0800662c   0x00000b50   Code   RO         9249    .text               STemWin540_CM7_IAR_ARGB.a(WM_Lib.o)
    0x0800717c   0x0800717c   0x00000374   Code   RO         9366    .text               STemWin540_CM7_IAR_ARGB.a(GUI__Alpha.o)
    0x080074f0   0x080074f0   0x0000010c   Code   RO         9393    .text               STemWin540_CM7_IAR_ARGB.a(GUI__ManageCache.o)
    0x080075fc   0x080075fc   0x00000170   Code   RO         9412    .text               STemWin540_CM7_IAR_ARGB.a(GUI_CharM.o)
    0x0800776c   0x0800776c   0x00000398   Code   RO         9429    .text               STemWin540_CM7_IAR_ARGB.a(GUI_Timer.o)
    0x08007b04   0x08007b04   0x000000e8   Code   RO         9464    .text               STemWin540_CM7_IAR_ARGB.a(GUICC_0.o)
    0x08007bec   0x08007bec   0x0000034c   Code   RO         9477    .text               STemWin540_CM7_IAR_ARGB.a(GUIDEV.o)
    0x08007f38   0x08007f38   0x00000158   Code   RO         9499    .text               STemWin540_CM7_IAR_ARGB.a(GUIDEV_Banding.o)
    0x08008090   0x08008090   0x000004fc   Code   RO         9510    .text               STemWin540_CM7_IAR_ARGB.a(GUIDEV_StaticDevices.o)
    0x0800858c   0x0800858c   0x0000006e   Code   RO         9534    .text               STemWin540_CM7_IAR_ARGB.a(GUIDEV_Usage.o)
    0x080085fa   0x080085fa   0x00000002   PAD
    0x080085fc   0x080085fc   0x0000061c   Code   RO         9544    .text               STemWin540_CM7_IAR_ARGB.a(GUIDEV_WriteToActiveOpaque.o)
    0x08008c18   0x08008c18   0x0000001a   Code   RO         9583    .text               STemWin540_CM7_IAR_ARGB.a(LCD_GetNumDisplays.o)
    0x08008c32   0x08008c32   0x0000000e   Code   RO         9588    .text               STemWin540_CM7_IAR_ARGB.a(LCD_GetPixelColor.o)
    0x08008c40   0x08008c40   0x00000030   Code   RO         9593    .text               STemWin540_CM7_IAR_ARGB.a(LCD_SetClipRectEx.o)
    0x08008c70   0x08008c70   0x00000344   Code   RO         9600    .text               STemWin540_CM7_IAR_ARGB.a(WM__Private.o)
    0x08008fb4   0x08008fb4   0x0000015c   Code   RO         9633    .text               STemWin540_CM7_IAR_ARGB.a(WM_Move.o)
    0x08009110   0x08009110   0x0000014c   Code   RO         9651    .text               STemWin540_CM7_IAR_ARGB.a(WM_Timer.o)
    0x0800925c   0x0800925c   0x00000276   Code   RO         9696    .text               STemWin540_CM7_IAR_ARGB.a(GUI__CompactPixelIndices.o)
    0x080094d2   0x080094d2   0x00000002   PAD
    0x080094d4   0x080094d4   0x000001f2   Code   RO         9712    .text               STemWin540_CM7_IAR_ARGB.a(GUI__ExpandPixelIndices.o)
    0x080096c6   0x080096c6   0x00000002   PAD
    0x080096c8   0x080096c8   0x00000b60   Code   RO         9774    .text               STemWin540_CM7_IAR_ARGB.a(GUI_SetAlpha.o)
    0x0800a228   0x0800a228   0x00000040   Code   RO         9858    .text               STemWin540_CM7_IAR_ARGB.a(GUI_Time.o)
    0x0800a268   0x0800a268   0x0000002a   Code   RO         9869    .text               STemWin540_CM7_IAR_ARGB.a(GUICC_M8888I.o)
    0x0800a292   0x0800a292   0x00000002   Code   RO         9880    .text               STemWin540_CM7_IAR_ARGB.a(GUICC_M8888I_Index2Color.o)
    0x0800a294   0x0800a294   0x00000006   Code   RO         9885    .text               STemWin540_CM7_IAR_ARGB.a(GUICC_M888_Index2Color.o)
    0x0800a29a   0x0800a29a   0x00000002   PAD
    0x0800a29c   0x0800a29c   0x00000970   Code   RO         9890    .text               STemWin540_CM7_IAR_ARGB.a(GUIDEV_32.o)
    0x0800ac0c   0x0800ac0c   0x0000003c   Code   RO         9944    .text               STemWin540_CM7_IAR_ARGB.a(GUIDEV_Clear.o)
    0x0800ac48   0x0800ac48   0x0000003c   Code   RO         9951    .text               STemWin540_CM7_IAR_ARGB.a(GUIDEV_CreateFixed.o)
    0x0800ac84   0x0800ac84   0x0000001c   Code   RO         9960    .text               STemWin540_CM7_IAR_ARGB.a(GUIDEV_GetDataPtr.o)
    0x0800aca0   0x0800aca0   0x0000004c   Code   RO         9967    .text               STemWin540_CM7_IAR_ARGB.a(GUIDEV_GetPos.o)
    0x0800acec   0x0800acec   0x00000028   Code   RO         9980    .text               STemWin540_CM7_IAR_ARGB.a(GUIDEV_GetXSize.o)
    0x0800ad14   0x0800ad14   0x00000028   Code   RO         9987    .text               STemWin540_CM7_IAR_ARGB.a(GUIDEV_GetYSize.o)
    0x0800ad3c   0x0800ad3c   0x00000030   Code   RO         9994    .text               STemWin540_CM7_IAR_ARGB.a(GUIDEV_ReduceYSize.o)
    0x0800ad6c   0x0800ad6c   0x00000068   Code   RO        10001    .text               STemWin540_CM7_IAR_ARGB.a(GUIDEV_SetOrg.o)
    0x0800add4   0x0800add4   0x000001ac   Code   RO        10008    .text               STemWin540_CM7_IAR_ARGB.a(GUIDEV_UsageBM.o)
    0x0800af80   0x0800af80   0x000000b0   Code   RO        10021    .text               STemWin540_CM7_IAR_ARGB.a(GUIDEV_Write.o)
    0x0800b030   0x0800b030   0x0000024e   Code   RO        10036    .text               STemWin540_CM7_IAR_ARGB.a(LCD_ReadRect.o)
    0x0800b27e   0x0800b27e   0x00000002   PAD
    0x0800b280   0x0800b280   0x000002c0   Code   RO        10314    .text               STemWin540_CM7_IAR_ARGB.a(GUIDEV_WriteToActiveAlpha.o)
    0x0800b540   0x0800b540   0x00000328   Code   RO        10330    .text               STemWin540_CM7_IAR_ARGB.a(LCD_AA.o)
    0x0800b868   0x0800b868   0x00000062   Code   RO        10397    .text               mc_w.l(uldiv.o)
    0x0800b8ca   0x0800b8ca   0x00000042   Code   RO        10403    .text               mc_w.l(memmove.o)
    0x0800b90c   0x0800b90c   0x00000024   Code   RO        10409    .text               mc_w.l(memseta.o)
    0x0800b930   0x0800b930   0x00000012   Code   RO        10411    .text               mc_w.l(strcpy.o)
    0x0800b942   0x0800b942   0x00000026   Code   RO        10421    .text               mf_w.l(f2d.o)
    0x0800b968   0x0800b968   0x00000038   Code   RO        10423    .text               mf_w.l(d2f.o)
    0x0800b9a0   0x0800b9a0   0x0000001e   Code   RO        10458    .text               mc_w.l(llshl.o)
    0x0800b9be   0x0800b9be   0x00000020   Code   RO        10460    .text               mc_w.l(llushr.o)
    0x0800b9de   0x0800b9de   0x00000000   Code   RO        10469    .text               mc_w.l(iusefp.o)
    0x0800b9de   0x0800b9de   0x0000006e   Code   RO        10470    .text               mf_w.l(fepilogue.o)
    0x0800ba4c   0x0800ba4c   0x00000024   Code   RO        10472    .text               mc_w.l(init.o)
    0x0800ba70   0x0800ba70   0x00000056   Code   RO        10482    .text               mc_w.l(__dczerorl2.o)
    0x0800bac6   0x0800bac6   0x00000002   PAD
    0x0800bac8   0x0800bac8   0x00000104   Code   RO         2816    i.ADC_ConversionStop  stm32h7xx_hal_adc.o
    0x0800bbcc   0x0800bbcc   0x0000008a   Code   RO         2817    i.ADC_DMAConvCplt   stm32h7xx_hal_adc.o
    0x0800bc56   0x0800bc56   0x0000001e   Code   RO         2818    i.ADC_DMAError      stm32h7xx_hal_adc.o
    0x0800bc74   0x0800bc74   0x0000000e   Code   RO         2819    i.ADC_DMAHalfConvCplt  stm32h7xx_hal_adc.o
    0x0800bc82   0x0800bc82   0x00000098   Code   RO         2820    i.ADC_Disable       stm32h7xx_hal_adc.o
    0x0800bd1a   0x0800bd1a   0x00000002   PAD
    0x0800bd1c   0x0800bd1c   0x000000a0   Code   RO         2821    i.ADC_Enable        stm32h7xx_hal_adc.o
    0x0800bdbc   0x0800bdbc   0x000000b8   Code   RO         2332    i.ADC_Init          adc.o
    0x0800be74   0x0800be74   0x00000058   Code   RO         2209    i.ADS1256ReadData   ad.o
    0x0800becc   0x0800becc   0x000000d8   Code   RO         2210    i.ADS1256_Init      ad.o
    0x0800bfa4   0x0800bfa4   0x00000078   Code   RO         2211    i.ADS1256_Read_Byte  ad.o
    0x0800c01c   0x0800c01c   0x00000084   Code   RO         2213    i.ADS1256_Write_Byte  ad.o
    0x0800c0a0   0x0800c0a0   0x00000044   Code   RO         2214    i.ADS1256_Write_Reg  ad.o
    0x0800c0e4   0x0800c0e4   0x00000012   Code   RO         2215    i.ADS_sum           ad.o
    0x0800c0f6   0x0800c0f6   0x00000002   PAD
    0x0800c0f8   0x0800c0f8   0x000000d0   Code   RO         2216    i.AD_GPIO_Init      ad.o
    0x0800c1c8   0x0800c1c8   0x00000020   Code   RO         2217    i.AD_Init           ad.o
    0x0800c1e8   0x0800c1e8   0x0000001c   Code   RO         1224    i.BSP_IO_WritePin   stm32h743i_eval_io.o
    0x0800c204   0x0800c204   0x000001b8   Code   RO         1953    i.BSP_Init          bsp.o
    0x0800c3bc   0x0800c3bc   0x0000004c   Code   RO         1415    i.BSP_LED_On        stm32h743i_eval.o
    0x0800c408   0x0800c408   0x0000008c   Code   RO         1316    i.BSP_SDRAM_Init    stm32h743i_eval_sdram.o
    0x0800c494   0x0800c494   0x00000094   Code   RO         1317    i.BSP_SDRAM_Initialization_sequence  stm32h743i_eval_sdram.o
    0x0800c528   0x0800c528   0x000001d4   Code   RO         1319    i.BSP_SDRAM_MspInit  stm32h743i_eval_sdram.o
    0x0800c6fc   0x0800c6fc   0x00000004   Code   RO          767    i.BusFault_Handler  stm32h7xx_it.o
    0x0800c700   0x0800c700   0x0000000c   Code   RO         1056    i.CPU_CACHE_Enable  main.o
    0x0800c70c   0x0800c70c   0x0000006c   Code   RO         1758    i.CUSTOM_CopyBuffer  lcdconf_stm32h743i_eval.o
    0x0800c778   0x0800c778   0x000000a0   Code   RO         1759    i.CUSTOM_CopyRect   lcdconf_stm32h743i_eval.o
    0x0800c818   0x0800c818   0x00000094   Code   RO         1761    i.CUSTOM_DrawBitmap32bpp  lcdconf_stm32h743i_eval.o
    0x0800c8ac   0x0800c8ac   0x000000b8   Code   RO         1762    i.CUSTOM_FillRect   lcdconf_stm32h743i_eval.o
    0x0800c964   0x0800c964   0x00000060   Code   RO         1763    i.DMA2D_CopyBuffer  lcdconf_stm32h743i_eval.o
    0x0800c9c4   0x0800c9c4   0x0000005c   Code   RO         1764    i.DMA2D_FillBuffer  lcdconf_stm32h743i_eval.o
    0x0800ca20   0x0800ca20   0x00000010   Code   RO          768    i.DMA2_Stream0_IRQHandler  stm32h7xx_it.o
    0x0800ca30   0x0800ca30   0x00000034   Code   RO         3534    i.DMA_CalcBaseAndBitshift  stm32h7xx_hal_dma.o
    0x0800ca64   0x0800ca64   0x00000074   Code   RO         3535    i.DMA_CalcDMAMUXChannelBaseAndMask  stm32h7xx_hal_dma.o
    0x0800cad8   0x0800cad8   0x00000054   Code   RO         3536    i.DMA_CalcDMAMUXRequestGenBaseAndMask  stm32h7xx_hal_dma.o
    0x0800cb2c   0x0800cb2c   0x000000ae   Code   RO         3537    i.DMA_CheckFifoParam  stm32h7xx_hal_dma.o
    0x0800cbda   0x0800cbda   0x00000002   PAD
    0x0800cbdc   0x0800cbdc   0x000000b4   Code   RO         3538    i.DMA_SetConfig     stm32h7xx_hal_dma.o
    0x0800cc90   0x0800cc90   0x00000002   Code   RO          769    i.DebugMon_Handler  stm32h7xx_it.o
    0x0800cc92   0x0800cc92   0x00000002   PAD
    0x0800cc94   0x0800cc94   0x00000178   Code   RO         2468    i.DisplayRunning    lcd.o
    0x0800ce0c   0x0800ce0c   0x00000020   Code   RO         1979    i.Error_Handler     usart.o
    0x0800ce2c   0x0800ce2c   0x00000074   Code   RO         8105    i.FMC_SDRAM_Init    stm32h7xx_ll_fmc.o
    0x0800cea0   0x0800cea0   0x0000000e   Code   RO         8106    i.FMC_SDRAM_ProgramRefreshRate  stm32h7xx_ll_fmc.o
    0x0800ceae   0x0800ceae   0x00000026   Code   RO         8107    i.FMC_SDRAM_SendCommand  stm32h7xx_ll_fmc.o
    0x0800ced4   0x0800ced4   0x0000009c   Code   RO         8109    i.FMC_SDRAM_Timing_Init  stm32h7xx_ll_fmc.o
    0x0800cf70   0x0800cf70   0x00000388   Code   RO         2126    i.FreeRun_Init      fes.o
    0x0800d2f8   0x0800d2f8   0x00000014   Code   RO         1898    i.GUI_X_Config      guiconf_stm32h743i_eval.o
    0x0800d30c   0x0800d30c   0x00000018   Code   RO         1161    i.GUI_X_Delay       gui_x.o
    0x0800d324   0x0800d324   0x00000002   Code   RO         1163    i.GUI_X_ExecIdle    gui_x.o
    0x0800d326   0x0800d326   0x00000002   PAD
    0x0800d328   0x0800d328   0x0000000c   Code   RO         1164    i.GUI_X_GetTime     gui_x.o
    0x0800d334   0x0800d334   0x00000002   Code   RO         1165    i.GUI_X_Init        gui_x.o
    0x0800d336   0x0800d336   0x00000002   PAD
    0x0800d338   0x0800d338   0x000002a4   Code   RO         1057    i.GetAdData         main.o
    0x0800d5dc   0x0800d5dc   0x00000034   Code   RO         1765    i.GetBufferSize     lcdconf_stm32h743i_eval.o
    0x0800d610   0x0800d610   0x000000bc   Code   RO         3006    i.HAL_ADCEx_Calibration_Start  stm32h7xx_hal_adc_ex.o
    0x0800d6cc   0x0800d6cc   0x000006d8   Code   RO         2823    i.HAL_ADC_ConfigChannel  stm32h7xx_hal_adc.o
    0x0800dda4   0x0800dda4   0x00000002   Code   RO         2333    i.HAL_ADC_ConvCpltCallback  adc.o
    0x0800dda6   0x0800dda6   0x00000002   Code   RO         2334    i.HAL_ADC_ConvHalfCpltCallback  adc.o
    0x0800dda8   0x0800dda8   0x000002ec   Code   RO         2826    i.HAL_ADC_DeInit    stm32h7xx_hal_adc.o
    0x0800e094   0x0800e094   0x00000002   Code   RO         2827    i.HAL_ADC_ErrorCallback  stm32h7xx_hal_adc.o
    0x0800e096   0x0800e096   0x00000002   PAD
    0x0800e098   0x0800e098   0x00000358   Code   RO         2832    i.HAL_ADC_Init      stm32h7xx_hal_adc.o
    0x0800e3f0   0x0800e3f0   0x0000003c   Code   RO         2335    i.HAL_ADC_MspDeInit  adc.o
    0x0800e42c   0x0800e42c   0x000000ec   Code   RO         2336    i.HAL_ADC_MspInit   adc.o
    0x0800e518   0x0800e518   0x00000154   Code   RO         2839    i.HAL_ADC_Start_DMA  stm32h7xx_hal_adc.o
    0x0800e66c   0x0800e66c   0x0000009c   Code   RO         3744    i.HAL_DMA2D_Init    stm32h7xx_hal_dma2d.o
    0x0800e708   0x0800e708   0x00000024   Code   RO         1767    i.HAL_DMA2D_MspInit  lcdconf_stm32h743i_eval.o
    0x0800e72c   0x0800e72c   0x000000f8   Code   RO         3540    i.HAL_DMA_Abort_IT  stm32h7xx_hal_dma.o
    0x0800e824   0x0800e824   0x00000120   Code   RO         3541    i.HAL_DMA_DeInit    stm32h7xx_hal_dma.o
    0x0800e944   0x0800e944   0x0000044c   Code   RO         3544    i.HAL_DMA_IRQHandler  stm32h7xx_hal_dma.o
    0x0800ed90   0x0800ed90   0x00000210   Code   RO         3545    i.HAL_DMA_Init      stm32h7xx_hal_dma.o
    0x0800efa0   0x0800efa0   0x00000150   Code   RO         3549    i.HAL_DMA_Start_IT  stm32h7xx_hal_dma.o
    0x0800f0f0   0x0800f0f0   0x00000028   Code   RO         2508    i.HAL_Delay         stm32h7xx_hal.o
    0x0800f118   0x0800f118   0x00000184   Code   RO         4243    i.HAL_GPIO_DeInit   stm32h7xx_hal_gpio.o
    0x0800f29c   0x0800f29c   0x0000024c   Code   RO         4246    i.HAL_GPIO_Init     stm32h7xx_hal_gpio.o
    0x0800f4e8   0x0800f4e8   0x00000010   Code   RO         4248    i.HAL_GPIO_ReadPin  stm32h7xx_hal_gpio.o
    0x0800f4f8   0x0800f4f8   0x0000000a   Code   RO         4250    i.HAL_GPIO_WritePin  stm32h7xx_hal_gpio.o
    0x0800f502   0x0800f502   0x00000002   PAD
    0x0800f504   0x0800f504   0x0000000c   Code   RO         2524    i.HAL_GetTick       stm32h7xx_hal.o
    0x0800f510   0x0800f510   0x00000018   Code   RO         2527    i.HAL_IncTick       stm32h7xx_hal.o
    0x0800f528   0x0800f528   0x0000001c   Code   RO         2528    i.HAL_Init          stm32h7xx_hal.o
    0x0800f544   0x0800f544   0x0000004c   Code   RO         2529    i.HAL_InitTick      stm32h7xx_hal.o
    0x0800f590   0x0800f590   0x000000b4   Code   RO         5017    i.HAL_LTDC_ConfigCLUT  stm32h7xx_hal_ltdc.o
    0x0800f644   0x0800f644   0x00000060   Code   RO         5018    i.HAL_LTDC_ConfigColorKeying  stm32h7xx_hal_ltdc.o
    0x0800f6a4   0x0800f6a4   0x0000005e   Code   RO         5020    i.HAL_LTDC_ConfigLayer  stm32h7xx_hal_ltdc.o
    0x0800f702   0x0800f702   0x0000001e   Code   RO         5022    i.HAL_LTDC_DeInit   stm32h7xx_hal_ltdc.o
    0x0800f720   0x0800f720   0x0000004c   Code   RO         5025    i.HAL_LTDC_DisableColorKeying  stm32h7xx_hal_ltdc.o
    0x0800f76c   0x0800f76c   0x0000004c   Code   RO         5028    i.HAL_LTDC_EnableCLUT  stm32h7xx_hal_ltdc.o
    0x0800f7b8   0x0800f7b8   0x0000004c   Code   RO         5030    i.HAL_LTDC_EnableColorKeying  stm32h7xx_hal_ltdc.o
    0x0800f804   0x0800f804   0x00000044   Code   RO         5032    i.HAL_LTDC_EnableDither  stm32h7xx_hal_ltdc.o
    0x0800f848   0x0800f848   0x00000002   Code   RO         5033    i.HAL_LTDC_ErrorCallback  stm32h7xx_hal_ltdc.o
    0x0800f84a   0x0800f84a   0x0000010c   Code   RO         5036    i.HAL_LTDC_IRQHandler  stm32h7xx_hal_ltdc.o
    0x0800f956   0x0800f956   0x00000002   PAD
    0x0800f958   0x0800f958   0x0000011c   Code   RO         5037    i.HAL_LTDC_Init     stm32h7xx_hal_ltdc.o
    0x0800fa74   0x0800fa74   0x000000a4   Code   RO         1768    i.HAL_LTDC_LineEventCallback  lcdconf_stm32h743i_eval.o
    0x0800fb18   0x0800fb18   0x0000001c   Code   RO         1769    i.HAL_LTDC_MspDeInit  lcdconf_stm32h743i_eval.o
    0x0800fb34   0x0800fb34   0x00000114   Code   RO         1770    i.HAL_LTDC_MspInit  lcdconf_stm32h743i_eval.o
    0x0800fc48   0x0800fc48   0x00000054   Code   RO         5041    i.HAL_LTDC_ProgramLineEvent  stm32h7xx_hal_ltdc.o
    0x0800fc9c   0x0800fc9c   0x00000002   Code   RO         5043    i.HAL_LTDC_ReloadEventCallback  stm32h7xx_hal_ltdc.o
    0x0800fc9e   0x0800fc9e   0x0000005c   Code   RO         5044    i.HAL_LTDC_SetAddress  stm32h7xx_hal_ltdc.o
    0x0800fcfa   0x0800fcfa   0x0000005c   Code   RO         5046    i.HAL_LTDC_SetAlpha  stm32h7xx_hal_ltdc.o
    0x0800fd56   0x0800fd56   0x0000006c   Code   RO         5052    i.HAL_LTDC_SetWindowPosition  stm32h7xx_hal_ltdc.o
    0x0800fdc2   0x0800fdc2   0x0000006e   Code   RO         5299    i.HAL_MDMA_DeInit   stm32h7xx_hal_mdma.o
    0x0800fe30   0x0800fe30   0x0000006c   Code   RO         5304    i.HAL_MDMA_Init     stm32h7xx_hal_mdma.o
    0x0800fe9c   0x0800fe9c   0x0000005c   Code   RO         3239    i.HAL_MPU_ConfigRegion  stm32h7xx_hal_cortex.o
    0x0800fef8   0x0800fef8   0x00000002   Code   RO         2531    i.HAL_MspInit       stm32h7xx_hal.o
    0x0800fefa   0x0800fefa   0x00000020   Code   RO         3242    i.HAL_NVIC_EnableIRQ  stm32h7xx_hal_cortex.o
    0x0800ff1a   0x0800ff1a   0x0000007c   Code   RO         3248    i.HAL_NVIC_SetPriority  stm32h7xx_hal_cortex.o
    0x0800ff96   0x0800ff96   0x00000002   PAD
    0x0800ff98   0x0800ff98   0x00000028   Code   RO         3249    i.HAL_NVIC_SetPriorityGrouping  stm32h7xx_hal_cortex.o
    0x0800ffc0   0x0800ffc0   0x00000038   Code   RO         6106    i.HAL_RCCEx_GetD1SysClockFreq  stm32h7xx_hal_rcc_ex.o
    0x0800fff8   0x0800fff8   0x0000002c   Code   RO         6107    i.HAL_RCCEx_GetD3PCLK1Freq  stm32h7xx_hal_rcc_ex.o
    0x08010024   0x08010024   0x0000022c   Code   RO         6109    i.HAL_RCCEx_GetPLL2ClockFreq  stm32h7xx_hal_rcc_ex.o
    0x08010250   0x08010250   0x0000022c   Code   RO         6110    i.HAL_RCCEx_GetPLL3ClockFreq  stm32h7xx_hal_rcc_ex.o
    0x0801047c   0x0801047c   0x00000c88   Code   RO         6114    i.HAL_RCCEx_PeriphCLKConfig  stm32h7xx_hal_rcc_ex.o
    0x08011104   0x08011104   0x00000250   Code   RO         5997    i.HAL_RCC_ClockConfig  stm32h7xx_hal_rcc.o
    0x08011354   0x08011354   0x00000038   Code   RO         6001    i.HAL_RCC_GetHCLKFreq  stm32h7xx_hal_rcc.o
    0x0801138c   0x0801138c   0x0000002c   Code   RO         6003    i.HAL_RCC_GetPCLK1Freq  stm32h7xx_hal_rcc.o
    0x080113b8   0x080113b8   0x0000002c   Code   RO         6004    i.HAL_RCC_GetPCLK2Freq  stm32h7xx_hal_rcc.o
    0x080113e4   0x080113e4   0x00000244   Code   RO         6005    i.HAL_RCC_GetSysClockFreq  stm32h7xx_hal_rcc.o
    0x08011628   0x08011628   0x000000bc   Code   RO         6006    i.HAL_RCC_MCOConfig  stm32h7xx_hal_rcc.o
    0x080116e4   0x080116e4   0x000006c4   Code   RO         6008    i.HAL_RCC_OscConfig  stm32h7xx_hal_rcc.o
    0x08011da8   0x08011da8   0x00000050   Code   RO         6408    i.HAL_SDRAM_Init    stm32h7xx_hal_sdram.o
    0x08011df8   0x08011df8   0x00000002   Code   RO         6410    i.HAL_SDRAM_MspInit  stm32h7xx_hal_sdram.o
    0x08011dfa   0x08011dfa   0x00000028   Code   RO         6411    i.HAL_SDRAM_ProgramRefreshRate  stm32h7xx_hal_sdram.o
    0x08011e22   0x08011e22   0x0000003a   Code   RO         6417    i.HAL_SDRAM_SendCommand  stm32h7xx_hal_sdram.o
    0x08011e5c   0x08011e5c   0x00000028   Code   RO         3251    i.HAL_SYSTICK_CLKSourceConfig  stm32h7xx_hal_cortex.o
    0x08011e84   0x08011e84   0x00000034   Code   RO         3253    i.HAL_SYSTICK_Config  stm32h7xx_hal_cortex.o
    0x08011eb8   0x08011eb8   0x00000002   Code   RO         7377    i.HAL_TIMEx_BreakCallback  stm32h7xx_hal_tim_ex.o
    0x08011eba   0x08011eba   0x00000002   Code   RO         7378    i.HAL_TIMEx_CommutationCallback  stm32h7xx_hal_tim_ex.o
    0x08011ebc   0x08011ebc   0x00000034   Code   RO         6722    i.HAL_TIM_Base_Init  stm32h7xx_hal_tim.o
    0x08011ef0   0x08011ef0   0x000000b8   Code   RO         2389    i.HAL_TIM_Base_MspInit  timer.o
    0x08011fa8   0x08011fa8   0x0000001e   Code   RO         6727    i.HAL_TIM_Base_Start_IT  stm32h7xx_hal_tim.o
    0x08011fc6   0x08011fc6   0x00000002   Code   RO         6751    i.HAL_TIM_IC_CaptureCallback  stm32h7xx_hal_tim.o
    0x08011fc8   0x08011fc8   0x000001b8   Code   RO         6764    i.HAL_TIM_IRQHandler  stm32h7xx_hal_tim.o
    0x08012180   0x08012180   0x00000002   Code   RO         6767    i.HAL_TIM_OC_DelayElapsedCallback  stm32h7xx_hal_tim.o
    0x08012182   0x08012182   0x00000002   Code   RO         6794    i.HAL_TIM_PWM_PulseFinishedCallback  stm32h7xx_hal_tim.o
    0x08012184   0x08012184   0x00000040   Code   RO         2390    i.HAL_TIM_PeriodElapsedCallback  timer.o
    0x080121c4   0x080121c4   0x00000002   Code   RO         6805    i.HAL_TIM_TriggerCallback  stm32h7xx_hal_tim.o
    0x080121c6   0x080121c6   0x00000002   Code   RO         7994    i.HAL_UARTEx_WakeupCallback  stm32h7xx_hal_uart_ex.o
    0x080121c8   0x080121c8   0x0000000c   Code   RO         1058    i.HAL_UART_ErrorCallback  main.o
    0x080121d4   0x080121d4   0x000001bc   Code   RO         7661    i.HAL_UART_IRQHandler  stm32h7xx_hal_uart.o
    0x08012390   0x08012390   0x00000078   Code   RO         7662    i.HAL_UART_Init     stm32h7xx_hal_uart.o
    0x08012408   0x08012408   0x000002fc   Code   RO         1981    i.HAL_UART_MspInit  usart.o
    0x08012704   0x08012704   0x000000e0   Code   RO         7667    i.HAL_UART_Receive_IT  stm32h7xx_hal_uart.o
    0x080127e4   0x080127e4   0x0000043a   Code   RO         1982    i.HAL_UART_RxCpltCallback  usart.o
    0x08012c1e   0x08012c1e   0x000000c6   Code   RO         7670    i.HAL_UART_Transmit  stm32h7xx_hal_uart.o
    0x08012ce4   0x08012ce4   0x0000000c   Code   RO         1059    i.HAL_UART_TxCpltCallback  main.o
    0x08012cf0   0x08012cf0   0x00000004   Code   RO          770    i.HardFault_Handler  stm32h7xx_it.o
    0x08012cf4   0x08012cf4   0x0000002c   Code   RO         2469    i.LCDFontInit       lcd.o
    0x08012d20   0x08012d20   0x0000000c   Code   RO         1771    i.LCD_LL_GetPixelformat  lcdconf_stm32h743i_eval.o
    0x08012d2c   0x08012d2c   0x000000c4   Code   RO         1772    i.LCD_LL_Init       lcdconf_stm32h743i_eval.o
    0x08012df0   0x08012df0   0x00000084   Code   RO         1773    i.LCD_LL_LayerInit  lcdconf_stm32h743i_eval.o
    0x08012e74   0x08012e74   0x0000010c   Code   RO         1774    i.LCD_X_Config      lcdconf_stm32h743i_eval.o
    0x08012f80   0x08012f80   0x0000018c   Code   RO         1775    i.LCD_X_DisplayDriver  lcdconf_stm32h743i_eval.o
    0x0801310c   0x0801310c   0x00000010   Code   RO          771    i.LTDC_IRQHandler   stm32h7xx_it.o
    0x0801311c   0x0801311c   0x00000212   Code   RO         5056    i.LTDC_SetConfig    stm32h7xx_hal_ltdc.o
    0x0801332e   0x0801332e   0x00000002   PAD
    0x08013330   0x08013330   0x000000f0   Code   RO         5315    i.MDMA_Init         stm32h7xx_hal_mdma.o
    0x08013420   0x08013420   0x00000088   Code   RO         1060    i.MPU_Config        main.o
    0x080134a8   0x080134a8   0x00000234   Code   RO         1061    i.MainLoop          main.o
    0x080136dc   0x080136dc   0x00000054   Code   RO         1062    i.MeanFilter        main.o
    0x08013730   0x08013730   0x00000004   Code   RO          772    i.MemManage_Handler  stm32h7xx_it.o
    0x08013734   0x08013734   0x00000002   Code   RO          773    i.NMI_Handler       stm32h7xx_it.o
    0x08013736   0x08013736   0x00000002   Code   RO          774    i.PendSV_Handler    stm32h7xx_it.o
    0x08013738   0x08013738   0x000000f8   Code   RO         6117    i.RCCEx_PLL2_Config  stm32h7xx_hal_rcc_ex.o
    0x08013830   0x08013830   0x000000f8   Code   RO         6118    i.RCCEx_PLL3_Config  stm32h7xx_hal_rcc_ex.o
    0x08013928   0x08013928   0x0000009c   Code   RO         1063    i.SCB_EnableDCache  main.o
    0x080139c4   0x080139c4   0x0000007c   Code   RO         1064    i.SCB_EnableICache  main.o
    0x08013a40   0x08013a40   0x00000018   Code   RO          775    i.SysTick_Handler   stm32h7xx_it.o
    0x08013a58   0x08013a58   0x000000ec   Code   RO         1065    i.SystemClock_Config  main.o
    0x08013b44   0x08013b44   0x00000094   Code   RO         1917    i.SystemInit        system_stm32h7xx.o
    0x08013bd8   0x08013bd8   0x00000010   Code   RO         2391    i.TIM3_IRQHandler   timer.o
    0x08013be8   0x08013be8   0x0000002c   Code   RO         2392    i.TIM3_Init         timer.o
    0x08013c14   0x08013c14   0x00000010   Code   RO         2393    i.TIM4_IRQHandler   timer.o
    0x08013c24   0x08013c24   0x0000002c   Code   RO         2394    i.TIM4_Init         timer.o
    0x08013c50   0x08013c50   0x00000010   Code   RO         2395    i.TIM5_IRQHandler   timer.o
    0x08013c60   0x08013c60   0x0000002c   Code   RO         2396    i.TIM5_Init         timer.o
    0x08013c8c   0x08013c8c   0x000000cc   Code   RO         6806    i.TIM_Base_SetConfig  stm32h7xx_hal_tim.o
    0x08013d58   0x08013d58   0x000001d0   Code   RO         2300    i.TransferData2PC   pc_interface.o
    0x08013f28   0x08013f28   0x00000010   Code   RO          776    i.UART4_IRQHandler  stm32h7xx_it.o
    0x08013f38   0x08013f38   0x0000004c   Code   RO         1984    i.UART4_Init        usart.o
    0x08013f84   0x08013f84   0x00000010   Code   RO          777    i.UART5_IRQHandler  stm32h7xx_it.o
    0x08013f94   0x08013f94   0x0000004c   Code   RO         1985    i.UART5_Init        usart.o
    0x08013fe0   0x08013fe0   0x00000010   Code   RO          778    i.UART7_IRQHandler  stm32h7xx_it.o
    0x08013ff0   0x08013ff0   0x0000004c   Code   RO         1986    i.UART7_Init        usart.o
    0x0801403c   0x0801403c   0x00000010   Code   RO          779    i.UART8_IRQHandler  stm32h7xx_it.o
    0x0801404c   0x0801404c   0x0000004c   Code   RO         1987    i.UART8_Init        usart.o
    0x08014098   0x08014098   0x000000ea   Code   RO         7675    i.UART_AdvFeatureConfig  stm32h7xx_hal_uart.o
    0x08014182   0x08014182   0x00000074   Code   RO         7676    i.UART_CheckIdleState  stm32h7xx_hal_uart.o
    0x080141f6   0x080141f6   0x00000018   Code   RO         7677    i.UART_DMAAbortOnError  stm32h7xx_hal_uart.o
    0x0801420e   0x0801420e   0x00000020   Code   RO         7687    i.UART_EndRxTransfer  stm32h7xx_hal_uart.o
    0x0801422e   0x0801422e   0x00000020   Code   RO         7688    i.UART_EndTransmit_IT  stm32h7xx_hal_uart.o
    0x0801424e   0x0801424e   0x0000008a   Code   RO         7690    i.UART_Receive_IT   stm32h7xx_hal_uart.o
    0x080142d8   0x080142d8   0x000009a4   Code   RO         7691    i.UART_SetConfig    stm32h7xx_hal_uart.o
    0x08014c7c   0x08014c7c   0x00000082   Code   RO         7692    i.UART_Transmit_IT  stm32h7xx_hal_uart.o
    0x08014cfe   0x08014cfe   0x0000006c   Code   RO         7693    i.UART_WaitOnFlagUntilTimeout  stm32h7xx_hal_uart.o
    0x08014d6a   0x08014d6a   0x00000002   PAD
    0x08014d6c   0x08014d6c   0x00000010   Code   RO          780    i.USART1_IRQHandler  stm32h7xx_it.o
    0x08014d7c   0x08014d7c   0x0000004c   Code   RO         1988    i.USART1_Init       usart.o
    0x08014dc8   0x08014dc8   0x00000010   Code   RO          781    i.USART2_IRQHandler  stm32h7xx_it.o
    0x08014dd8   0x08014dd8   0x00000010   Code   RO          782    i.USART3_IRQHandler  stm32h7xx_it.o
    0x08014de8   0x08014de8   0x0000004c   Code   RO         1990    i.USART3_Init       usart.o
    0x08014e34   0x08014e34   0x00000010   Code   RO          783    i.USART6_IRQHandler  stm32h7xx_it.o
    0x08014e44   0x08014e44   0x00000004   Code   RO          784    i.UsageFault_Handler  stm32h7xx_it.o
    0x08014e48   0x08014e48   0x00000030   Code   RO        10439    i.__ARM_fpclassify  m_wv.l(fpclassify.o)
    0x08014e78   0x08014e78   0x00000010   Code   RO         3255    i.__NVIC_GetPriorityGrouping  stm32h7xx_hal_cortex.o
    0x08014e88   0x08014e88   0x00000028   Code   RO         3256    i.__NVIC_SetPriority  stm32h7xx_hal_cortex.o
    0x08014eb0   0x08014eb0   0x000000f0   Code   RO        10368    i.__hardfp_ceil     m_wv.l(ceil.o)
    0x08014fa0   0x08014fa0   0x00000268   Code   RO        10374    i.__hardfp_exp      m_wv.l(exp.o)
    0x08015208   0x08015208   0x000000f0   Code   RO        10388    i.__hardfp_floor    m_wv.l(floor.o)
    0x080152f8   0x080152f8   0x00000070   Code   RO        10441    i.__kernel_poly     m_wv.l(poly.o)
    0x08015368   0x08015368   0x00000006   Code   RO        10426    i.__mathlib_dbl_infnan  m_wv.l(dunder.o)
    0x0801536e   0x0801536e   0x00000002   PAD
    0x08015370   0x08015370   0x00000018   Code   RO        10429    i.__mathlib_dbl_overflow  m_wv.l(dunder.o)
    0x08015388   0x08015388   0x00000018   Code   RO        10431    i.__mathlib_dbl_underflow  m_wv.l(dunder.o)
    0x080153a0   0x080153a0   0x0000000e   Code   RO        10476    i.__scatterload_copy  mc_w.l(handlers.o)
    0x080153ae   0x080153ae   0x00000002   Code   RO        10477    i.__scatterload_null  mc_w.l(handlers.o)
    0x080153b0   0x080153b0   0x0000000e   Code   RO        10478    i.__scatterload_zeroinit  mc_w.l(handlers.o)
    0x080153be   0x080153be   0x00000002   PAD
    0x080153c0   0x080153c0   0x0000000c   Code   RO        10464    i.__set_errno       mc_w.l(errno.o)
    0x080153cc   0x080153cc   0x00000010   Code   RO        10370    i.ceil              m_wv.l(ceil.o)
    0x080153dc   0x080153dc   0x0000001a   Code   RO         2218    i.delayad           ad.o
    0x080153f6   0x080153f6   0x00000010   Code   RO         2219    i.delayad_nopar     ad.o
    0x08015406   0x08015406   0x00000002   PAD
    0x08015408   0x08015408   0x00000f7c   Code   RO         1066    i.display           main.o
    0x08016384   0x08016384   0x00000010   Code   RO        10390    i.floor             m_wv.l(floor.o)
    0x08016394   0x08016394   0x00000078   Code   RO         1067    i.main              main.o
    0x0801640c   0x0801640c   0x000004bc   Code   RO         2127    i.merge_stimulate_parameter  fes.o
    0x080168c8   0x080168c8   0x000000f8   Code   RO         2128    i.merge_stimulate_parameter_freerun  fes.o
    0x080169c0   0x080169c0   0x00000190   Code   RO         2129    i.stim_search       fes.o
    0x08016b50   0x08016b50   0x000001c0   Code   RO         2130    i.stim_start        fes.o
    0x08016d10   0x08016d10   0x00000130   Code   RO         2131    i.stim_stop         fes.o
    0x08016e40   0x08016e40   0x00000090   Code   RO         2132    i.stimulate         fes.o
    0x08016ed0   0x08016ed0   0x00000028   Code   RO         2133    i.stimulateFreeRun  fes.o
    0x08016ef8   0x08016ef8   0x0000003c   Data   RO         1459    .constdata          stm32h743i_eval.o
    0x08016f34   0x08016f34   0x00000028   Data   RO         1918    .constdata          system_stm32h7xx.o
    0x08016f5c   0x08016f5c   0x00000020   Data   RO         3551    .constdata          stm32h7xx_hal_dma.o
    0x08016f7c   0x08016f7c   0x00000018   Data   RO         7694    .constdata          stm32h7xx_hal_uart.o
    0x08016f94   0x08016f94   0x00000004   PAD
    0x08016f98   0x08016f98   0x00000058   Data   RO        10377    .constdata          m_wv.l(exp.o)
    0x08016ff0   0x08016ff0   0x00001e30   Data   RO         8240    .rodata             STemWin540_CM7_IAR_ARGB.a(F32_1.o)
    0x08018e20   0x08018e20   0x00000018   Data   RO         8565    .rodata             STemWin540_CM7_IAR_ARGB.a(GUICC_M565.o)
    0x08018e38   0x08018e38   0x00000034   Data   RO         8579    .rodata             STemWin540_CM7_IAR_ARGB.a(GUIDRV_Lin_16.o)
    0x08018e6c   0x08018e6c   0x0000000c   Data   RO         8659    .rodata             STemWin540_CM7_IAR_ARGB.a(LCD.o)
    0x08018e78   0x08018e78   0x00001c48   Data   RO         8824    .rodata             STemWin540_CM7_IAR_ARGB.a(F32_ASCII.o)
    0x0801aac0   0x0801aac0   0x0000073c   Data   RO         8829    .rodata             STemWin540_CM7_IAR_ARGB.a(F6x8.o)
    0x0801b1fc   0x0801b1fc   0x00000370   Data   RO         8834    .rodata             STemWin540_CM7_IAR_ARGB.a(GUI__DivTbl.o)
    0x0801b56c   0x0801b56c   0x00000100   Data   RO         9127    .rodata             STemWin540_CM7_IAR_ARGB.a(LCD_Mirror.o)
    0x0801b66c   0x0801b66c   0x00000018   Data   RO         9465    .rodata             STemWin540_CM7_IAR_ARGB.a(GUICC_0.o)
    0x0801b684   0x0801b684   0x00000018   Data   RO         9870    .rodata             STemWin540_CM7_IAR_ARGB.a(GUICC_M8888I.o)
    0x0801b69c   0x0801b69c   0x00000020   Data   RO        10474    Region$$Table       anon$$obj.o


    Execution Region RW_IRAM2 (Exec base: 0x24000000, Load base: 0x0801b6bc, Size: 0x0004d000, Max: 0x00080000, ABSOLUTE, COMPRESSED[0x00000094])

    Exec Addr    Load Addr    Size         Type   Attr      Idx    E Section Name        Object

    0x24000000   COMPRESSED   0x00000010   Data   RW         1070    .data               main.o
    0x24000010   COMPRESSED   0x00000004   Data   RW         1168    .data               gui_x.o
    0x24000014   COMPRESSED   0x00000005   Data   RW         1226    .data               stm32h743i_eval_io.o
    0x24000019   COMPRESSED   0x00000002   Data   RW         1327    .data               stm32h743i_eval_sdram.o
    0x2400001b   COMPRESSED   0x00000001   PAD
    0x2400001c   COMPRESSED   0x00000004   Data   RW         1778    .data               lcdconf_stm32h743i_eval.o
    0x24000020   COMPRESSED   0x00000008   Data   RW         1919    .data               system_stm32h7xx.o
    0x24000028   COMPRESSED   0x00000040   Data   RW         1996    .data               usart.o
    0x24000068   COMPRESSED   0x00000014   Data   RW         2136    .data               fes.o
    0x2400007c   COMPRESSED   0x00000008   Data   RW         2339    .data               adc.o
    0x24000084   COMPRESSED   0x00000004   Data   RW         2471    .data               lcd.o
    0x24000088   COMPRESSED   0x00000009   Data   RW         2551    .data               stm32h7xx_hal.o
    0x24000091   COMPRESSED   0x00000003   PAD
    0x24000094   COMPRESSED   0x00000008   Data   RW         8296    .data               STemWin540_CM7_IAR_ARGB.a(GUI_Common.o)
    0x2400009c   COMPRESSED   0x00000080   Data   RW         8407    .data               STemWin540_CM7_IAR_ARGB.a(GUI_Core.o)
    0x2400011c   COMPRESSED   0x0000001c   Data   RW         8408    .data               STemWin540_CM7_IAR_ARGB.a(GUI_Core.o)
    0x24000138   COMPRESSED   0x00000004   Data   RW         8409    .data               STemWin540_CM7_IAR_ARGB.a(GUI_Core.o)
    0x2400013c   COMPRESSED   0x00000004   Data   RW         8660    .data               STemWin540_CM7_IAR_ARGB.a(LCD.o)
    0x24000140   COMPRESSED   0x00000004   Data   RW         8841    .data               STemWin540_CM7_IAR_ARGB.a(GUI__Private.o)
    0x24000144   COMPRESSED   0x00000004   Data   RW         8842    .data               STemWin540_CM7_IAR_ARGB.a(GUI__Private.o)
    0x24000148   COMPRESSED   0x00000008   Data   RW         8889    .data               STemWin540_CM7_IAR_ARGB.a(GUI__Wrap.o)
    0x24000150   COMPRESSED   0x00000004   Data   RW         8919    .data               STemWin540_CM7_IAR_ARGB.a(GUI_CharLine.o)
    0x24000154   COMPRESSED   0x00000010   Data   RW         8956    .data               STemWin540_CM7_IAR_ARGB.a(GUI_OnKey.o)
    0x24000164   COMPRESSED   0x00000004   Data   RW         9018    .data               STemWin540_CM7_IAR_ARGB.a(GUI_WaitEvent.o)
    0x24000168   COMPRESSED   0x00000014   Data   RW         9093    .data               STemWin540_CM7_IAR_ARGB.a(LCD_Color.o)
    0x2400017c   COMPRESSED   0x00000008   Data   RW         9364    .data               STemWin540_CM7_IAR_ARGB.a(GUI__Alpha.o)
    0x24000184   COMPRESSED   0x00000004   Data   RW         9365    .data               STemWin540_CM7_IAR_ARGB.a(GUI__Alpha.o)
    0x24000188   COMPRESSED   0x00000014   Data   RW         9669    .data               STemWin540_CM7_IAR_ARGB.a(WM_Touch.o)
    0x2400019c   COMPRESSED   0x0000001c   Data   RW         9775    .data               STemWin540_CM7_IAR_ARGB.a(GUI_SetAlpha.o)
    0x240001b8   COMPRESSED   0x00000004   Data   RW         9857    .data               STemWin540_CM7_IAR_ARGB.a(GUI_Time.o)
    0x240001bc   COMPRESSED   0x00000014   Data   RW        10328    .data               STemWin540_CM7_IAR_ARGB.a(LCD_AA.o)
    0x240001d0   COMPRESSED   0x00000004   Data   RW        10329    .data               STemWin540_CM7_IAR_ARGB.a(LCD_AA.o)
    0x240001d4   COMPRESSED   0x00000004   Data   RW        10465    .data               mc_w.l(errno.o)
    0x240001d8        -       0x00000210   Zero   RW         1068    .bss                main.o
    0x240003e8        -       0x00000138   Zero   RW         1325    .bss                stm32h743i_eval_sdram.o
    0x24000520        -       0x000001e0   Zero   RW         1776    .bss                lcdconf_stm32h743i_eval.o
    0x24000700        -       0x000004b4   Zero   RW         1994    .bss                usart.o
    0x24000bb4        -       0x0000009c   Zero   RW         2134    .bss                fes.o
    0x24000c50        -       0x000000b0   Zero   RW         2220    .bss                ad.o
    0x24000d00        -       0x0000000f   Zero   RW         2301    .bss                pc_interface.o
    0x24000d0f   COMPRESSED   0x00000001   PAD
    0x24000d10        -       0x000000f8   Zero   RW         2337    .bss                adc.o
    0x24000e08        -       0x000000c0   Zero   RW         2397    .bss                timer.o
    0x24000ec8        -       0x000000c0   Zero   RW         8245    .bss                STemWin540_CM7_IAR_ARGB.a(GUI_Alloc.o)
    0x24000f88        -       0x0000000c   Zero   RW         8246    .bss                STemWin540_CM7_IAR_ARGB.a(GUI_Alloc.o)
    0x24000f94        -       0x00000004   Zero   RW         8297    .bss                STemWin540_CM7_IAR_ARGB.a(GUI_Common.o)
    0x24000f98        -       0x00000004   Zero   RW         8298    .bss                STemWin540_CM7_IAR_ARGB.a(GUI_Common.o)
    0x24000f9c        -       0x00000004   Zero   RW         8398    .bss                STemWin540_CM7_IAR_ARGB.a(GUI_Core.o)
    0x24000fa0        -       0x00000004   Zero   RW         8399    .bss                STemWin540_CM7_IAR_ARGB.a(GUI_Core.o)
    0x24000fa4        -       0x00000004   Zero   RW         8401    .bss                STemWin540_CM7_IAR_ARGB.a(GUI_Core.o)
    0x24000fa8        -       0x00000004   Zero   RW         8402    .bss                STemWin540_CM7_IAR_ARGB.a(GUI_Core.o)
    0x24000fac        -       0x00000004   Zero   RW         8403    .bss                STemWin540_CM7_IAR_ARGB.a(GUI_Core.o)
    0x24000fb0        -       0x00000004   Zero   RW         8404    .bss                STemWin540_CM7_IAR_ARGB.a(GUI_Core.o)
    0x24000fb4        -       0x00000004   Zero   RW         8405    .bss                STemWin540_CM7_IAR_ARGB.a(GUI_Core.o)
    0x24000fb8        -       0x00000002   Zero   RW         8406    .bss                STemWin540_CM7_IAR_ARGB.a(GUI_Core.o)
    0x24000fba   COMPRESSED   0x00000002   PAD
    0x24000fbc        -       0x00000014   Zero   RW         8411    .bss                STemWin540_CM7_IAR_ARGB.a(GUI_Core.o)
    0x24000fd0        -       0x00000001   Zero   RW         8412    .bss                STemWin540_CM7_IAR_ARGB.a(GUI_Core.o)
    0x24000fd1   COMPRESSED   0x00000003   PAD
    0x24000fd4        -       0x00000004   Zero   RW         8413    .bss                STemWin540_CM7_IAR_ARGB.a(GUI_Core.o)
    0x24000fd8        -       0x00000004   Zero   RW         8414    .bss                STemWin540_CM7_IAR_ARGB.a(GUI_Core.o)
    0x24000fdc        -       0x00000002   Zero   RW         8415    .bss                STemWin540_CM7_IAR_ARGB.a(GUI_Core.o)
    0x24000fde        -       0x00000002   Zero   RW         8416    .bss                STemWin540_CM7_IAR_ARGB.a(GUI_Core.o)
    0x24000fe0        -       0x00000008   Zero   RW         8418    .bss                STemWin540_CM7_IAR_ARGB.a(GUI_Core.o)
    0x24000fe8        -       0x00000020   Zero   RW         8489    .bss                STemWin540_CM7_IAR_ARGB.a(GUI_MULTIBUF.o)
    0x24001008        -       0x00000004   Zero   RW         8490    .bss                STemWin540_CM7_IAR_ARGB.a(GUI_MULTIBUF.o)
    0x2400100c        -       0x00000008   Zero   RW         8492    .bss                STemWin540_CM7_IAR_ARGB.a(GUI_MULTIBUF.o)
    0x24001014        -       0x00000008   Zero   RW         8520    .bss                STemWin540_CM7_IAR_ARGB.a(GUI_SelectLayer.o)
    0x2400101c        -       0x00000008   Zero   RW         8563    .bss                STemWin540_CM7_IAR_ARGB.a(GUICC_M565.o)
    0x24001024        -       0x00000008   Zero   RW         8725    .bss                STemWin540_CM7_IAR_ARGB.a(LCD_GetEx.o)
    0x2400102c        -       0x00000008   Zero   RW         8887    .bss                STemWin540_CM7_IAR_ARGB.a(GUI__Wrap.o)
    0x24001034        -       0x00000058   Zero   RW         8955    .bss                STemWin540_CM7_IAR_ARGB.a(GUI_OnKey.o)
    0x2400108c        -       0x00000004   Zero   RW         9017    .bss                STemWin540_CM7_IAR_ARGB.a(GUI_WaitEvent.o)
    0x24001090        -       0x00000004   Zero   RW         9019    .bss                STemWin540_CM7_IAR_ARGB.a(GUI_WaitEvent.o)
    0x24001094        -       0x00000004   Zero   RW         9033    .bss                STemWin540_CM7_IAR_ARGB.a(GUIDEV_16.o)
    0x24001098        -       0x0000007c   Zero   RW         9146    .bss                STemWin540_CM7_IAR_ARGB.a(WM.o)
    0x24001114        -       0x00000004   Zero   RW         9148    .bss                STemWin540_CM7_IAR_ARGB.a(WM.o)
    0x24001118        -       0x0000001c   Zero   RW         9367    .bss                STemWin540_CM7_IAR_ARGB.a(GUI__Alpha.o)
    0x24001134        -       0x00000008   Zero   RW         9368    .bss                STemWin540_CM7_IAR_ARGB.a(GUI__Alpha.o)
    0x2400113c        -       0x00000010   Zero   RW         9394    .bss                STemWin540_CM7_IAR_ARGB.a(GUI__ManageCache.o)
    0x2400114c        -       0x00000008   Zero   RW         9395    .bss                STemWin540_CM7_IAR_ARGB.a(GUI__ManageCache.o)
    0x24001154        -       0x00000014   Zero   RW         9430    .bss                STemWin540_CM7_IAR_ARGB.a(GUI_Timer.o)
    0x24001168        -       0x00000004   Zero   RW         9498    .bss                STemWin540_CM7_IAR_ARGB.a(GUIDEV_Banding.o)
    0x2400116c        -       0x00000001   Zero   RW         9509    .bss                STemWin540_CM7_IAR_ARGB.a(GUIDEV_StaticDevices.o)
    0x2400116d   COMPRESSED   0x00000003   PAD
    0x24001170        -       0x00000004   Zero   RW         9601    .bss                STemWin540_CM7_IAR_ARGB.a(WM__Private.o)
    0x24001174        -       0x00000040   Zero   RW         9668    .bss                STemWin540_CM7_IAR_ARGB.a(WM_Touch.o)
    0x240011b4   COMPRESSED   0x00000004   PAD
    0x240011b8        -       0x00004000   Zero   RW            1    STACK               startup_stm32h743xx.o
    0x240051b8   COMPRESSED   0x0001ae48   PAD
    0x24020000        -       0x0002d000   Zero   RW         1899    .ARM.__AT_0x24020000  guiconf_stm32h743i_eval.o


==============================================================================

Image component sizes


      Code (inc. data)   RO Data    RW Data    ZI Data      Debug   Object Name

       924         58          0          0        176       7494   ad.o
       484         44          0          8        248       4221   adc.o
         0          0          0          0          0      49881   basic_helloworld.o
       440         34          0          0          0       1387   bsp.o
      3700        372          0         20        156       8498   fes.o
        40         10          0          4          0       2560   gui_x.o
        20          6          0          0     184320       1365   guiconf_stm32h743i_eval.o
       420        216          0          4          0       1239   lcd.o
      2348        166          0          4        480      15435   lcdconf_stm32h743i_eval.o
      6096       1266          0         16        528      53971   main.o
         0          0          0          0          0       4516   mfxstm32l152.o
       464         26          0          0         15       1517   pc_interface.o
        36          8        664          0      16384        904   startup_stm32h743xx.o
        76         14         60          0          0       2407   stm32h743i_eval.o
        28          6          0          5          0      10382   stm32h743i_eval_io.o
       756         62          0          2        312       4936   stm32h743i_eval_sdram.o
       182         30          0          9          0       4784   stm32h7xx_hal.o
      4452        142          0          0          0      11439   stm32h7xx_hal_adc.o
       188          0          0          0          0       1706   stm32h7xx_hal_adc_ex.o
       436         26          0          0          0      41596   stm32h7xx_hal_cortex.o
      3106        124         32          0          0      10739   stm32h7xx_hal_dma.o
       156          0          0          0          0       2417   stm32h7xx_hal_dma2d.o
      1002        104          0          0          0       4193   stm32h7xx_hal_gpio.o
      2158         18          0          0          0      13950   stm32h7xx_hal_ltdc.o
       458          4          0          0          0       2714   stm32h7xx_hal_mdma.o
      3236        100          0          0          0       7100   stm32h7xx_hal_rcc.o
      4916        122          0          0          0       7595   stm32h7xx_hal_rcc_ex.o
       180          4          0          0          0       3452   stm32h7xx_hal_sdram.o
       734         32          0          0          0       6031   stm32h7xx_hal_tim.o
         4          0          0          0          0       1790   stm32h7xx_hal_tim_ex.o
      4268        140         24          0          0      12465   stm32h7xx_hal_uart.o
         2          0          0          0          0       1004   stm32h7xx_hal_uart_ex.o
       206         64          0          0          0    1299532   stm32h7xx_it.o
       324          4          0          0          0       3544   stm32h7xx_ll_fmc.o
       148         18         40          8          0       1474   system_stm32h7xx.o
       428         70          0          0        192       6054   timer.o
      2334        254          0         64       1204       8731   usart.o

    ----------------------------------------------------------------------
     44776       3544        856        148     314168    1623023   Object Totals
         0          0         32          0          0          0   (incl. Generated)
        26          0          4          4     110153          0   (incl. Padding)

    ----------------------------------------------------------------------

      Code (inc. data)   RO Data    RW Data    ZI Data      Debug   Library Member Name

         0          0       7728          0          0          0   F32_1.o
         0          0       7240          0          0          0   F32_ASCII.o
         0          0       1852          0          0          0   F6x8.o
       232          4         24          0          0        582   GUICC_0.o
       248         20         24          0          8        688   GUICC_M565.o
        42          0         24          0          0        554   GUICC_M8888I.o
         2          0          0          0          0        108   GUICC_M8888I_Index2Color.o
         6          0          0          0          0        108   GUICC_M888_Index2Color.o
       844         16          0          0          0       1329   GUIDEV.o
      2456        140          0          0          4       4123   GUIDEV_16.o
      2416        140          0          0          0       3950   GUIDEV_32.o
       344         12          0          0          4        352   GUIDEV_Banding.o
        60          4          0          0          0        115   GUIDEV_Clear.o
        60          8          0          0          0        238   GUIDEV_CreateFixed.o
        28          0          0          0          0        118   GUIDEV_GetDataPtr.o
        76          4          0          0          0        345   GUIDEV_GetPos.o
        40          4          0          0          0        118   GUIDEV_GetXSize.o
        40          4          0          0          0        118   GUIDEV_GetYSize.o
        48          4          0          0          0        118   GUIDEV_ReduceYSize.o
       104          4          0          0          0        120   GUIDEV_SetOrg.o
      1276         32          0          0          1       1559   GUIDEV_StaticDevices.o
       110          4          0          0          0        358   GUIDEV_Usage.o
       428         24          0          0          0        687   GUIDEV_UsageBM.o
       176          4          0          0          0        569   GUIDEV_Write.o
       704         24          0          0          0        866   GUIDEV_WriteToActiveAlpha.o
      1564         16          0          0          0       2101   GUIDEV_WriteToActiveOpaque.o
      3092        212         52          0          0       6233   GUIDRV_Lin_16.o
      1804         16          0          0        204       4433   GUI_Alloc.o
       156         12          0          0          0        780   GUI_Char.o
       468         20          0          4          0        702   GUI_CharLine.o
       368          4          0          0          0        678   GUI_CharM.o
       300          4          0          0          0        580   GUI_CharP.o
      2320        136          0          8          8       9847   GUI_Common.o
       764         76          0        160         71       2564   GUI_Core.o
       386         12          0          0          0       1012   GUI_Device.o
       164          4          0          0          0        452   GUI_DispChar.o
      1108          4          0          0          0       1450   GUI_DispString.o
       492         32          0          0         44       1912   GUI_MULTIBUF.o
       212          8          0         16         88       1134   GUI_OnKey.o
       148         12          0          0          8       1001   GUI_SelectLayer.o
      2912        116          0         28          0       6395   GUI_SetAlpha.o
        64          4          0          4          0        441   GUI_Time.o
       920         16          0          0         20       2454   GUI_Timer.o
       170          4          0          0          0        915   GUI_UC.o
        48         20          0          0          0        540   GUI_UC_EncodeNone.o
       214          0          0          0          0       1054   GUI_Val.o
       580         20          0          0          0       1599   GUI_Valf.o
       100         12          0          4          8        679   GUI_WaitEvent.o
       884         40          0         12         36       1601   GUI__Alpha.o
       630          0          0          0          0        574   GUI__CompactPixelIndices.o
         0          0        880          0          0          0   GUI__DivTbl.o
       498          8          0          0          0        246   GUI__ExpandPixelIndices.o
       268         16          0          0         24        789   GUI__ManageCache.o
      1172         20          0          8          0       2515   GUI__Private.o
       672        388          0          0          0        465   GUI__SinHQ.o
       416          8          0          8          8        984   GUI__Wrap.o
      1520         20         12          4          0       4303   LCD.o
       808         44          0         24          0       2368   LCD_AA.o
       300         20          0         20          0       1022   LCD_Color.o
        24          4          0          0          0        216   LCD_GetColorIndex.o
       524         12          0          0          8       4587   LCD_GetEx.o
        26          0          0          0          0        117   LCD_GetNumDisplays.o
        94          8          0          0          0        232   LCD_GetP.o
        14          0          0          0          0        117   LCD_GetPixelColor.o
         0          0        256          0          0          0   LCD_Mirror.o
       590         12          0          0          0        841   LCD_ReadRect.o
        68          8          0          0          0        120   LCD_SelectLCD.o
       728          8          0          0          0       3958   LCD_Set.o
        48          8          0          0          0        120   LCD_SetClipRectEx.o
        36          4          0          0          0        120   LCD_UpdateColorIndices.o
      4644         84          0          0        128       8647   WM.o
      2896         80          0          0          0      10905   WM_Lib.o
       348         32          0          0          0        813   WM_Move.o
       332         20          0          0          0        834   WM_Timer.o
         0          0          0         20         64          0   WM_Touch.o
       836         36          0          0          4       2575   WM__Private.o
       256         26          0          0          0        256   ceil.o
        54         28          0          0          0        348   dunder.o
       616        130         88          0          0        260   exp.o
       256         26          0          0          0        256   floor.o
        48          0          0          0          0        124   fpclassify.o
       112          0          0          0          0        116   poly.o
        86          0          0          0          0          0   __dczerorl2.o
         0          0          0          0          0          0   entry.o
         0          0          0          0          0          0   entry10a.o
         0          0          0          0          0          0   entry11a.o
         8          4          0          0          0          0   entry2.o
         4          0          0          0          0          0   entry5.o
         0          0          0          0          0          0   entry7b.o
         0          0          0          0          0          0   entry8b.o
         8          4          0          0          0          0   entry9a.o
        12          6          0          4          0         68   errno.o
        30          0          0          0          0          0   handlers.o
        36          8          0          0          0         68   init.o
         0          0          0          0          0          0   iusefp.o
        30          0          0          0          0         68   llshl.o
        32          0          0          0          0         68   llushr.o
        66          0          0          0          0         76   memmove.o
        36          0          0          0          0        108   memseta.o
        18          0          0          0          0         68   strcpy.o
        98          0          0          0          0         92   uldiv.o
        56          0          0          0          0         88   d2f.o
        38          0          0          0          0         68   f2d.o
       110          0          0          0          0        168   fepilogue.o

    ----------------------------------------------------------------------
     48504       2324      18180        324        752     117448   Library Totals
        24          0          0          0         12          0   (incl. Padding)

    ----------------------------------------------------------------------

      Code (inc. data)   RO Data    RW Data    ZI Data      Debug   Library Name

     46470       2092      18092        320        740     115148   STemWin540_CM7_IAR_ARGB.a
      1342        210         88          0          0       1360   m_wv.l
       464         22          0          4          0        616   mc_w.l
       204          0          0          0          0        324   mf_w.l

    ----------------------------------------------------------------------
     48504       2324      18180        324        752     117448   Library Totals

    ----------------------------------------------------------------------

==============================================================================


      Code (inc. data)   RO Data    RW Data    ZI Data      Debug   

     93280       5868      19036        472     314920    1627483   Grand Totals
     93280       5868      19036        148     314920    1627483   ELF Image Totals (compressed)
     93280       5868      19036        148          0          0   ROM Totals

==============================================================================

    Total RO  Size (Code + RO Data)               112316 ( 109.68kB)
    Total RW  Size (RW Data + ZI Data)            315392 ( 308.00kB)
    Total ROM Size (Code + RO Data + RW Data)     112464 ( 109.83kB)

==============================================================================

