<html>
<body>
<pre>
<h1>礦ision Build Log</h1>
<h2>Tool Versions:</h2>
IDE-Version: μVision V5.26.2.0
Copyright (C) 2018 ARM Ltd and ARM Germany GmbH. All rights reserved.
License Information: tandu 张洁, 上海交通大学, LIC=P6FX7-E4X93-78EFD-83SY6-0JQC8-ME6FN
 
Tool Versions:
Toolchain:       MDK-ARM Professional  Version: 5.26.2.0
Toolchain Path:  F:\keil\ARM\ARMCC\Bin
C Compiler:      Armcc.exe V5.06 update 6 (build 750)
Assembler:       Armasm.exe V5.06 update 6 (build 750)
Linker/Locator:  ArmLink.exe V5.06 update 6 (build 750)
Library Manager: ArmAr.exe V5.06 update 6 (build 750)
Hex Converter:   FromElf.exe V5.06 update 6 (build 750)
CPU DLL:         SARMCM3.DLL V5.26.2.0
Dialog DLL:      DCM.DLL V1.17.2.0
Target DLL:      STLink\ST-LINKIII-KEIL_SWO.dll V3.0.5.0
Dialog DLL:      TCM.DLL V1.36.1.0
 
<h2>Project:</h2>
E:\github\鹏宇\DSP\MDK-ARM\Project.uvprojx
Project File Date:  03/21/2019

<h2>Output:</h2>
*** Using Compiler 'V5.06 update 6 (build 750)', folder: 'F:\keil\ARM\ARMCC\Bin'
Build target 'STM32H743I_EVAL'
compiling main.c...
../Core/Src/main.c(534): warning:  #1035-D: single-precision operand implicitly converted to double-precision
  			ADC_convertedvalue[0] = (float)(ADC_detectedvalue[0]&0xffff)*3.3/65536;
../Core/Src/main.c(535): warning:  #1035-D: single-precision operand implicitly converted to double-precision
  			ADC_convertedvalue[1] = (float)(ADC_detectedvalue[1]&0xffff)*3.3/65536;
../Core/Src/main.c(547): warning:  #167-D: argument of type "volatile uint8_t *" is incompatible with parameter of type "uint8_t *"
  				HAL_UART_Receive_IT(&huart8,&UART8RxBuff,1);
../Core/Src/main.c(558): warning:  #177-D: variable "clear_flag"  was declared but never referenced
  	static int clear_flag = 0;
../Core/Src/main.c(253): warning:  #177-D: function "Error_Handler"  was declared but never referenced
  static void Error_Handler(void)
../Core/Src/main.c: 5 warnings, 0 errors
linking...
Program Size: Code=78880 RO-data=18964 RW-data=456 ZI-data=314936  
FromELF: creating hex file...
"STM32H743I_EVAL\Exe\Project.axf" - 0 Error(s), 5 Warning(s).

<h2>Software Packages used:</h2>

Package Vendor: ARM
                http://www.keil.com/pack/ARM.CMSIS.5.4.0.pack
                ARM.CMSIS.5.4.0
                CMSIS (Cortex Microcontroller Software Interface Standard)
   * Component: CORE Version: 5.1.2

Package Vendor: Keil
                http://www.keil.com/pack/Keil.STM32H7xx_DFP.2.2.0.pack
                Keil.STM32H7xx_DFP.2.2.0
                STMicroelectronics STM32H7 Series Device Support and Examples

<h2>Collection of Component include folders:</h2>
  .\RTE\_STM32H743I_EVAL
  F:\keil\ARM\PACK\ARM\CMSIS\5.4.0\CMSIS\Core\Include
  F:\keil\ARM\PACK\Keil\STM32H7xx_DFP\2.2.0\Drivers\CMSIS\Device\ST\STM32H7xx\Include

<h2>Collection of Component Files used:</h2>

   * Component: ARM::CMSIS:CORE:5.1.2
Build Time Elapsed:  00:00:14
</pre>
</body>
</html>
