Component: ARM Compiler 5.06 update 4 (build 422) Tool: armlink [4d35d2]

==============================================================================

Section Cross References

    startup_stm32h743xx.o(RESET) refers to startup_stm32h743xx.o(STACK) for __initial_sp
    startup_stm32h743xx.o(RESET) refers to startup_stm32h743xx.o(.text) for Reset_Handler
    startup_stm32h743xx.o(RESET) refers to stm32h7xx_it.o(i.NMI_Handler) for NMI_Handler
    startup_stm32h743xx.o(RESET) refers to stm32h7xx_it.o(i.HardFault_Handler) for HardFault_Handler
    startup_stm32h743xx.o(RESET) refers to stm32h7xx_it.o(i.MemManage_Handler) for MemManage_Handler
    startup_stm32h743xx.o(RESET) refers to stm32h7xx_it.o(i.BusFault_Handler) for BusFault_Handler
    startup_stm32h743xx.o(RESET) refers to stm32h7xx_it.o(i.UsageFault_Handler) for UsageFault_Handler
    startup_stm32h743xx.o(RESET) refers to stm32h7xx_it.o(i.DebugMon_Handler) for DebugMon_Handler
    startup_stm32h743xx.o(RESET) refers to stm32h7xx_it.o(i.PendSV_Handler) for PendSV_Handler
    startup_stm32h743xx.o(RESET) refers to stm32h7xx_it.o(i.SysTick_Handler) for SysTick_Handler
    startup_stm32h743xx.o(RESET) refers to stm32h7xx_it.o(i.USART1_IRQHandler) for USART1_IRQHandler
    startup_stm32h743xx.o(RESET) refers to stm32h7xx_it.o(i.USART2_IRQHandler) for USART2_IRQHandler
    startup_stm32h743xx.o(RESET) refers to stm32h7xx_it.o(i.USART3_IRQHandler) for USART3_IRQHandler
    startup_stm32h743xx.o(RESET) refers to stm32h7xx_it.o(i.UART4_IRQHandler) for UART4_IRQHandler
    startup_stm32h743xx.o(RESET) refers to stm32h7xx_it.o(i.UART5_IRQHandler) for UART5_IRQHandler
    startup_stm32h743xx.o(RESET) refers to stm32h7xx_it.o(i.DMA2_Stream0_IRQHandler) for DMA2_Stream0_IRQHandler
    startup_stm32h743xx.o(RESET) refers to stm32h7xx_it.o(i.USART6_IRQHandler) for USART6_IRQHandler
    startup_stm32h743xx.o(RESET) refers to stm32h7xx_it.o(i.UART7_IRQHandler) for UART7_IRQHandler
    startup_stm32h743xx.o(RESET) refers to stm32h7xx_it.o(i.UART8_IRQHandler) for UART8_IRQHandler
    startup_stm32h743xx.o(RESET) refers to stm32h7xx_it.o(i.LTDC_IRQHandler) for LTDC_IRQHandler
    startup_stm32h743xx.o(.text) refers to system_stm32h7xx.o(i.SystemInit) for SystemInit
    startup_stm32h743xx.o(.text) refers to entry.o(.ARM.Collect$$$$00000000) for __main
    mfxstm32l152.o(i.mfxstm32l152_ClearGlobalIT) refers to stm32h743i_eval.o(i.MFX_IO_Write) for MFX_IO_Write
    mfxstm32l152.o(i.mfxstm32l152_DeInit) refers to stm32h743i_eval.o(i.MFX_IO_DeInit) for MFX_IO_DeInit
    mfxstm32l152.o(i.mfxstm32l152_DeInit) refers to mfxstm32l152.o(.data) for .data
    mfxstm32l152.o(i.mfxstm32l152_DisableITSource) refers to stm32h743i_eval.o(i.MFX_IO_Read) for MFX_IO_Read
    mfxstm32l152.o(i.mfxstm32l152_DisableITSource) refers to stm32h743i_eval.o(i.MFX_IO_Write) for MFX_IO_Write
    mfxstm32l152.o(i.mfxstm32l152_EnableITSource) refers to stm32h743i_eval.o(i.MFX_IO_Read) for MFX_IO_Read
    mfxstm32l152.o(i.mfxstm32l152_EnableITSource) refers to stm32h743i_eval.o(i.MFX_IO_Write) for MFX_IO_Write
    mfxstm32l152.o(i.mfxstm32l152_Error_ClearIT) refers to mfxstm32l152.o(i.mfxstm32l152_ClearGlobalIT) for mfxstm32l152_ClearGlobalIT
    mfxstm32l152.o(i.mfxstm32l152_Error_DisableIT) refers to mfxstm32l152.o(i.mfxstm32l152_DisableITSource) for mfxstm32l152_DisableITSource
    mfxstm32l152.o(i.mfxstm32l152_Error_EnableIT) refers to stm32h743i_eval.o(i.MFX_IO_ITConfig) for MFX_IO_ITConfig
    mfxstm32l152.o(i.mfxstm32l152_Error_EnableIT) refers to mfxstm32l152.o(i.mfxstm32l152_EnableITSource) for mfxstm32l152_EnableITSource
    mfxstm32l152.o(i.mfxstm32l152_Error_GetITStatus) refers to stm32h743i_eval.o(i.MFX_IO_Read) for MFX_IO_Read
    mfxstm32l152.o(i.mfxstm32l152_Error_ReadMsg) refers to stm32h743i_eval.o(i.MFX_IO_Read) for MFX_IO_Read
    mfxstm32l152.o(i.mfxstm32l152_Error_ReadSrc) refers to stm32h743i_eval.o(i.MFX_IO_Read) for MFX_IO_Read
    mfxstm32l152.o(i.mfxstm32l152_GetInstance) refers to mfxstm32l152.o(.data) for .data
    mfxstm32l152.o(i.mfxstm32l152_GlobalITStatus) refers to stm32h743i_eval.o(i.MFX_IO_Read) for MFX_IO_Read
    mfxstm32l152.o(i.mfxstm32l152_IDD_ClearIT) refers to mfxstm32l152.o(i.mfxstm32l152_ClearGlobalIT) for mfxstm32l152_ClearGlobalIT
    mfxstm32l152.o(i.mfxstm32l152_IDD_Config) refers to stm32h743i_eval.o(i.MFX_IO_Read) for MFX_IO_Read
    mfxstm32l152.o(i.mfxstm32l152_IDD_Config) refers to stm32h743i_eval.o(i.MFX_IO_Write) for MFX_IO_Write
    mfxstm32l152.o(i.mfxstm32l152_IDD_ConfigShuntNbLimit) refers to stm32h743i_eval.o(i.MFX_IO_Read) for MFX_IO_Read
    mfxstm32l152.o(i.mfxstm32l152_IDD_ConfigShuntNbLimit) refers to stm32h743i_eval.o(i.MFX_IO_Write) for MFX_IO_Write
    mfxstm32l152.o(i.mfxstm32l152_IDD_DisableIT) refers to mfxstm32l152.o(i.mfxstm32l152_DisableITSource) for mfxstm32l152_DisableITSource
    mfxstm32l152.o(i.mfxstm32l152_IDD_EnableIT) refers to stm32h743i_eval.o(i.MFX_IO_ITConfig) for MFX_IO_ITConfig
[...]
    WM_GetWindowRectEx                       0x08006831   Thumb Code    16  WM_Lib.o(.text)
    WM_HasCaptured                           0x08006853   Thumb Code    24  WM_Lib.o(.text)
    WM_HasFocus                              0x0800686b   Thumb Code    24  WM_Lib.o(.text)
    WM_InvalidateArea                        0x08006883   Thumb Code    34  WM_Lib.o(.text)
    WM_IsEnabled                             0x080068a5   Thumb Code    16  WM_Lib.o(.text)
    WM_IsFocusable                           0x080068b5   Thumb Code    48  WM_Lib.o(.text)
    WM_IsVisible                             0x080068e5   Thumb Code    24  WM_Lib.o(.text)
    WM_IsWindow                              0x080068fd   Thumb Code     4  WM_Lib.o(.text)
    WM_MoveChildTo                           0x08006901   Thumb Code    80  WM_Lib.o(.text)
    WM_NotifyParent                          0x08006957   Thumb Code    20  WM_Lib.o(.text)
    WM_OnKey                                 0x0800696b   Thumb Code    50  WM_Lib.o(.text)
    WM_Update                                0x0800699d   Thumb Code    42  WM_Lib.o(.text)
    WM_Paint                                 0x080069c7   Thumb Code    16  WM_Lib.o(.text)
    WM_ResizeWindow                          0x080069d7   Thumb Code   238  WM_Lib.o(.text)
    WM_SendMessageNoPara                     0x08006ac5   Thumb Code     4  WM_Lib.o(.text)
    WM_SendToParent                          0x08006ac9   Thumb Code    28  WM_Lib.o(.text)
    WM_SetAnchor                             0x08006ae5   Thumb Code    32  WM_Lib.o(.text)
    WM_SetCallback                           0x08006b05   Thumb Code    36  WM_Lib.o(.text)
    WM_SetCreateFlags                        0x08006b29   Thumb Code     4  WM_Lib.o(.text)
    WM_SetDesktopColorEx                     0x08006b2d   Thumb Code    34  WM_Lib.o(.text)
    WM_SetDesktopColor                       0x08006b4f   Thumb Code     8  WM_Lib.o(.text)
    WM_SetDesktopColors                      0x08006b57   Thumb Code    20  WM_Lib.o(.text)
    WM_SetFocus                              0x08006b6b   Thumb Code   124  WM_Lib.o(.text)
    WM_SetId                                 0x08006bfb   Thumb Code     6  WM_Lib.o(.text)
    WM_SetpfPollPID                          0x08006c0f   Thumb Code     2  WM_Lib.o(.text)
    WM_SetScrollState                        0x08006c19   Thumb Code    24  WM_Lib.o(.text)
    WM_SetSize                               0x08006c31   Thumb Code    60  WM_Lib.o(.text)
    WM_SetUserClipRect                       0x08006c7d   Thumb Code    18  WM_Lib.o(.text)
    WM_SetWindowPos                          0x08006c8f   Thumb Code    30  WM_Lib.o(.text)
    WM_SetXSize                              0x08006cad   Thumb Code    62  WM_Lib.o(.text)
    WM_SetYSize                              0x08006ceb   Thumb Code    58  WM_Lib.o(.text)
    WM_InvalidateWindowAndDescs              0x08006d33   Thumb Code    40  WM_Lib.o(.text)
    WM_ShowWindow                            0x08006d5b   Thumb Code    40  WM_Lib.o(.text)
    WM_SetStayOnTop                          0x08006d83   Thumb Code    68  WM_Lib.o(.text)
    WM_GetStayOnTop                          0x08006dc7   Thumb Code    34  WM_Lib.o(.text)
    WM_ValidateWindow                        0x08006de9   Thumb Code    40  WM_Lib.o(.text)
    GUI__MixColorsBulk                       0x08006e85   Thumb Code    82  GUI__Alpha.o(.text)
    GUI__MixColors                           0x08006ed7   Thumb Code    74  GUI__Alpha.o(.text)
    GUI__DoAlphaBlending                     0x08006f21   Thumb Code   404  GUI__Alpha.o(.text)
    GUI__GetAlphaBuffer                      0x080070c3   Thumb Code   142  GUI__Alpha.o(.text)
    GUI__AllocAlphaBuffer                    0x08007159   Thumb Code    22  GUI__Alpha.o(.text)
    GUI__SetAlphaBufferSize                  0x0800716f   Thumb Code    10  GUI__Alpha.o(.text)
    GUI_SetFuncAlphaBlending                 0x08007179   Thumb Code     4  GUI__Alpha.o(.text)
    GUI_SetFuncMixColors                     0x0800717d   Thumb Code    10  GUI__Alpha.o(.text)
    GUI_SetFuncMixColorsBulk                 0x08007187   Thumb Code     2  GUI__Alpha.o(.text)
    GUI_SetFuncDrawAlpha                     0x08007191   Thumb Code    28  GUI__Alpha.o(.text)
    GUI__ManageCacheEx                       0x080071ef   Thumb Code   176  GUI__ManageCache.o(.text)
    GUI__ManageCache                         0x080072ab   Thumb Code    10  GUI__ManageCache.o(.text)
    GUI_SetControlHook                       0x080072b5   Thumb Code    14  GUI__ManageCache.o(.text)
    GUI_SetRefreshHook                       0x080072c3   Thumb Code    14  GUI__ManageCache.o(.text)
    GUIMONO_DispChar                         0x080072e1   Thumb Code   244  GUI_CharM.o(.text)
    GUIMONO_GetCharDistX                     0x080073ff   Thumb Code    18  GUI_CharM.o(.text)
    GUIMONO_GetFontInfo                      0x08007415   Thumb Code     6  GUI_CharM.o(.text)
    GUIMONO_IsInFont                         0x0800741b   Thumb Code    54  GUI_CharM.o(.text)
    GUI_TIMER__IsActive                      0x0800751d   Thumb Code    12  GUI_Timer.o(.text)
    GUI_TIMER__GetPeriod                     0x08007529   Thumb Code    42  GUI_Timer.o(.text)
    GUI_TIMER__GetNextTimer                  0x08007553   Thumb Code    50  GUI_Timer.o(.text)
    GUI_TIMER__GetFirstTimer                 0x0800758b   Thumb Code    32  GUI_Timer.o(.text)
    GUI_TIMER__GetNextTimerLin               0x080075ab   Thumb Code    44  GUI_Timer.o(.text)
    GUI_TIMER_Exec                           0x080075e3   Thumb Code    94  GUI_Timer.o(.text)
    GUI_TIMER_Create                         0x08007641   Thumb Code   124  GUI_Timer.o(.text)
    GUI_TIMER_Delete                         0x080076c9   Thumb Code    88  GUI_Timer.o(.text)
    GUI_TIMER_SetPeriod                      0x08007731   Thumb Code    22  GUI_Timer.o(.text)
    GUI_TIMER_GetPeriod                      0x08007747   Thumb Code    24  GUI_Timer.o(.text)
    GUI_TIMER_SetTime                        0x0800775f   Thumb Code    22  GUI_Timer.o(.text)
    GUI_TIMER_SetDelay                       0x08007775   Thumb Code    34  GUI_Timer.o(.text)
    GUI_TIMER_Restart                        0x08007797   Thumb Code    46  GUI_Timer.o(.text)
    GUI_TIMER_GetFlag                        0x080077c5   Thumb Code    36  GUI_Timer.o(.text)
    LCD_SetLUTEx                             0x080078a1   Thumb Code    34  GUICC_0.o(.text)
    LCD_SetLUT                               0x080078c3   Thumb Code    10  GUICC_0.o(.text)
    GUI_MEMDEV__WriteToActiveAt              0x080078d1   Thumb Code    48  GUIDEV.o(.text)
    GUI_MEMDEV__CreateFixed                  0x08007901   Thumb Code   258  GUIDEV.o(.text)
    GUI_MEMDEV_GetBitsPerPixel               0x08007a03   Thumb Code    36  GUIDEV.o(.text)
    GUI_MEMDEV_Delete                        0x08007a27   Thumb Code    58  GUIDEV.o(.text)
    GUI_MEMDEV_CreateEx                      0x08007a67   Thumb Code   116  GUIDEV.o(.text)
    GUI_MEMDEV_Create                        0x08007adb   Thumb Code    14  GUIDEV.o(.text)
    GUI_MEMDEV_Select                        0x08007ae9   Thumb Code    66  GUIDEV.o(.text)
    GUI_MEMDEV_CopyToLCDAt                   0x08007b2b   Thumb Code   156  GUIDEV.o(.text)
    GUI_MEMDEV_CopyToLCD                     0x08007bc7   Thumb Code     6  GUIDEV.o(.text)
    GUI_MEMDEV_MarkDirty                     0x08007bdd   Thumb Code    64  GUIDEV.o(.text)
    GUI_MEMDEV__SetAlphaCallback             0x08007c27   Thumb Code     6  GUIDEV_Banding.o(.text)
    GUI_MEMDEV_Draw                          0x08007c2d   Thumb Code   316  GUIDEV_Banding.o(.text)
    GUI_MEMDEV_Paint1Static                  0x08008199   Thumb Code    30  GUIDEV_StaticDevices.o(.text)
    GUI_MEMDEV__CreateStatic                 0x080081b7   Thumb Code     8  GUIDEV_StaticDevices.o(.text)
    GUI_MEMDEV_CreateStatic                  0x080081e1   Thumb Code     2  GUIDEV_StaticDevices.o(.text)
    GUI_MEMDEV_GetWindowDevice               0x080081e3   Thumb Code    16  GUIDEV_StaticDevices.o(.text)
    GUI_MEMDEV_GetStaticDevice               0x080081f3   Thumb Code    24  GUIDEV_StaticDevices.o(.text)
    GUI_MEMDEV_CreateWindowDevice            0x08008211   Thumb Code    96  GUIDEV_StaticDevices.o(.text)
    GUI_USAGE_Select                         0x08008271   Thumb Code    28  GUIDEV_Usage.o(.text)
    GUI_USAGE_DecUseCnt                      0x08008291   Thumb Code    36  GUIDEV_Usage.o(.text)
    GUI_USAGE_AddRect                        0x080082b5   Thumb Code    42  GUIDEV_Usage.o(.text)
    GUI_MEMDEV__WriteToActiveOpaque          0x080088b7   Thumb Code    62  GUIDEV_WriteToActiveOpaque.o(.text)
    LCD_GetNumLayers                         0x080088fd   Thumb Code    26  LCD_GetNumDisplays.o(.text)
    LCD_GetPixelColor                        0x08008917   Thumb Code    14  LCD_GetPixelColor.o(.text)
    LCD_SetClipRectEx                        0x08008925   Thumb Code    48  LCD_SetClipRectEx.o(.text)
    WM__ForEachDesc                          0x08008999   Thumb Code    44  WM__Private.o(.text)
    WM__GetFirstSibling                      0x080089c5   Thumb Code    16  WM__Private.o(.text)
    WM__GetFocusedChild                      0x080089d5   Thumb Code    32  WM__Private.o(.text)
    WM__GetLastSibling                       0x080089f5   Thumb Code    26  WM__Private.o(.text)
    WM__GetOrgX_AA                           0x08008a0f   Thumb Code    20  WM__Private.o(.text)
    WM__GetOrgY_AA                           0x08008a23   Thumb Code    20  WM__Private.o(.text)
    WM__GetPrevSibling                       0x08008a37   Thumb Code    34  WM__Private.o(.text)
    WM__IsAncestor                           0x08008a59   Thumb Code    36  WM__Private.o(.text)
    WM__IsAncestorOrSelf                     0x08008a7d   Thumb Code    12  WM__Private.o(.text)
    WM__IsChild                              0x08008a89   Thumb Code    32  WM__Private.o(.text)
    WM__IsEnabled                            0x08008aa9   Thumb Code    22  WM__Private.o(.text)
    WM__NotifyVisChanged                     0x08008abf   Thumb Code    22  WM__Private.o(.text)
    WM__Screen2Client                        0x08008ad5   Thumb Code    20  WM__Private.o(.text)
    WM__SendMessage                          0x08008ae9   Thumb Code    58  WM__Private.o(.text)
    WM__SendMessageIfEnabled                 0x08008b23   Thumb Code    24  WM__Private.o(.text)
    WM__SendMessageNoPara                    0x08008b3b   Thumb Code    40  WM__Private.o(.text)
    WM__UpdateChildPositions                 0x08008b63   Thumb Code   192  WM__Private.o(.text)
    WM__AddCriticalHandle                    0x08008c29   Thumb Code    10  WM__Private.o(.text)
    WM__RemoveCriticalHandle                 0x08008c33   Thumb Code    34  WM__Private.o(.text)
    WM__GetClientRectEx                      0x08008c69   Thumb Code    32  WM__Private.o(.text)
    WM__MoveWindow                           0x08008cfb   Thumb Code   148  WM_Move.o(.text)
    WM__MoveTo                               0x08008da1   Thumb Code    48  WM_Move.o(.text)
    WM_MoveWindow                            0x08008dd1   Thumb Code     2  WM_Move.o(.text)
    WM_MoveTo                                0x08008dd3   Thumb Code     2  WM_Move.o(.text)
    WM__DeleteAssocTimer                     0x08008e25   Thumb Code    76  WM_Timer.o(.text)
    WM_DeleteTimer                           0x08008e71   Thumb Code    32  WM_Timer.o(.text)
    WM_CreateTimer                           0x08008e91   Thumb Code    88  WM_Timer.o(.text)
    WM_RestartTimer                          0x08008eed   Thumb Code    38  WM_Timer.o(.text)
    WM_GetTimerId                            0x08008f19   Thumb Code    24  WM_Timer.o(.text)
    GUI__CompactPixelIndices                 0x08008f41   Thumb Code   288  GUI__CompactPixelIndices.o(.text)
    GUI__ConvertColor2Index                  0x08009061   Thumb Code   314  GUI__CompactPixelIndices.o(.text)
    GUI__CompactPixelIndicesEx               0x080091a9   Thumb Code    14  GUI__CompactPixelIndices.o(.text)
    GUI__ExpandPixelIndices                  0x080091b9   Thumb Code   210  GUI__ExpandPixelIndices.o(.text)
    GUI__ExpandPixelIndicesEx                0x0800928b   Thumb Code   288  GUI__ExpandPixelIndices.o(.text)
    GUI__AlphaPreserveTrans                  0x08009e17   Thumb Code    30  GUI_SetAlpha.o(.text)
    GUI_SetAlpha                             0x08009e35   Thumb Code   104  GUI_SetAlpha.o(.text)
    GUI_GetTime                              0x08009f0d   Thumb Code     4  GUI_Time.o(.text)
    GUI_SetTimeSlice                         0x08009f11   Thumb Code     6  GUI_Time.o(.text)
    GUI_GetTimeSlice                         0x08009f17   Thumb Code     6  GUI_Time.o(.text)
    GUI_Delay                                0x08009f1d   Thumb Code    44  GUI_Time.o(.text)
    GUICC_M8888I_SetCustColorConv            0x08009f75   Thumb Code     2  GUICC_M8888I.o(.text)
    LCD_Index2Color_M8888I                   0x08009f77   Thumb Code     2  GUICC_M8888I_Index2Color.o(.text)
    LCD_Index2Color_M888                     0x08009f79   Thumb Code     6  GUICC_M888_Index2Color.o(.text)
    GUI_MEMDEV_DEVICE_32                     0x0800a8bc   Data          52  GUIDEV_32.o(.text)
    GUI_MEMDEV_Clear                         0x0800a8f1   Thumb Code    60  GUIDEV_Clear.o(.text)
    GUI_MEMDEV_CreateFixed                   0x0800a92d   Thumb Code    28  GUIDEV_CreateFixed.o(.text)
    GUI_MEMDEV_CreateFixed32                 0x0800a949   Thumb Code    24  GUIDEV_CreateFixed.o(.text)
    GUI_MEMDEV_GetDataPtr                    0x0800a969   Thumb Code    28  GUIDEV_GetDataPtr.o(.text)
    GUI_MEMDEV_GetXPos                       0x0800a985   Thumb Code    30  GUIDEV_GetPos.o(.text)
    GUI_MEMDEV_GetYPos                       0x0800a9a3   Thumb Code    30  GUIDEV_GetPos.o(.text)
    GUI_MEMDEV_GetXSize                      0x0800a9d1   Thumb Code    40  GUIDEV_GetXSize.o(.text)
    GUI_MEMDEV_GetYSize                      0x0800a9f9   Thumb Code    40  GUIDEV_GetYSize.o(.text)
    GUI_MEMDEV_ReduceYSize                   0x0800aa21   Thumb Code    48  GUIDEV_ReduceYSize.o(.text)
    GUI_MEMDEV_SetOrg                        0x0800aa51   Thumb Code   104  GUIDEV_SetOrg.o(.text)
    GUI_USAGE_BM_Create                      0x0800abf5   Thumb Code    88  GUIDEV_UsageBM.o(.text)
    GUI_MEMDEV_WriteAt                       0x0800ac65   Thumb Code    48  GUIDEV_Write.o(.text)
    GUI_MEMDEV_Write                         0x0800ac95   Thumb Code     6  GUIDEV_Write.o(.text)
    GUI_MEMDEV_WriteOpaqueAt                 0x0800ac9b   Thumb Code    48  GUIDEV_Write.o(.text)
    GUI_MEMDEV_WriteOpaque                   0x0800ad0b   Thumb Code     6  GUIDEV_Write.o(.text)
    GUI_ReadRectEx                           0x0800ae5b   Thumb Code    86  LCD_ReadRect.o(.text)
    LCD_ReadRect                             0x0800aeb1   Thumb Code    80  LCD_ReadRect.o(.text)
    LCD_ReadRectNoClip                       0x0800af05   Thumb Code    30  LCD_ReadRect.o(.text)
    GUI_ReadRect                             0x0800af2b   Thumb Code    56  LCD_ReadRect.o(.text)
    GUI_MEMDEV__WriteToActiveAlpha           0x0800b115   Thumb Code   246  GUIDEV_WriteToActiveAlpha.o(.text)
    LCD_AA_SetOrMask                         0x0800b269   Thumb Code    10  LCD_AA.o(.text)
    LCD_AA_MixColors16                       0x0800b273   Thumb Code    58  LCD_AA.o(.text)
    LCD_AA_MixColors256                      0x0800b2ad   Thumb Code    16  LCD_AA.o(.text)
    LCD_SetPixelAA4_Trans                    0x0800b2bd   Thumb Code    96  LCD_AA.o(.text)
    LCD_SetPixelAA4_NoTrans                  0x0800b31d   Thumb Code   100  LCD_AA.o(.text)
    LCD_SetPixelAA8_Trans                    0x0800b381   Thumb Code    94  LCD_AA.o(.text)
    LCD_SetPixelAA8_NoTrans                  0x0800b41d   Thumb Code    98  LCD_AA.o(.text)
    LCD_AA_SetGamma                          0x0800b4b3   Thumb Code    20  LCD_AA.o(.text)
    LCD_AA_GetGamma                          0x0800b4c7   Thumb Code    20  LCD_AA.o(.text)
    LCD_AA_EnableGamma                       0x0800b4db   Thumb Code    18  LCD_AA.o(.text)
    LCD__GetPfSetPixel                       0x0800b4ed   Thumb Code    50  LCD_AA.o(.text)
    __aeabi_uldivmod                         0x0800b54d   Thumb Code    98  uldiv.o(.text)
    ____aeabi_memcpy8$ret$move               0x0800b5af   Thumb Code     0  memmove.o(.text)
    ___aeabi_memmove4$ret                    0x0800b5af   Thumb Code     0  memmove.o(.text)
    ___aeabi_memmove8$ret                    0x0800b5af   Thumb Code     0  memmove.o(.text)
    __aeabi_memcpy                           0x0800b5af   Thumb Code    66  memmove.o(.text)
    __aeabi_memcpy4                          0x0800b5af   Thumb Code     0  memmove.o(.text)
    __aeabi_memmove                          0x0800b5af   Thumb Code     0  memmove.o(.text)
    memcpy                                   0x0800b5af   Thumb Code     0  memmove.o(.text)
    memmove                                  0x0800b5af   Thumb Code     0  memmove.o(.text)
    __aeabi_memset                           0x0800b5f1   Thumb Code    14  memseta.o(.text)
    __aeabi_memset4                          0x0800b5f1   Thumb Code     0  memseta.o(.text)
    __aeabi_memset8                          0x0800b5f1   Thumb Code     0  memseta.o(.text)
    __aeabi_memclr                           0x0800b5ff   Thumb Code     4  memseta.o(.text)
    __aeabi_memclr4                          0x0800b5ff   Thumb Code     0  memseta.o(.text)
    __aeabi_memclr8                          0x0800b5ff   Thumb Code     0  memseta.o(.text)
    memset                                   0x0800b603   Thumb Code    18  memseta.o(.text)
    strcpy                                   0x0800b615   Thumb Code    18  strcpy.o(.text)
    __aeabi_llsl                             0x0800b627   Thumb Code    30  llshl.o(.text)
    _ll_shift_l                              0x0800b627   Thumb Code     0  llshl.o(.text)
    __aeabi_llsr                             0x0800b645   Thumb Code    32  llushr.o(.text)
    _ll_ushift_r                             0x0800b645   Thumb Code     0  llushr.o(.text)
    __scatterload                            0x0800b665   Thumb Code    28  init.o(.text)
    __scatterload_rt2                        0x0800b665   Thumb Code     0  init.o(.text)
    __decompress                             0x0800b689   Thumb Code     0  __dczerorl2.o(.text)
    __decompress1                            0x0800b689   Thumb Code    86  __dczerorl2.o(.text)
    ADC_ConversionStop                       0x0800b6e1   Thumb Code   182  stm32h7xx_hal_adc.o(i.ADC_ConversionStop)
    ADC_DMAConvCplt                          0x0800b79d   Thumb Code    88  stm32h7xx_hal_adc.o(i.ADC_DMAConvCplt)
    ADC_DMAError                             0x0800b7f5   Thumb Code    26  stm32h7xx_hal_adc.o(i.ADC_DMAError)
    ADC_DMAHalfConvCplt                      0x0800b80f   Thumb Code    10  stm32h7xx_hal_adc.o(i.ADC_DMAHalfConvCplt)
    ADC_Disable                              0x0800b819   Thumb Code    98  stm32h7xx_hal_adc.o(i.ADC_Disable)
    ADC_Enable                               0x0800b87d   Thumb Code    98  stm32h7xx_hal_adc.o(i.ADC_Enable)
    ADC_Init                                 0x0800b8e5   Thumb Code   148  adc.o(i.ADC_Init)
    BSP_IO_WritePin                          0x0800b985   Thumb Code    14  stm32h743i_eval_io.o(i.BSP_IO_WritePin)
    BSP_Init                                 0x0800b999   Thumb Code   192  bsp.o(i.BSP_Init)
    BSP_LED_On                               0x0800ba5d   Thumb Code    42  stm32h743i_eval.o(i.BSP_LED_On)
    BSP_SDRAM_Init                           0x0800ba95   Thumb Code   110  stm32h743i_eval_sdram.o(i.BSP_SDRAM_Init)
    BSP_SDRAM_Initialization_sequence        0x0800bb11   Thumb Code   130  stm32h743i_eval_sdram.o(i.BSP_SDRAM_Initialization_sequence)
    BSP_SDRAM_MspInit                        0x0800bb99   Thumb Code   322  stm32h743i_eval_sdram.o(i.BSP_SDRAM_MspInit)
    BusFault_Handler                         0x0800bd01   Thumb Code     2  stm32h7xx_it.o(i.BusFault_Handler)
    CUSTOM_DrawBitmap32bpp                   0x0800be05   Thumb Code    90  lcdconf_stm32h743i_eval.o(i.CUSTOM_DrawBitmap32bpp)
    DMA2_Stream0_IRQHandler                  0x0800bf5d   Thumb Code     8  stm32h7xx_it.o(i.DMA2_Stream0_IRQHandler)
    DebugMon_Handler                         0x0800c0f9   Thumb Code     2  stm32h7xx_it.o(i.DebugMon_Handler)
    FMC_SDRAM_Init                           0x0800c11d   Thumb Code    94  stm32h7xx_ll_fmc.o(i.FMC_SDRAM_Init)
    FMC_SDRAM_ProgramRefreshRate             0x0800c17b   Thumb Code    12  stm32h7xx_ll_fmc.o(i.FMC_SDRAM_ProgramRefreshRate)
    FMC_SDRAM_SendCommand                    0x0800c187   Thumb Code    32  stm32h7xx_ll_fmc.o(i.FMC_SDRAM_SendCommand)
    FMC_SDRAM_Timing_Init                    0x0800c1a9   Thumb Code   134  stm32h7xx_ll_fmc.o(i.FMC_SDRAM_Timing_Init)
    GUI_X_Config                             0x0800c235   Thumb Code    10  guiconf_stm32h743i_eval.o(i.GUI_X_Config)
    GUI_X_Delay                              0x0800c245   Thumb Code    16  gui_x.o(i.GUI_X_Delay)
    GUI_X_ExecIdle                           0x0800c259   Thumb Code     2  gui_x.o(i.GUI_X_ExecIdle)
    GUI_X_GetTime                            0x0800c25d   Thumb Code     6  gui_x.o(i.GUI_X_GetTime)
    GUI_X_Init                               0x0800c269   Thumb Code     2  gui_x.o(i.GUI_X_Init)
    HAL_ADCEx_Calibration_Start              0x0800c289   Thumb Code   158  stm32h7xx_hal_adc_ex.o(i.HAL_ADCEx_Calibration_Start)
    HAL_ADC_ConfigChannel                    0x0800c329   Thumb Code  1206  stm32h7xx_hal_adc.o(i.HAL_ADC_ConfigChannel)
    HAL_ADC_ConvCpltCallback                 0x0800c7fd   Thumb Code     8  adc.o(i.HAL_ADC_ConvCpltCallback)
    HAL_ADC_ConvHalfCpltCallback             0x0800c809   Thumb Code     8  adc.o(i.HAL_ADC_ConvHalfCpltCallback)
    HAL_ADC_DeInit                           0x0800c815   Thumb Code   586  stm32h7xx_hal_adc.o(i.HAL_ADC_DeInit)
    HAL_ADC_ErrorCallback                    0x0800ca81   Thumb Code     2  stm32h7xx_hal_adc.o(i.HAL_ADC_ErrorCallback)
    HAL_ADC_Init                             0x0800ca85   Thumb Code   592  stm32h7xx_hal_adc.o(i.HAL_ADC_Init)
    HAL_ADC_MspDeInit                        0x0800ccf9   Thumb Code    38  adc.o(i.HAL_ADC_MspDeInit)
    HAL_ADC_MspInit                          0x0800cd29   Thumb Code   168  adc.o(i.HAL_ADC_MspInit)
    HAL_ADC_Start_DMA                        0x0800cde1   Thumb Code   236  stm32h7xx_hal_adc.o(i.HAL_ADC_Start_DMA)
    HAL_DMA2D_Init                           0x0800cee1   Thumb Code   146  stm32h7xx_hal_dma2d.o(i.HAL_DMA2D_Init)
    HAL_DMA2D_MspInit                        0x0800cf75   Thumb Code    22  lcdconf_stm32h743i_eval.o(i.HAL_DMA2D_MspInit)
    HAL_DMA_Abort_IT                         0x0800cf91   Thumb Code   138  stm32h7xx_hal_dma.o(i.HAL_DMA_Abort_IT)
    HAL_DMA_DeInit                           0x0800d025   Thumb Code   188  stm32h7xx_hal_dma.o(i.HAL_DMA_DeInit)
    HAL_DMA_IRQHandler                       0x0800d0ed   Thumb Code   686  stm32h7xx_hal_dma.o(i.HAL_DMA_IRQHandler)
    HAL_DMA_Init                             0x0800d3b1   Thumb Code   408  stm32h7xx_hal_dma.o(i.HAL_DMA_Init)
    HAL_DMA_Start_IT                         0x0800d555   Thumb Code   204  stm32h7xx_hal_dma.o(i.HAL_DMA_Start_IT)
    HAL_Delay                                0x0800d625   Thumb Code    32  stm32h7xx_hal.o(i.HAL_Delay)
    HAL_GPIO_DeInit                          0x0800d649   Thumb Code   300  stm32h7xx_hal_gpio.o(i.HAL_GPIO_DeInit)
    HAL_GPIO_Init                            0x0800d79d   Thumb Code   450  stm32h7xx_hal_gpio.o(i.HAL_GPIO_Init)
    HAL_GPIO_WritePin                        0x0800d991   Thumb Code    10  stm32h7xx_hal_gpio.o(i.HAL_GPIO_WritePin)
    HAL_GetTick                              0x0800d99d   Thumb Code     6  stm32h7xx_hal.o(i.HAL_GetTick)
    HAL_IncTick                              0x0800d9a9   Thumb Code    12  stm32h7xx_hal.o(i.HAL_IncTick)
    HAL_Init                                 0x0800d9b9   Thumb Code    28  stm32h7xx_hal.o(i.HAL_Init)
    HAL_InitTick                             0x0800d9d5   Thumb Code    54  stm32h7xx_hal.o(i.HAL_InitTick)
    HAL_LTDC_ConfigCLUT                      0x0800da15   Thumb Code   140  stm32h7xx_hal_ltdc.o(i.HAL_LTDC_ConfigCLUT)
    HAL_LTDC_ConfigColorKeying               0x0800daa1   Thumb Code    64  stm32h7xx_hal_ltdc.o(i.HAL_LTDC_ConfigColorKeying)
    HAL_LTDC_ConfigLayer                     0x0800dae1   Thumb Code    82  stm32h7xx_hal_ltdc.o(i.HAL_LTDC_ConfigLayer)
    HAL_LTDC_DeInit                          0x0800db33   Thumb Code    24  stm32h7xx_hal_ltdc.o(i.HAL_LTDC_DeInit)
    HAL_LTDC_DisableColorKeying              0x0800db4b   Thumb Code    60  stm32h7xx_hal_ltdc.o(i.HAL_LTDC_DisableColorKeying)
    HAL_LTDC_EnableCLUT                      0x0800db87   Thumb Code    60  stm32h7xx_hal_ltdc.o(i.HAL_LTDC_EnableCLUT)
    HAL_LTDC_EnableColorKeying               0x0800dbc3   Thumb Code    60  stm32h7xx_hal_ltdc.o(i.HAL_LTDC_EnableColorKeying)
    HAL_LTDC_EnableDither                    0x0800dc01   Thumb Code    50  stm32h7xx_hal_ltdc.o(i.HAL_LTDC_EnableDither)
    HAL_LTDC_ErrorCallback                   0x0800dc39   Thumb Code     2  stm32h7xx_hal_ltdc.o(i.HAL_LTDC_ErrorCallback)
    HAL_LTDC_IRQHandler                      0x0800dc3b   Thumb Code   200  stm32h7xx_hal_ltdc.o(i.HAL_LTDC_IRQHandler)
    HAL_LTDC_Init                            0x0800dd05   Thumb Code   242  stm32h7xx_hal_ltdc.o(i.HAL_LTDC_Init)
    HAL_LTDC_LineEventCallback               0x0800ddfd   Thumb Code    76  lcdconf_stm32h743i_eval.o(i.HAL_LTDC_LineEventCallback)
    HAL_LTDC_MspDeInit                       0x0800de4d   Thumb Code    20  lcdconf_stm32h743i_eval.o(i.HAL_LTDC_MspDeInit)
    HAL_LTDC_MspInit                         0x0800de65   Thumb Code   178  lcdconf_stm32h743i_eval.o(i.HAL_LTDC_MspInit)
    HAL_LTDC_ProgramLineEvent                0x0800df29   Thumb Code    64  stm32h7xx_hal_ltdc.o(i.HAL_LTDC_ProgramLineEvent)
    HAL_LTDC_ReloadEventCallback             0x0800df6d   Thumb Code     2  stm32h7xx_hal_ltdc.o(i.HAL_LTDC_ReloadEventCallback)
    HAL_LTDC_SetAddress                      0x0800df6f   Thumb Code    68  stm32h7xx_hal_ltdc.o(i.HAL_LTDC_SetAddress)
    HAL_LTDC_SetAlpha                        0x0800dfb3   Thumb Code    68  stm32h7xx_hal_ltdc.o(i.HAL_LTDC_SetAlpha)
    HAL_LTDC_SetWindowPosition               0x0800dff7   Thumb Code    84  stm32h7xx_hal_ltdc.o(i.HAL_LTDC_SetWindowPosition)
    HAL_MDMA_DeInit                          0x0800e04b   Thumb Code   102  stm32h7xx_hal_mdma.o(i.HAL_MDMA_DeInit)
    HAL_MDMA_Init                            0x0800e0b1   Thumb Code    94  stm32h7xx_hal_mdma.o(i.HAL_MDMA_Init)
    HAL_MPU_ConfigRegion                     0x0800e111   Thumb Code    86  stm32h7xx_hal_cortex.o(i.HAL_MPU_ConfigRegion)
    HAL_MspInit                              0x0800e16d   Thumb Code     2  stm32h7xx_hal.o(i.HAL_MspInit)
    HAL_NVIC_EnableIRQ                       0x0800e16f   Thumb Code    26  stm32h7xx_hal_cortex.o(i.HAL_NVIC_EnableIRQ)
    HAL_NVIC_SetPriority                     0x0800e189   Thumb Code    60  stm32h7xx_hal_cortex.o(i.HAL_NVIC_SetPriority)
    HAL_NVIC_SetPriorityGrouping             0x0800e1c9   Thumb Code    28  stm32h7xx_hal_cortex.o(i.HAL_NVIC_SetPriorityGrouping)
    HAL_RCCEx_GetD1SysClockFreq              0x0800e1ed   Thumb Code    40  stm32h7xx_hal_rcc_ex.o(i.HAL_RCCEx_GetD1SysClockFreq)
    HAL_RCCEx_GetD3PCLK1Freq                 0x0800e221   Thumb Code    34  stm32h7xx_hal_rcc_ex.o(i.HAL_RCCEx_GetD3PCLK1Freq)
    HAL_RCCEx_GetPLL2ClockFreq               0x0800e24d   Thumb Code   268  stm32h7xx_hal_rcc_ex.o(i.HAL_RCCEx_GetPLL2ClockFreq)
    HAL_RCCEx_GetPLL3ClockFreq               0x0800e36d   Thumb Code   268  stm32h7xx_hal_rcc_ex.o(i.HAL_RCCEx_GetPLL3ClockFreq)
    HAL_RCCEx_PeriphCLKConfig                0x0800e48d   Thumb Code  2448  stm32h7xx_hal_rcc_ex.o(i.HAL_RCCEx_PeriphCLKConfig)
    HAL_RCC_ClockConfig                      0x0800ee21   Thumb Code   458  stm32h7xx_hal_rcc.o(i.HAL_RCC_ClockConfig)
    HAL_RCC_GetHCLKFreq                      0x0800effd   Thumb Code    38  stm32h7xx_hal_rcc.o(i.HAL_RCC_GetHCLKFreq)
    HAL_RCC_GetPCLK1Freq                     0x0800f031   Thumb Code    34  stm32h7xx_hal_rcc.o(i.HAL_RCC_GetPCLK1Freq)
    HAL_RCC_GetPCLK2Freq                     0x0800f05d   Thumb Code    36  stm32h7xx_hal_rcc.o(i.HAL_RCC_GetPCLK2Freq)
    HAL_RCC_GetSysClockFreq                  0x0800f089   Thumb Code   286  stm32h7xx_hal_rcc.o(i.HAL_RCC_GetSysClockFreq)
    HAL_RCC_MCOConfig                        0x0800f1b9   Thumb Code   130  stm32h7xx_hal_rcc.o(i.HAL_RCC_MCOConfig)
    HAL_RCC_OscConfig                        0x0800f24d   Thumb Code  1202  stm32h7xx_hal_rcc.o(i.HAL_RCC_OscConfig)
    HAL_SDRAM_Init                           0x0800f705   Thumb Code    76  stm32h7xx_hal_sdram.o(i.HAL_SDRAM_Init)
    HAL_SDRAM_MspInit                        0x0800f755   Thumb Code     2  stm32h7xx_hal_sdram.o(i.HAL_SDRAM_MspInit)
    HAL_SDRAM_ProgramRefreshRate             0x0800f757   Thumb Code    34  stm32h7xx_hal_sdram.o(i.HAL_SDRAM_ProgramRefreshRate)
    HAL_SDRAM_SendCommand                    0x0800f779   Thumb Code    48  stm32h7xx_hal_sdram.o(i.HAL_SDRAM_SendCommand)
    HAL_SYSTICK_CLKSourceConfig              0x0800f7a9   Thumb Code    24  stm32h7xx_hal_cortex.o(i.HAL_SYSTICK_CLKSourceConfig)
    HAL_SYSTICK_Config                       0x0800f7c1   Thumb Code    38  stm32h7xx_hal_cortex.o(i.HAL_SYSTICK_Config)
    HAL_UARTEx_WakeupCallback                0x0800f7e7   Thumb Code     2  stm32h7xx_hal_uart_ex.o(i.HAL_UARTEx_WakeupCallback)
    HAL_UART_ErrorCallback                   0x0800f7e9   Thumb Code     6  main.o(i.HAL_UART_ErrorCallback)
    HAL_UART_IRQHandler                      0x0800f7f1   Thumb Code   374  stm32h7xx_hal_uart.o(i.HAL_UART_IRQHandler)
    HAL_UART_Init                            0x0800f971   Thumb Code   106  stm32h7xx_hal_uart.o(i.HAL_UART_Init)
    HAL_UART_MspInit                         0x0800f9dd   Thumb Code   518  usart.o(i.HAL_UART_MspInit)
    HAL_UART_Receive_IT                      0x0800fc21   Thumb Code   168  stm32h7xx_hal_uart.o(i.HAL_UART_Receive_IT)
    HAL_UART_RxCpltCallback                  0x0800fcc9   Thumb Code   152  usart.o(i.HAL_UART_RxCpltCallback)
    HAL_UART_Transmit                        0x0800fd79   Thumb Code   182  stm32h7xx_hal_uart.o(i.HAL_UART_Transmit)
    HAL_UART_TxCpltCallback                  0x0800fe2f   Thumb Code     6  main.o(i.HAL_UART_TxCpltCallback)
    HardFault_Handler                        0x0800fe35   Thumb Code     2  stm32h7xx_it.o(i.HardFault_Handler)
    LCD_X_Config                             0x0800ff61   Thumb Code   172  lcdconf_stm32h743i_eval.o(i.LCD_X_Config)
    LCD_X_DisplayDriver                      0x0801002d   Thumb Code   276  lcdconf_stm32h743i_eval.o(i.LCD_X_DisplayDriver)
    LTDC_IRQHandler                          0x08010149   Thumb Code     6  stm32h7xx_it.o(i.LTDC_IRQHandler)
    MainTask                                 0x0801046d   Thumb Code    76  basic_helloworld.o(i.MainTask)
    MemManage_Handler                        0x080104bd   Thumb Code     2  stm32h7xx_it.o(i.MemManage_Handler)
    NMI_Handler                              0x080104bf   Thumb Code     2  stm32h7xx_it.o(i.NMI_Handler)
    PendSV_Handler                           0x080104c1   Thumb Code     2  stm32h7xx_it.o(i.PendSV_Handler)
    SysTick_Handler                          0x08010691   Thumb Code    16  stm32h7xx_it.o(i.SysTick_Handler)
    SystemInit                               0x0801075d   Thumb Code   118  system_stm32h7xx.o(i.SystemInit)
    UART4_IRQHandler                         0x080107e5   Thumb Code     6  stm32h7xx_it.o(i.UART4_IRQHandler)
    UART5_IRQHandler                         0x080107f1   Thumb Code     6  stm32h7xx_it.o(i.UART5_IRQHandler)
    UART7_IRQHandler                         0x080107fd   Thumb Code     6  stm32h7xx_it.o(i.UART7_IRQHandler)
    UART8_IRQHandler                         0x08010809   Thumb Code     6  stm32h7xx_it.o(i.UART8_IRQHandler)
    UART8_Init                               0x08010815   Thumb Code    56  usart.o(i.UART8_Init)
    UART_AdvFeatureConfig                    0x08010859   Thumb Code   200  stm32h7xx_hal_uart.o(i.UART_AdvFeatureConfig)
    UART_CheckIdleState                      0x08010921   Thumb Code    92  stm32h7xx_hal_uart.o(i.UART_CheckIdleState)
    UART_SetConfig                           0x08010a25   Thumb Code  1252  stm32h7xx_hal_uart.o(i.UART_SetConfig)
    UART_WaitOnFlagUntilTimeout              0x08010f83   Thumb Code   100  stm32h7xx_hal_uart.o(i.UART_WaitOnFlagUntilTimeout)
    USART1_IRQHandler                        0x08010fe9   Thumb Code     6  stm32h7xx_it.o(i.USART1_IRQHandler)
    USART2_IRQHandler                        0x08010ff5   Thumb Code     6  stm32h7xx_it.o(i.USART2_IRQHandler)
    USART3_IRQHandler                        0x08011001   Thumb Code     6  stm32h7xx_it.o(i.USART3_IRQHandler)
    USART6_IRQHandler                        0x0801100d   Thumb Code     6  stm32h7xx_it.o(i.USART6_IRQHandler)
    UsageFault_Handler                       0x08011019   Thumb Code     2  stm32h7xx_it.o(i.UsageFault_Handler)
    __scatterload_copy                       0x0801103d   Thumb Code    14  handlers.o(i.__scatterload_copy)
    __scatterload_null                       0x0801104b   Thumb Code     2  handlers.o(i.__scatterload_null)
    __scatterload_zeroinit                   0x0801104d   Thumb Code    14  handlers.o(i.__scatterload_zeroinit)
    main                                     0x0801105d   Thumb Code   178  main.o(i.main)
    COM_TX_PIN                               0x08011148   Data           2  stm32h743i_eval.o(.constdata)
    COM_RX_PIN                               0x0801114a   Data           2  stm32h743i_eval.o(.constdata)
    COM_TX_AF                                0x0801114c   Data           2  stm32h743i_eval.o(.constdata)
    COM_RX_AF                                0x0801114e   Data           2  stm32h743i_eval.o(.constdata)
    BUTTON_PIN                               0x08011150   Data           6  stm32h743i_eval.o(.constdata)
    BUTTON_IRQn                              0x08011156   Data           6  stm32h743i_eval.o(.constdata)
    GPIO_PIN                                 0x0801115c   Data          16  stm32h743i_eval.o(.constdata)
    D1CorePrescTable                         0x0801116c   Data          16  system_stm32h7xx.o(.constdata)
    GUI_Font32_1                             0x08012fa8   Data          36  F32_1.o(.rodata)
    LCD_API_ColorConv_M565                   0x08012fcc   Data          24  GUICC_M565.o(.rodata)
    GUIDRV_Lin_16_API                        0x08012fe4   Data          52  GUIDRV_Lin_16.o(.rodata)
    GUI_Font32_ASCII_CharInfo                0x08014944   Data         760  F32_ASCII.o(.rodata)
    GUI_Font32_ASCII_Prop1                   0x08014c3c   Data          12  F32_ASCII.o(.rodata)
    GUI_Font32_ASCII                         0x08014c48   Data          36  F32_ASCII.o(.rodata)
    GUI_Font6x8                              0x08015360   Data          36  F6x8.o(.rodata)
    GUI_Font6x9                              0x08015384   Data          36  F6x8.o(.rodata)
    GUI__aConvert_15_255                     0x080153a8   Data          16  GUI__DivTbl.o(.rodata)
    GUI__aConvert_31_255                     0x080153b8   Data          32  GUI__DivTbl.o(.rodata)
    GUI__aConvert_63_255                     0x080153d8   Data          64  GUI__DivTbl.o(.rodata)
    GUI__aConvert_255_15                     0x08015418   Data         256  GUI__DivTbl.o(.rodata)
    GUI__aConvert_255_31                     0x08015518   Data         256  GUI__DivTbl.o(.rodata)
    GUI__aConvert_255_63                     0x08015618   Data         256  GUI__DivTbl.o(.rodata)
    LCD_aMirror                              0x08015718   Data         256  LCD_Mirror.o(.rodata)
    LCD_API_ColorConv_0                      0x08015818   Data          24  GUICC_0.o(.rodata)
    LCD_API_ColorConv_M8888I                 0x08015830   Data          24  GUICC_M8888I.o(.rodata)
    Region$$Table$$Base                      0x08015848   Number         0  anon$$obj.o(Region$$Table)
    Region$$Table$$Limit                     0x08015868   Number         0  anon$$obj.o(Region$$Table)
    ulResult                                 0x24000000   Data           4  main.o(.data)
    ldVolutage                               0x24000008   Data           8  main.o(.data)
    ADC_convertedvalue                       0x24000010   Data           8  main.o(.data)
    OS_TimeMS                                0x24000018   Data           4  gui_x.o(.data)
    SystemCoreClock                          0x2400002c   Data           4  system_stm32h7xx.o(.data)
    SystemD2Clock                            0x24000030   Data           4  system_stm32h7xx.o(.data)
    UART1RxBuff                              0x24000034   Data           1  usart.o(.data)
    UART3RxBuff                              0x24000035   Data           1  usart.o(.data)
    UART4RxBuff                              0x24000036   Data           1  usart.o(.data)
    UART5RxBuff                              0x24000037   Data           1  usart.o(.data)
    UART7RxBuff                              0x24000038   Data           1  usart.o(.data)
    UART8RxBuff                              0x24000039   Data           1  usart.o(.data)
    channelchange                            0x2400003c   Data           4  usart.o(.data)
    cnt                                      0x24000040   Data           4  usart.o(.data)
    upperRxBuffer                            0x24000044   Data           7  usart.o(.data)
    ADC_detectedvalue                        0x2400004c   Data           8  adc.o(.data)
    GUI_pfAfterInitHook                      0x240000d8   Data           4  GUI_Core.o(.data)
    GUI_pContext                             0x240000dc   Data           4  GUI_Core.o(.data)
    GUI__apDevice                            0x240000e0   Data           8  GUI_Core.o(.data)
    GUI_DecChar                              0x240000e8   Data           1  GUI_Core.o(.data)
    GUI__IsInitialized                       0x240000e9   Data           1  GUI_Core.o(.data)
    GUI_pUC_API                              0x240000ec   Data           4  GUI_Core.o(.data)
    GUI_pfTimerExec                          0x240000f0   Data           4  GUI_Core.o(.data)
    GUI__pFontDefault                        0x240000f4   Data           4  GUI_Core.o(.data)
    GUI__ColorDefault                        0x240000f8   Data           4  GUI_Core.o(.data)
    GUI__BkColorDefault                      0x240000fc   Data           4  GUI_Core.o(.data)
    GUI_pfGetpPalConvTable                   0x24000104   Data           4  GUI_Core.o(.data)
    LCD__pSetColorAPI                        0x24000108   Data           4  LCD.o(.data)
    GUI__pfMemset                            0x2400010c   Data           4  GUI__Private.o(.data)
    GUI__pfMemcpy                            0x24000110   Data           4  GUI__Private.o(.data)
    GUI__Wrap_pfGetWordWrap                  0x24000114   Data           4  GUI__Wrap.o(.data)
    GUI__Wrap_pfGetCharWrap                  0x24000118   Data           4  GUI__Wrap.o(.data)
    GUI_CharLine_pfLog2Vis                   0x2400011c   Data           4  GUI_CharLine.o(.data)
    LCD__aConvTable                          0x2400013c   Data           4  LCD_Color.o(.data)
    GUI__pfMixColors                         0x2400014c   Data           4  GUI__Alpha.o(.data)
    GUI__pfMixColorsBulk                     0x24000150   Data           4  GUI__Alpha.o(.data)
    WM__aCHWinModal                          0x24000154   Data          16  WM_Touch.o(.data)
    WM__ModalLayer                           0x24000164   Data           4  WM_Touch.o(.data)
    LCD_AA_pfMixColors16                     0x2400019c   Data           4  LCD_AA.o(.data)
    sdramHandle                              0x24000278   Data          52  stm32h743i_eval_sdram.o(.bss)
    hltdc                                    0x24000394   Data         168  lcdconf_stm32h743i_eval.o(.bss)
    huart1                                   0x240004b8   Data         128  usart.o(.bss)
    huart2                                   0x24000538   Data         128  usart.o(.bss)
    huart3                                   0x240005b8   Data         128  usart.o(.bss)
    huart4                                   0x24000638   Data         128  usart.o(.bss)
    huart5                                   0x240006b8   Data         128  usart.o(.bss)
    huart6                                   0x24000738   Data         128  usart.o(.bss)
    huart7                                   0x240007b8   Data         128  usart.o(.bss)
    huart8                                   0x24000838   Data         128  usart.o(.bss)
    AdcHandle                                0x24000930   Data         100  adc.o(.bss)
    sConfig                                  0x24000994   Data          28  adc.o(.bss)
    GUI_ALLOC__Context                       0x240009b0   Data         192  GUI_Alloc.o(.bss)
    GUI_pfExecAnimations                     0x24000a84   Data           4  GUI_Core.o(.bss)
    GUI_pfUpdateSoftLayer                    0x24000a88   Data           4  GUI_Core.o(.bss)
    WM_pfHandlePID                           0x24000a8c   Data           4  GUI_Core.o(.bss)
    GUI_pfDispCharStyle                      0x24000a90   Data           4  GUI_Core.o(.bss)
    GUI_pfDispCharLine                       0x24000a94   Data           4  GUI_Core.o(.bss)
    GUI__BufferSize                          0x24000a98   Data           4  GUI_Core.o(.bss)
    GUI_AA__ClipX0                           0x24000a9c   Data           4  GUI_Core.o(.bss)
    GUI__aNumBuffers                         0x24000aa0   Data           2  GUI_Core.o(.bss)
    GUI__PreserveTrans                       0x24000aa4   Data           1  GUI_Core.o(.bss)
    GUI_DCACHE__pfClearCacheHook             0x24000aa8   Data           4  GUI_Core.o(.bss)
    GUI__NumLayersInUse                      0x24000ab8   Data           1  GUI_Core.o(.bss)
    GUI__LayerMask                           0x24000abc   Data           4  GUI_Core.o(.bss)
    GUI_pLCD_APIList                         0x24000ac0   Data           4  GUI_Core.o(.bss)
    GUI_OrgX                                 0x24000ac4   Data           2  GUI_Core.o(.bss)
    GUI_OrgY                                 0x24000ac6   Data           2  GUI_Core.o(.bss)
    GUI__pfDrawM565MemdevFunc                0x24000ac8   Data           4  GUI_Core.o(.bss)
    GUI__pfDrawM565BitmapFunc                0x24000acc   Data           4  GUI_Core.o(.bss)
    WM__PaintCallbackCnt                     0x24000b98   Data           1  WM.o(.bss)
    WM__NumWindows                           0x24000b9a   Data           2  WM.o(.bss)
    WM__NumInvalidWindows                    0x24000b9c   Data           2  WM.o(.bss)
    WM__ahDesktopWin                         0x24000ba0   Data           8  WM.o(.bss)
    WM__ahCapture                            0x24000ba8   Data           8  WM.o(.bss)
    WM__ahWinFocus                           0x24000bb0   Data           8  WM.o(.bss)
    WM__InvalidLayerMask                     0x24000bb8   Data           4  WM.o(.bss)
    WM__TouchedLayer                         0x24000bbc   Data           4  WM.o(.bss)
    WM__FirstWin                             0x24000bc0   Data           4  WM.o(.bss)
    WM__pFirstCriticalHandle                 0x24000bc4   Data           4  WM.o(.bss)
    WM__aBkColor                             0x24000bc8   Data           8  WM.o(.bss)
    WM__CreateFlags                          0x24000bd0   Data           4  WM.o(.bss)
    WM_pfPollPID                             0x24000bd4   Data           4  WM.o(.bss)
    WM_MULTIBUF__pAPI                        0x24000bd8   Data           4  WM.o(.bss)
    WM__TransWindowCnt                       0x24000bdc   Data           4  WM.o(.bss)
    WM__hATransWindow                        0x24000be0   Data           4  WM.o(.bss)
    WM__pExecGestures                        0x24000be4   Data           4  WM.o(.bss)
    WM__hCreateStatic                        0x24000bfc   Data           4  WM.o(.bss)
    GUI__pfDrawAlphaMemdevFunc               0x24000c1c   Data           4  GUI__Alpha.o(.bss)
    GUI__pfDrawAlphaBitmapFunc               0x24000c20   Data           4  GUI__Alpha.o(.bss)
    WM__aCHWinLast                           0x24000c74   Data          16  WM_Touch.o(.bss)
    WM__aCHWinMouseOver                      0x24000c84   Data          16  WM_Touch.o(.bss)
    __initial_sp                             0x24004ca0   Data           0  startup_stm32h743xx.o(STACK)
    aMemory                                  0x24020000   Data       184320  guiconf_stm32h743i_eval.o(.ARM.__AT_0x24020000)



==============================================================================

Memory Map of the image

  Image Entry point : 0x08000299

  Load Region LR_IROM1 (Base: 0x08000000, Size: 0x00015a08, Max: 0x00200000, ABSOLUTE, COMPRESSED[0x000158e8])

    Execution Region ER_IROM1 (Base: 0x08000000, Size: 0x00015868, Max: 0x00200000, ABSOLUTE)

    Base Addr    Size         Type   Attr      Idx    E Section Name        Object

    0x08000000   0x00000298   Data   RO            3    RESET               startup_stm32h743xx.o
    0x08000298   0x00000000   Code   RO         9960  * .ARM.Collect$$$$00000000  mc_w.l(entry.o)
    0x08000298   0x00000004   Code   RO        10028    .ARM.Collect$$$$00000001  mc_w.l(entry2.o)
    0x0800029c   0x00000004   Code   RO        10031    .ARM.Collect$$$$00000004  mc_w.l(entry5.o)
    0x080002a0   0x00000000   Code   RO        10033    .ARM.Collect$$$$00000008  mc_w.l(entry7b.o)
    0x080002a0   0x00000000   Code   RO        10035    .ARM.Collect$$$$0000000A  mc_w.l(entry8b.o)
    0x080002a0   0x00000008   Code   RO        10036    .ARM.Collect$$$$0000000B  mc_w.l(entry9a.o)
    0x080002a8   0x00000000   Code   RO        10038    .ARM.Collect$$$$0000000D  mc_w.l(entry10a.o)
    0x080002a8   0x00000000   Code   RO        10040    .ARM.Collect$$$$0000000F  mc_w.l(entry11a.o)
    0x080002a8   0x00000004   Code   RO        10029    .ARM.Collect$$$$00002712  mc_w.l(entry2.o)
    0x080002ac   0x00000024   Code   RO            4    .text               startup_stm32h743xx.o
    0x080002d0   0x0000070c   Code   RO         7813    .text               STemWin540_CM7_IAR_ARGB.a(GUI_Alloc.o)
    0x080009dc   0x00000910   Code   RO         7865    .text               STemWin540_CM7_IAR_ARGB.a(GUI_Common.o)
    0x080012ec   0x000002fc   Code   RO         7976    .text               STemWin540_CM7_IAR_ARGB.a(GUI_Core.o)
    0x080015e8   0x00000182   Code   RO         8017    .text               STemWin540_CM7_IAR_ARGB.a(GUI_Device.o)
    0x0800176a   0x00000002   PAD
    0x0800176c   0x00000454   Code   RO         8033    .text               STemWin540_CM7_IAR_ARGB.a(GUI_DispString.o)
    0x08001bc0   0x000001ec   Code   RO         8057    .text               STemWin540_CM7_IAR_ARGB.a(GUI_MULTIBUF.o)
    0x08001dac   0x00000094   Code   RO         8087    .text               STemWin540_CM7_IAR_ARGB.a(GUI_SelectLayer.o)
    0x08001e40   0x000000f8   Code   RO         8130    .text               STemWin540_CM7_IAR_ARGB.a(GUICC_M565.o)
    0x08001f38   0x00000c14   Code   RO         8144    .text               STemWin540_CM7_IAR_ARGB.a(GUIDRV_Lin_16.o)
    0x08002b4c   0x000005f0   Code   RO         8224    .text               STemWin540_CM7_IAR_ARGB.a(LCD.o)
    0x0800313c   0x0000020c   Code   RO         8292    .text               STemWin540_CM7_IAR_ARGB.a(LCD_GetEx.o)
    0x08003348   0x000002d8   Code   RO         8341    .text               STemWin540_CM7_IAR_ARGB.a(LCD_Set.o)
    0x08003620   0x00000494   Code   RO         8409    .text               STemWin540_CM7_IAR_ARGB.a(GUI__Private.o)
    0x08003ab4   0x000002a0   Code   RO         8444    .text               STemWin540_CM7_IAR_ARGB.a(GUI__SinHQ.o)
    0x08003d54   0x000001a0   Code   RO         8454    .text               STemWin540_CM7_IAR_ARGB.a(GUI__Wrap.o)
    0x08003ef4   0x0000009c   Code   RO         8470    .text               STemWin540_CM7_IAR_ARGB.a(GUI_Char.o)
    0x08003f90   0x000001d4   Code   RO         8484    .text               STemWin540_CM7_IAR_ARGB.a(GUI_CharLine.o)
    0x08004164   0x0000012c   Code   RO         8498    .text               STemWin540_CM7_IAR_ARGB.a(GUI_CharP.o)
    0x08004290   0x000000a4   Code   RO         8510    .text               STemWin540_CM7_IAR_ARGB.a(GUI_DispChar.o)
    0x08004334   0x000000d4   Code   RO         8523    .text               STemWin540_CM7_IAR_ARGB.a(GUI_OnKey.o)
    0x08004408   0x000000aa   Code   RO         8540    .text               STemWin540_CM7_IAR_ARGB.a(GUI_UC.o)
    0x080044b2   0x00000002   PAD
    0x080044b4   0x00000030   Code   RO         8555    .text               STemWin540_CM7_IAR_ARGB.a(GUI_UC_EncodeNone.o)
    0x080044e4   0x00000064   Code   RO         8586    .text               STemWin540_CM7_IAR_ARGB.a(GUI_WaitEvent.o)
    0x08004548   0x00000998   Code   RO         8600    .text               STemWin540_CM7_IAR_ARGB.a(GUIDEV_16.o)
    0x08004ee0   0x0000012c   Code   RO         8658    .text               STemWin540_CM7_IAR_ARGB.a(LCD_Color.o)
    0x0800500c   0x00000018   Code   RO         8675    .text               STemWin540_CM7_IAR_ARGB.a(LCD_GetColorIndex.o)
    0x08005024   0x0000005e   Code   RO         8684    .text               STemWin540_CM7_IAR_ARGB.a(LCD_GetP.o)
    0x08005082   0x00000002   PAD
    0x08005084   0x00000044   Code   RO         8697    .text               STemWin540_CM7_IAR_ARGB.a(LCD_SelectLCD.o)
    0x080050c8   0x00000024   Code   RO         8704    .text               STemWin540_CM7_IAR_ARGB.a(LCD_UpdateColorIndices.o)
    0x080050ec   0x00001224   Code   RO         8711    .text               STemWin540_CM7_IAR_ARGB.a(WM.o)
    0x08006310   0x00000b50   Code   RO         8815    .text               STemWin540_CM7_IAR_ARGB.a(WM_Lib.o)
    0x08006e60   0x00000374   Code   RO         8932    .text               STemWin540_CM7_IAR_ARGB.a(GUI__Alpha.o)
    0x080071d4   0x0000010c   Code   RO         8959    .text               STemWin540_CM7_IAR_ARGB.a(GUI__ManageCache.o)
    0x080072e0   0x00000170   Code   RO         8978    .text               STemWin540_CM7_IAR_ARGB.a(GUI_CharM.o)
    0x08007450   0x00000398   Code   RO         8995    .text               STemWin540_CM7_IAR_ARGB.a(GUI_Timer.o)
    0x080077e8   0x000000e8   Code   RO         9030    .text               STemWin540_CM7_IAR_ARGB.a(GUICC_0.o)
    0x080078d0   0x0000034c   Code   RO         9043    .text               STemWin540_CM7_IAR_ARGB.a(GUIDEV.o)
    0x08007c1c   0x00000158   Code   RO         9065    .text               STemWin540_CM7_IAR_ARGB.a(GUIDEV_Banding.o)
    0x08007d74   0x000004fc   Code   RO         9076    .text               STemWin540_CM7_IAR_ARGB.a(GUIDEV_StaticDevices.o)
    0x08008270   0x0000006e   Code   RO         9100    .text               STemWin540_CM7_IAR_ARGB.a(GUIDEV_Usage.o)
    0x080082de   0x00000002   PAD
    0x080082e0   0x0000061c   Code   RO         9110    .text               STemWin540_CM7_IAR_ARGB.a(GUIDEV_WriteToActiveOpaque.o)
    0x080088fc   0x0000001a   Code   RO         9149    .text               STemWin540_CM7_IAR_ARGB.a(LCD_GetNumDisplays.o)
    0x08008916   0x0000000e   Code   RO         9154    .text               STemWin540_CM7_IAR_ARGB.a(LCD_GetPixelColor.o)
    0x08008924   0x00000030   Code   RO         9159    .text               STemWin540_CM7_IAR_ARGB.a(LCD_SetClipRectEx.o)
    0x08008954   0x00000344   Code   RO         9166    .text               STemWin540_CM7_IAR_ARGB.a(WM__Private.o)
    0x08008c98   0x0000015c   Code   RO         9199    .text               STemWin540_CM7_IAR_ARGB.a(WM_Move.o)
    0x08008df4   0x0000014c   Code   RO         9217    .text               STemWin540_CM7_IAR_ARGB.a(WM_Timer.o)
    0x08008f40   0x00000276   Code   RO         9262    .text               STemWin540_CM7_IAR_ARGB.a(GUI__CompactPixelIndices.o)
    0x080091b6   0x00000002   PAD
    0x080091b8   0x000001f2   Code   RO         9278    .text               STemWin540_CM7_IAR_ARGB.a(GUI__ExpandPixelIndices.o)
    0x080093aa   0x00000002   PAD
    0x080093ac   0x00000b60   Code   RO         9340    .text               STemWin540_CM7_IAR_ARGB.a(GUI_SetAlpha.o)
    0x08009f0c   0x00000040   Code   RO         9424    .text               STemWin540_CM7_IAR_ARGB.a(GUI_Time.o)
    0x08009f4c   0x0000002a   Code   RO         9435    .text               STemWin540_CM7_IAR_ARGB.a(GUICC_M8888I.o)
    0x08009f76   0x00000002   Code   RO         9446    .text               STemWin540_CM7_IAR_ARGB.a(GUICC_M8888I_Index2Color.o)
    0x08009f78   0x00000006   Code   RO         9451    .text               STemWin540_CM7_IAR_ARGB.a(GUICC_M888_Index2Color.o)
    0x08009f7e   0x00000002   PAD
    0x08009f80   0x00000970   Code   RO         9456    .text               STemWin540_CM7_IAR_ARGB.a(GUIDEV_32.o)
    0x0800a8f0   0x0000003c   Code   RO         9510    .text               STemWin540_CM7_IAR_ARGB.a(GUIDEV_Clear.o)
    0x0800a92c   0x0000003c   Code   RO         9517    .text               STemWin540_CM7_IAR_ARGB.a(GUIDEV_CreateFixed.o)
    0x0800a968   0x0000001c   Code   RO         9526    .text               STemWin540_CM7_IAR_ARGB.a(GUIDEV_GetDataPtr.o)
    0x0800a984   0x0000004c   Code   RO         9533    .text               STemWin540_CM7_IAR_ARGB.a(GUIDEV_GetPos.o)
    0x0800a9d0   0x00000028   Code   RO         9546    .text               STemWin540_CM7_IAR_ARGB.a(GUIDEV_GetXSize.o)
    0x0800a9f8   0x00000028   Code   RO         9553    .text               STemWin540_CM7_IAR_ARGB.a(GUIDEV_GetYSize.o)
    0x0800aa20   0x00000030   Code   RO         9560    .text               STemWin540_CM7_IAR_ARGB.a(GUIDEV_ReduceYSize.o)
    0x0800aa50   0x00000068   Code   RO         9567    .text               STemWin540_CM7_IAR_ARGB.a(GUIDEV_SetOrg.o)
    0x0800aab8   0x000001ac   Code   RO         9574    .text               STemWin540_CM7_IAR_ARGB.a(GUIDEV_UsageBM.o)
    0x0800ac64   0x000000b0   Code   RO         9587    .text               STemWin540_CM7_IAR_ARGB.a(GUIDEV_Write.o)
    0x0800ad14   0x0000024e   Code   RO         9602    .text               STemWin540_CM7_IAR_ARGB.a(LCD_ReadRect.o)
    0x0800af62   0x00000002   PAD
    0x0800af64   0x000002c0   Code   RO         9880    .text               STemWin540_CM7_IAR_ARGB.a(GUIDEV_WriteToActiveAlpha.o)
    0x0800b224   0x00000328   Code   RO         9896    .text               STemWin540_CM7_IAR_ARGB.a(LCD_AA.o)
    0x0800b54c   0x00000062   Code   RO         9963    .text               mc_w.l(uldiv.o)
    0x0800b5ae   0x00000042   Code   RO         9969    .text               mc_w.l(memmove.o)
    0x0800b5f0   0x00000024   Code   RO         9975    .text               mc_w.l(memseta.o)
    0x0800b614   0x00000012   Code   RO         9977    .text               mc_w.l(strcpy.o)
    0x0800b626   0x0000001e   Code   RO        10042    .text               mc_w.l(llshl.o)
    0x0800b644   0x00000020   Code   RO        10044    .text               mc_w.l(llushr.o)
    0x0800b664   0x00000024   Code   RO        10058    .text               mc_w.l(init.o)
    0x0800b688   0x00000056   Code   RO        10068    .text               mc_w.l(__dczerorl2.o)
    0x0800b6de   0x00000002   PAD
    0x0800b6e0   0x000000bc   Code   RO         2599    i.ADC_ConversionStop  stm32h7xx_hal_adc.o
    0x0800b79c   0x00000058   Code   RO         2600    i.ADC_DMAConvCplt   stm32h7xx_hal_adc.o
    0x0800b7f4   0x0000001a   Code   RO         2601    i.ADC_DMAError      stm32h7xx_hal_adc.o
    0x0800b80e   0x0000000a   Code   RO         2602    i.ADC_DMAHalfConvCplt  stm32h7xx_hal_adc.o
    0x0800b818   0x00000062   Code   RO         2603    i.ADC_Disable       stm32h7xx_hal_adc.o
    0x0800b87a   0x00000002   PAD
    0x0800b87c   0x00000068   Code   RO         2604    i.ADC_Enable        stm32h7xx_hal_adc.o
    0x0800b8e4   0x000000a0   Code   RO         2221    i.ADC_Init          adc.o
    0x0800b984   0x00000014   Code   RO         1165    i.BSP_IO_WritePin   stm32h743i_eval_io.o
    0x0800b998   0x000000c4   Code   RO         1882    i.BSP_Init          bsp.o
    0x0800ba5c   0x00000038   Code   RO         1354    i.BSP_LED_On        stm32h743i_eval.o
    0x0800ba94   0x0000007c   Code   RO         1256    i.BSP_SDRAM_Init    stm32h743i_eval_sdram.o
    0x0800bb10   0x00000088   Code   RO         1257    i.BSP_SDRAM_Initialization_sequence  stm32h743i_eval_sdram.o
    0x0800bb98   0x00000168   Code   RO         1259    i.BSP_SDRAM_MspInit  stm32h743i_eval_sdram.o
    0x0800bd00   0x00000002   Code   RO          751    i.BusFault_Handler  stm32h7xx_it.o
    0x0800bd02   0x00000002   PAD
    0x0800bd04   0x0000007c   Code   RO         1019    i.CPU_CACHE_Enable  main.o
    0x0800bd80   0x00000040   Code   RO         1692    i.CUSTOM_CopyBuffer  lcdconf_stm32h743i_eval.o
    0x0800bdc0   0x00000044   Code   RO         1693    i.CUSTOM_CopyRect   lcdconf_stm32h743i_eval.o
    0x0800be04   0x00000060   Code   RO         1695    i.CUSTOM_DrawBitmap32bpp  lcdconf_stm32h743i_eval.o
    0x0800be64   0x000000b0   Code   RO         1696    i.CUSTOM_FillRect   lcdconf_stm32h743i_eval.o
    0x0800bf14   0x00000048   Code   RO         1697    i.DMA2D_CopyBuffer  lcdconf_stm32h743i_eval.o
    0x0800bf5c   0x0000000c   Code   RO          752    i.DMA2_Stream0_IRQHandler  stm32h7xx_it.o
    0x0800bf68   0x00000028   Code   RO         3286    i.DMA_CalcBaseAndBitshift  stm32h7xx_hal_dma.o
    0x0800bf90   0x0000005c   Code   RO         3287    i.DMA_CalcDMAMUXChannelBaseAndMask  stm32h7xx_hal_dma.o
    0x0800bfec   0x00000040   Code   RO         3288    i.DMA_CalcDMAMUXRequestGenBaseAndMask  stm32h7xx_hal_dma.o
    0x0800c02c   0x00000054   Code   RO         3289    i.DMA_CheckFifoParam  stm32h7xx_hal_dma.o
    0x0800c080   0x00000078   Code   RO         3290    i.DMA_SetConfig     stm32h7xx_hal_dma.o
    0x0800c0f8   0x00000002   Code   RO          753    i.DebugMon_Handler  stm32h7xx_it.o
    0x0800c0fa   0x00000002   PAD
    0x0800c0fc   0x00000020   Code   RO         1906    i.Error_Handler     usart.o
    0x0800c11c   0x0000005e   Code   RO         7673    i.FMC_SDRAM_Init    stm32h7xx_ll_fmc.o
    0x0800c17a   0x0000000c   Code   RO         7674    i.FMC_SDRAM_ProgramRefreshRate  stm32h7xx_ll_fmc.o
    0x0800c186   0x00000020   Code   RO         7675    i.FMC_SDRAM_SendCommand  stm32h7xx_ll_fmc.o
    0x0800c1a6   0x00000002   PAD
    0x0800c1a8   0x0000008c   Code   RO         7677    i.FMC_SDRAM_Timing_Init  stm32h7xx_ll_fmc.o
    0x0800c234   0x00000010   Code   RO         1826    i.GUI_X_Config      guiconf_stm32h743i_eval.o
    0x0800c244   0x00000014   Code   RO         1102    i.GUI_X_Delay       gui_x.o
    0x0800c258   0x00000002   Code   RO         1104    i.GUI_X_ExecIdle    gui_x.o
    0x0800c25a   0x00000002   PAD
    0x0800c25c   0x0000000c   Code   RO         1105    i.GUI_X_GetTime     gui_x.o
    0x0800c268   0x00000002   Code   RO         1106    i.GUI_X_Init        gui_x.o
    0x0800c26a   0x00000002   PAD
    0x0800c26c   0x0000001c   Code   RO         1698    i.GetBufferSize     lcdconf_stm32h743i_eval.o
    0x0800c288   0x0000009e   Code   RO         2787    i.HAL_ADCEx_Calibration_Start  stm32h7xx_hal_adc_ex.o
    0x0800c326   0x00000002   PAD
    0x0800c328   0x000004d4   Code   RO         2606    i.HAL_ADC_ConfigChannel  stm32h7xx_hal_adc.o
    0x0800c7fc   0x0000000c   Code   RO         2222    i.HAL_ADC_ConvCpltCallback  adc.o
    0x0800c808   0x0000000c   Code   RO         2223    i.HAL_ADC_ConvHalfCpltCallback  adc.o
    0x0800c814   0x0000026c   Code   RO         2609    i.HAL_ADC_DeInit    stm32h7xx_hal_adc.o
    0x0800ca80   0x00000002   Code   RO         2610    i.HAL_ADC_ErrorCallback  stm32h7xx_hal_adc.o
    0x0800ca82   0x00000002   PAD
    0x0800ca84   0x00000274   Code   RO         2615    i.HAL_ADC_Init      stm32h7xx_hal_adc.o
    0x0800ccf8   0x00000030   Code   RO         2224    i.HAL_ADC_MspDeInit  adc.o
    0x0800cd28   0x000000b8   Code   RO         2225    i.HAL_ADC_MspInit   adc.o
    0x0800cde0   0x00000100   Code   RO         2622    i.HAL_ADC_Start_DMA  stm32h7xx_hal_adc.o
    0x0800cee0   0x00000092   Code   RO         3493    i.HAL_DMA2D_Init    stm32h7xx_hal_dma2d.o
    0x0800cf72   0x00000002   PAD
    0x0800cf74   0x0000001c   Code   RO         1700    i.HAL_DMA2D_MspInit  lcdconf_stm32h743i_eval.o
    0x0800cf90   0x00000094   Code   RO         3292    i.HAL_DMA_Abort_IT  stm32h7xx_hal_dma.o
    0x0800d024   0x000000c8   Code   RO         3293    i.HAL_DMA_DeInit    stm32h7xx_hal_dma.o
    0x0800d0ec   0x000002c4   Code   RO         3296    i.HAL_DMA_IRQHandler  stm32h7xx_hal_dma.o
    0x0800d3b0   0x000001a4   Code   RO         3297    i.HAL_DMA_Init      stm32h7xx_hal_dma.o
    0x0800d554   0x000000d0   Code   RO         3301    i.HAL_DMA_Start_IT  stm32h7xx_hal_dma.o
    0x0800d624   0x00000024   Code   RO         2292    i.HAL_Delay         stm32h7xx_hal.o
    0x0800d648   0x00000154   Code   RO         3931    i.HAL_GPIO_DeInit   stm32h7xx_hal_gpio.o
    0x0800d79c   0x000001f4   Code   RO         3934    i.HAL_GPIO_Init     stm32h7xx_hal_gpio.o
    0x0800d990   0x0000000a   Code   RO         3938    i.HAL_GPIO_WritePin  stm32h7xx_hal_gpio.o
    0x0800d99a   0x00000002   PAD
    0x0800d99c   0x0000000c   Code   RO         2308    i.HAL_GetTick       stm32h7xx_hal.o
    0x0800d9a8   0x00000010   Code   RO         2311    i.HAL_IncTick       stm32h7xx_hal.o
    0x0800d9b8   0x0000001c   Code   RO         2312    i.HAL_Init          stm32h7xx_hal.o
    0x0800d9d4   0x00000040   Code   RO         2313    i.HAL_InitTick      stm32h7xx_hal.o
    0x0800da14   0x0000008c   Code   RO         4677    i.HAL_LTDC_ConfigCLUT  stm32h7xx_hal_ltdc.o
    0x0800daa0   0x00000040   Code   RO         4678    i.HAL_LTDC_ConfigColorKeying  stm32h7xx_hal_ltdc.o
    0x0800dae0   0x00000052   Code   RO         4680    i.HAL_LTDC_ConfigLayer  stm32h7xx_hal_ltdc.o
    0x0800db32   0x00000018   Code   RO         4682    i.HAL_LTDC_DeInit   stm32h7xx_hal_ltdc.o
    0x0800db4a   0x0000003c   Code   RO         4685    i.HAL_LTDC_DisableColorKeying  stm32h7xx_hal_ltdc.o
    0x0800db86   0x0000003c   Code   RO         4688    i.HAL_LTDC_EnableCLUT  stm32h7xx_hal_ltdc.o
    0x0800dbc2   0x0000003c   Code   RO         4690    i.HAL_LTDC_EnableColorKeying  stm32h7xx_hal_ltdc.o
    0x0800dbfe   0x00000002   PAD
    0x0800dc00   0x00000038   Code   RO         4692    i.HAL_LTDC_EnableDither  stm32h7xx_hal_ltdc.o
    0x0800dc38   0x00000002   Code   RO         4693    i.HAL_LTDC_ErrorCallback  stm32h7xx_hal_ltdc.o
    0x0800dc3a   0x000000c8   Code   RO         4696    i.HAL_LTDC_IRQHandler  stm32h7xx_hal_ltdc.o
    0x0800dd02   0x00000002   PAD
    0x0800dd04   0x000000f8   Code   RO         4697    i.HAL_LTDC_Init     stm32h7xx_hal_ltdc.o
    0x0800ddfc   0x00000050   Code   RO         1701    i.HAL_LTDC_LineEventCallback  lcdconf_stm32h743i_eval.o
    0x0800de4c   0x00000018   Code   RO         1702    i.HAL_LTDC_MspDeInit  lcdconf_stm32h743i_eval.o
    0x0800de64   0x000000c4   Code   RO         1703    i.HAL_LTDC_MspInit  lcdconf_stm32h743i_eval.o
    0x0800df28   0x00000044   Code   RO         4701    i.HAL_LTDC_ProgramLineEvent  stm32h7xx_hal_ltdc.o
    0x0800df6c   0x00000002   Code   RO         4703    i.HAL_LTDC_ReloadEventCallback  stm32h7xx_hal_ltdc.o
    0x0800df6e   0x00000044   Code   RO         4704    i.HAL_LTDC_SetAddress  stm32h7xx_hal_ltdc.o
    0x0800dfb2   0x00000044   Code   RO         4706    i.HAL_LTDC_SetAlpha  stm32h7xx_hal_ltdc.o
    0x0800dff6   0x00000054   Code   RO         4712    i.HAL_LTDC_SetWindowPosition  stm32h7xx_hal_ltdc.o
    0x0800e04a   0x00000066   Code   RO         4955    i.HAL_MDMA_DeInit   stm32h7xx_hal_mdma.o
    0x0800e0b0   0x0000005e   Code   RO         4960    i.HAL_MDMA_Init     stm32h7xx_hal_mdma.o
    0x0800e10e   0x00000002   PAD
    0x0800e110   0x0000005c   Code   RO         3014    i.HAL_MPU_ConfigRegion  stm32h7xx_hal_cortex.o
    0x0800e16c   0x00000002   Code   RO         2315    i.HAL_MspInit       stm32h7xx_hal.o
    0x0800e16e   0x0000001a   Code   RO         3017    i.HAL_NVIC_EnableIRQ  stm32h7xx_hal_cortex.o
    0x0800e188   0x00000040   Code   RO         3023    i.HAL_NVIC_SetPriority  stm32h7xx_hal_cortex.o
    0x0800e1c8   0x00000024   Code   RO         3024    i.HAL_NVIC_SetPriorityGrouping  stm32h7xx_hal_cortex.o
    0x0800e1ec   0x00000034   Code   RO         5736    i.HAL_RCCEx_GetD1SysClockFreq  stm32h7xx_hal_rcc_ex.o
    0x0800e220   0x0000002c   Code   RO         5737    i.HAL_RCCEx_GetD3PCLK1Freq  stm32h7xx_hal_rcc_ex.o
    0x0800e24c   0x00000120   Code   RO         5739    i.HAL_RCCEx_GetPLL2ClockFreq  stm32h7xx_hal_rcc_ex.o
    0x0800e36c   0x00000120   Code   RO         5740    i.HAL_RCCEx_GetPLL3ClockFreq  stm32h7xx_hal_rcc_ex.o
    0x0800e48c   0x00000994   Code   RO         5744    i.HAL_RCCEx_PeriphCLKConfig  stm32h7xx_hal_rcc_ex.o
    0x0800ee20   0x000001dc   Code   RO         5629    i.HAL_RCC_ClockConfig  stm32h7xx_hal_rcc.o
    0x0800effc   0x00000034   Code   RO         5633    i.HAL_RCC_GetHCLKFreq  stm32h7xx_hal_rcc.o
    0x0800f030   0x0000002c   Code   RO         5635    i.HAL_RCC_GetPCLK1Freq  stm32h7xx_hal_rcc.o
    0x0800f05c   0x0000002c   Code   RO         5636    i.HAL_RCC_GetPCLK2Freq  stm32h7xx_hal_rcc.o
    0x0800f088   0x00000130   Code   RO         5637    i.HAL_RCC_GetSysClockFreq  stm32h7xx_hal_rcc.o
    0x0800f1b8   0x00000094   Code   RO         5638    i.HAL_RCC_MCOConfig  stm32h7xx_hal_rcc.o
    0x0800f24c   0x000004b8   Code   RO         5640    i.HAL_RCC_OscConfig  stm32h7xx_hal_rcc.o
    0x0800f704   0x00000050   Code   RO         6022    i.HAL_SDRAM_Init    stm32h7xx_hal_sdram.o
    0x0800f754   0x00000002   Code   RO         6024    i.HAL_SDRAM_MspInit  stm32h7xx_hal_sdram.o
    0x0800f756   0x00000022   Code   RO         6025    i.HAL_SDRAM_ProgramRefreshRate  stm32h7xx_hal_sdram.o
    0x0800f778   0x00000030   Code   RO         6031    i.HAL_SDRAM_SendCommand  stm32h7xx_hal_sdram.o
    0x0800f7a8   0x00000018   Code   RO         3026    i.HAL_SYSTICK_CLKSourceConfig  stm32h7xx_hal_cortex.o
    0x0800f7c0   0x00000026   Code   RO         3028    i.HAL_SYSTICK_Config  stm32h7xx_hal_cortex.o
    0x0800f7e6   0x00000002   Code   RO         7573    i.HAL_UARTEx_WakeupCallback  stm32h7xx_hal_uart_ex.o
    0x0800f7e8   0x00000006   Code   RO         1020    i.HAL_UART_ErrorCallback  main.o
    0x0800f7ee   0x00000002   PAD
    0x0800f7f0   0x00000180   Code   RO         7242    i.HAL_UART_IRQHandler  stm32h7xx_hal_uart.o
    0x0800f970   0x0000006a   Code   RO         7243    i.HAL_UART_Init     stm32h7xx_hal_uart.o
    0x0800f9da   0x00000002   PAD
    0x0800f9dc   0x00000244   Code   RO         1908    i.HAL_UART_MspInit  usart.o
    0x0800fc20   0x000000a8   Code   RO         7248    i.HAL_UART_Receive_IT  stm32h7xx_hal_uart.o
    0x0800fcc8   0x000000b0   Code   RO         1909    i.HAL_UART_RxCpltCallback  usart.o
    0x0800fd78   0x000000b6   Code   RO         7251    i.HAL_UART_Transmit  stm32h7xx_hal_uart.o
    0x0800fe2e   0x00000006   Code   RO         1021    i.HAL_UART_TxCpltCallback  main.o
    0x0800fe34   0x00000002   Code   RO          754    i.HardFault_Handler  stm32h7xx_it.o
    0x0800fe36   0x0000000a   Code   RO         1704    i.LCD_LL_GetPixelformat  lcdconf_stm32h743i_eval.o
    0x0800fe40   0x000000b0   Code   RO         1705    i.LCD_LL_Init       lcdconf_stm32h743i_eval.o
    0x0800fef0   0x00000070   Code   RO         1706    i.LCD_LL_LayerInit  lcdconf_stm32h743i_eval.o
    0x0800ff60   0x000000cc   Code   RO         1707    i.LCD_X_Config      lcdconf_stm32h743i_eval.o
    0x0801002c   0x0000011c   Code   RO         1708    i.LCD_X_DisplayDriver  lcdconf_stm32h743i_eval.o
    0x08010148   0x0000000c   Code   RO          755    i.LTDC_IRQHandler   stm32h7xx_it.o
    0x08010154   0x000001d0   Code   RO         4716    i.LTDC_SetConfig    stm32h7xx_hal_ltdc.o
    0x08010324   0x000000dc   Code   RO         4971    i.MDMA_Init         stm32h7xx_hal_mdma.o
    0x08010400   0x0000006c   Code   RO         1022    i.MPU_Config        main.o
    0x0801046c   0x00000050   Code   RO          712    i.MainTask          basic_helloworld.o
    0x080104bc   0x00000002   Code   RO          756    i.MemManage_Handler  stm32h7xx_it.o
    0x080104be   0x00000002   Code   RO          757    i.NMI_Handler       stm32h7xx_it.o
    0x080104c0   0x00000002   Code   RO          758    i.PendSV_Handler    stm32h7xx_it.o
    0x080104c2   0x00000002   PAD
    0x080104c4   0x000000d4   Code   RO         5747    i.RCCEx_PLL2_Config  stm32h7xx_hal_rcc_ex.o
    0x08010598   0x000000d4   Code   RO         5748    i.RCCEx_PLL3_Config  stm32h7xx_hal_rcc_ex.o
    0x0801066c   0x00000024   Code   RO         2226    i.SCB_InvalidateDCache_by_Addr  adc.o
    0x08010690   0x00000014   Code   RO          759    i.SysTick_Handler   stm32h7xx_it.o
    0x080106a4   0x000000b8   Code   RO         1023    i.SystemClock_Config  main.o
    0x0801075c   0x00000088   Code   RO         1845    i.SystemInit        system_stm32h7xx.o
    0x080107e4   0x0000000c   Code   RO          760    i.UART4_IRQHandler  stm32h7xx_it.o
    0x080107f0   0x0000000c   Code   RO          761    i.UART5_IRQHandler  stm32h7xx_it.o
    0x080107fc   0x0000000c   Code   RO          762    i.UART7_IRQHandler  stm32h7xx_it.o
    0x08010808   0x0000000c   Code   RO          763    i.UART8_IRQHandler  stm32h7xx_it.o
    0x08010814   0x00000044   Code   RO         1914    i.UART8_Init        usart.o
    0x08010858   0x000000c8   Code   RO         7256    i.UART_AdvFeatureConfig  stm32h7xx_hal_uart.o
    0x08010920   0x0000005c   Code   RO         7257    i.UART_CheckIdleState  stm32h7xx_hal_uart.o
    0x0801097c   0x00000014   Code   RO         7258    i.UART_DMAAbortOnError  stm32h7xx_hal_uart.o
    0x08010990   0x0000001c   Code   RO         7268    i.UART_EndRxTransfer  stm32h7xx_hal_uart.o
    0x080109ac   0x00000076   Code   RO         7270    i.UART_Receive_IT   stm32h7xx_hal_uart.o
    0x08010a22   0x00000002   PAD
    0x08010a24   0x000004e8   Code   RO         7271    i.UART_SetConfig    stm32h7xx_hal_uart.o
    0x08010f0c   0x00000076   Code   RO         7272    i.UART_Transmit_IT  stm32h7xx_hal_uart.o
    0x08010f82   0x00000064   Code   RO         7273    i.UART_WaitOnFlagUntilTimeout  stm32h7xx_hal_uart.o
    0x08010fe6   0x00000002   PAD
    0x08010fe8   0x0000000c   Code   RO          764    i.USART1_IRQHandler  stm32h7xx_it.o
    0x08010ff4   0x0000000c   Code   RO          765    i.USART2_IRQHandler  stm32h7xx_it.o
    0x08011000   0x0000000c   Code   RO          766    i.USART3_IRQHandler  stm32h7xx_it.o
    0x0801100c   0x0000000c   Code   RO          767    i.USART6_IRQHandler  stm32h7xx_it.o
    0x08011018   0x00000002   Code   RO          768    i.UsageFault_Handler  stm32h7xx_it.o
    0x0801101a   0x00000022   Code   RO         3030    i.__NVIC_SetPriority  stm32h7xx_hal_cortex.o
    0x0801103c   0x0000000e   Code   RO        10062    i.__scatterload_copy  mc_w.l(handlers.o)
    0x0801104a   0x00000002   Code   RO        10063    i.__scatterload_null  mc_w.l(handlers.o)
    0x0801104c   0x0000000e   Code   RO        10064    i.__scatterload_zeroinit  mc_w.l(handlers.o)
    0x0801105a   0x00000002   PAD
    0x0801105c   0x000000ec   Code   RO         1026    i.main              main.o
    0x08011148   0x00000024   Data   RO         1397    .constdata          stm32h743i_eval.o
    0x0801116c   0x00000010   Data   RO         1846    .constdata          system_stm32h7xx.o
    0x0801117c   0x00000008   Data   RO         3303    .constdata          stm32h7xx_hal_dma.o
    0x08011184   0x00000018   Data   RO         7274    .constdata          stm32h7xx_hal_uart.o
    0x0801119c   0x00001e30   Data   RO         7806    .rodata             STemWin540_CM7_IAR_ARGB.a(F32_1.o)
    0x08012fcc   0x00000018   Data   RO         8131    .rodata             STemWin540_CM7_IAR_ARGB.a(GUICC_M565.o)
    0x08012fe4   0x00000034   Data   RO         8145    .rodata             STemWin540_CM7_IAR_ARGB.a(GUIDRV_Lin_16.o)
    0x08013018   0x0000000c   Data   RO         8225    .rodata             STemWin540_CM7_IAR_ARGB.a(LCD.o)
    0x08013024   0x00001c48   Data   RO         8390    .rodata             STemWin540_CM7_IAR_ARGB.a(F32_ASCII.o)
    0x08014c6c   0x0000073c   Data   RO         8395    .rodata             STemWin540_CM7_IAR_ARGB.a(F6x8.o)
    0x080153a8   0x00000370   Data   RO         8400    .rodata             STemWin540_CM7_IAR_ARGB.a(GUI__DivTbl.o)
    0x08015718   0x00000100   Data   RO         8693    .rodata             STemWin540_CM7_IAR_ARGB.a(LCD_Mirror.o)
    0x08015818   0x00000018   Data   RO         9031    .rodata             STemWin540_CM7_IAR_ARGB.a(GUICC_0.o)
    0x08015830   0x00000018   Data   RO         9436    .rodata             STemWin540_CM7_IAR_ARGB.a(GUICC_M8888I.o)
    0x08015848   0x00000020   Data   RO        10060    Region$$Table       anon$$obj.o


    Execution Region RW_IRAM2 (Base: 0x24000000, Size: 0x0004d000, Max: 0x00080000, ABSOLUTE, COMPRESSED[0x00000080])

    Base Addr    Size         Type   Attr      Idx    E Section Name        Object

    0x24000000   0x00000018   Data   RW         1029    .data               main.o
    0x24000018   0x00000004   Data   RW         1109    .data               gui_x.o
    0x2400001c   0x00000008   Data   RW         1166    .data               stm32h743i_eval_io.o
    0x24000024   0x00000002   Data   RW         1266    .data               stm32h743i_eval_sdram.o
    0x24000026   0x00000002   PAD
    0x24000028   0x00000004   Data   RW         1710    .data               lcdconf_stm32h743i_eval.o
    0x2400002c   0x00000004   Data   RW         1847    .data               system_stm32h7xx.o
    0x24000030   0x00000004   Data   RW         1848    .data               system_stm32h7xx.o
    0x24000034   0x00000017   Data   RW         1928    .data               usart.o
    0x2400004b   0x00000001   PAD
    0x2400004c   0x00000008   Data   RW         2228    .data               adc.o
    0x24000054   0x0000000c   Data   RW         2334    .data               stm32h7xx_hal.o
    0x24000060   0x00000008   Data   RW         7862    .data               STemWin540_CM7_IAR_ARGB.a(GUI_Common.o)
    0x24000068   0x00000080   Data   RW         7973    .data               STemWin540_CM7_IAR_ARGB.a(GUI_Core.o)
    0x240000e8   0x0000001c   Data   RW         7974    .data               STemWin540_CM7_IAR_ARGB.a(GUI_Core.o)
    0x24000104   0x00000004   Data   RW         7975    .data               STemWin540_CM7_IAR_ARGB.a(GUI_Core.o)
    0x24000108   0x00000004   Data   RW         8226    .data               STemWin540_CM7_IAR_ARGB.a(LCD.o)
    0x2400010c   0x00000004   Data   RW         8407    .data               STemWin540_CM7_IAR_ARGB.a(GUI__Private.o)
    0x24000110   0x00000004   Data   RW         8408    .data               STemWin540_CM7_IAR_ARGB.a(GUI__Private.o)
    0x24000114   0x00000008   Data   RW         8455    .data               STemWin540_CM7_IAR_ARGB.a(GUI__Wrap.o)
    0x2400011c   0x00000004   Data   RW         8485    .data               STemWin540_CM7_IAR_ARGB.a(GUI_CharLine.o)
    0x24000120   0x00000010   Data   RW         8522    .data               STemWin540_CM7_IAR_ARGB.a(GUI_OnKey.o)
    0x24000130   0x00000004   Data   RW         8584    .data               STemWin540_CM7_IAR_ARGB.a(GUI_WaitEvent.o)
    0x24000134   0x00000014   Data   RW         8659    .data               STemWin540_CM7_IAR_ARGB.a(LCD_Color.o)
    0x24000148   0x00000008   Data   RW         8930    .data               STemWin540_CM7_IAR_ARGB.a(GUI__Alpha.o)
    0x24000150   0x00000004   Data   RW         8931    .data               STemWin540_CM7_IAR_ARGB.a(GUI__Alpha.o)
    0x24000154   0x00000014   Data   RW         9235    .data               STemWin540_CM7_IAR_ARGB.a(WM_Touch.o)
    0x24000168   0x0000001c   Data   RW         9341    .data               STemWin540_CM7_IAR_ARGB.a(GUI_SetAlpha.o)
    0x24000184   0x00000004   Data   RW         9423    .data               STemWin540_CM7_IAR_ARGB.a(GUI_Time.o)
    0x24000188   0x00000014   Data   RW         9894    .data               STemWin540_CM7_IAR_ARGB.a(LCD_AA.o)
    0x2400019c   0x00000004   Data   RW         9895    .data               STemWin540_CM7_IAR_ARGB.a(LCD_AA.o)
    0x240001a0   0x00000138   Zero   RW         1265    .bss                stm32h743i_eval_sdram.o
    0x240002d8   0x000001e0   Zero   RW         1709    .bss                lcdconf_stm32h743i_eval.o
    0x240004b8   0x00000400   Zero   RW         1921    .bss                usart.o
    0x240008b8   0x000000f8   Zero   RW         2227    .bss                adc.o
    0x240009b0   0x000000c0   Zero   RW         7811    .bss                STemWin540_CM7_IAR_ARGB.a(GUI_Alloc.o)
    0x24000a70   0x0000000c   Zero   RW         7812    .bss                STemWin540_CM7_IAR_ARGB.a(GUI_Alloc.o)
    0x24000a7c   0x00000004   Zero   RW         7863    .bss                STemWin540_CM7_IAR_ARGB.a(GUI_Common.o)
    0x24000a80   0x00000004   Zero   RW         7864    .bss                STemWin540_CM7_IAR_ARGB.a(GUI_Common.o)
    0x24000a84   0x00000004   Zero   RW         7964    .bss                STemWin540_CM7_IAR_ARGB.a(GUI_Core.o)
    0x24000a88   0x00000004   Zero   RW         7965    .bss                STemWin540_CM7_IAR_ARGB.a(GUI_Core.o)
    0x24000a8c   0x00000004   Zero   RW         7967    .bss                STemWin540_CM7_IAR_ARGB.a(GUI_Core.o)
    0x24000a90   0x00000004   Zero   RW         7968    .bss                STemWin540_CM7_IAR_ARGB.a(GUI_Core.o)
    0x24000a94   0x00000004   Zero   RW         7969    .bss                STemWin540_CM7_IAR_ARGB.a(GUI_Core.o)
    0x24000a98   0x00000004   Zero   RW         7970    .bss                STemWin540_CM7_IAR_ARGB.a(GUI_Core.o)
    0x24000a9c   0x00000004   Zero   RW         7971    .bss                STemWin540_CM7_IAR_ARGB.a(GUI_Core.o)
    0x24000aa0   0x00000002   Zero   RW         7972    .bss                STemWin540_CM7_IAR_ARGB.a(GUI_Core.o)
    0x24000aa2   0x00000002   PAD
    0x24000aa4   0x00000014   Zero   RW         7977    .bss                STemWin540_CM7_IAR_ARGB.a(GUI_Core.o)
    0x24000ab8   0x00000001   Zero   RW         7978    .bss                STemWin540_CM7_IAR_ARGB.a(GUI_Core.o)
    0x24000ab9   0x00000003   PAD
    0x24000abc   0x00000004   Zero   RW         7979    .bss                STemWin540_CM7_IAR_ARGB.a(GUI_Core.o)
    0x24000ac0   0x00000004   Zero   RW         7980    .bss                STemWin540_CM7_IAR_ARGB.a(GUI_Core.o)
    0x24000ac4   0x00000002   Zero   RW         7981    .bss                STemWin540_CM7_IAR_ARGB.a(GUI_Core.o)
    0x24000ac6   0x00000002   Zero   RW         7982    .bss                STemWin540_CM7_IAR_ARGB.a(GUI_Core.o)
    0x24000ac8   0x00000008   Zero   RW         7984    .bss                STemWin540_CM7_IAR_ARGB.a(GUI_Core.o)
    0x24000ad0   0x00000020   Zero   RW         8055    .bss                STemWin540_CM7_IAR_ARGB.a(GUI_MULTIBUF.o)
    0x24000af0   0x00000004   Zero   RW         8056    .bss                STemWin540_CM7_IAR_ARGB.a(GUI_MULTIBUF.o)
    0x24000af4   0x00000008   Zero   RW         8058    .bss                STemWin540_CM7_IAR_ARGB.a(GUI_MULTIBUF.o)
    0x24000afc   0x00000008   Zero   RW         8086    .bss                STemWin540_CM7_IAR_ARGB.a(GUI_SelectLayer.o)
    0x24000b04   0x00000008   Zero   RW         8129    .bss                STemWin540_CM7_IAR_ARGB.a(GUICC_M565.o)
    0x24000b0c   0x00000008   Zero   RW         8291    .bss                STemWin540_CM7_IAR_ARGB.a(LCD_GetEx.o)
    0x24000b14   0x00000008   Zero   RW         8453    .bss                STemWin540_CM7_IAR_ARGB.a(GUI__Wrap.o)
    0x24000b1c   0x00000058   Zero   RW         8521    .bss                STemWin540_CM7_IAR_ARGB.a(GUI_OnKey.o)
    0x24000b74   0x00000004   Zero   RW         8583    .bss                STemWin540_CM7_IAR_ARGB.a(GUI_WaitEvent.o)
    0x24000b78   0x00000004   Zero   RW         8585    .bss                STemWin540_CM7_IAR_ARGB.a(GUI_WaitEvent.o)
    0x24000b7c   0x00000004   Zero   RW         8599    .bss                STemWin540_CM7_IAR_ARGB.a(GUIDEV_16.o)
    0x24000b80   0x0000007c   Zero   RW         8712    .bss                STemWin540_CM7_IAR_ARGB.a(WM.o)
    0x24000bfc   0x00000004   Zero   RW         8714    .bss                STemWin540_CM7_IAR_ARGB.a(WM.o)
    0x24000c00   0x0000001c   Zero   RW         8933    .bss                STemWin540_CM7_IAR_ARGB.a(GUI__Alpha.o)
    0x24000c1c   0x00000008   Zero   RW         8934    .bss                STemWin540_CM7_IAR_ARGB.a(GUI__Alpha.o)
    0x24000c24   0x00000010   Zero   RW         8960    .bss                STemWin540_CM7_IAR_ARGB.a(GUI__ManageCache.o)
    0x24000c34   0x00000008   Zero   RW         8961    .bss                STemWin540_CM7_IAR_ARGB.a(GUI__ManageCache.o)
    0x24000c3c   0x00000014   Zero   RW         8996    .bss                STemWin540_CM7_IAR_ARGB.a(GUI_Timer.o)
    0x24000c50   0x00000004   Zero   RW         9064    .bss                STemWin540_CM7_IAR_ARGB.a(GUIDEV_Banding.o)
    0x24000c54   0x00000001   Zero   RW         9075    .bss                STemWin540_CM7_IAR_ARGB.a(GUIDEV_StaticDevices.o)
    0x24000c55   0x00000003   PAD
    0x24000c58   0x00000004   Zero   RW         9167    .bss                STemWin540_CM7_IAR_ARGB.a(WM__Private.o)
    0x24000c5c   0x00000040   Zero   RW         9234    .bss                STemWin540_CM7_IAR_ARGB.a(WM_Touch.o)
    0x24000c9c   0x00000004   PAD
    0x24000ca0   0x00004000   Zero   RW            1    STACK               startup_stm32h743xx.o
    0x24004ca0   0x0001b360   PAD
    0x24020000   0x0002d000   Zero   RW         1827    .ARM.__AT_0x24020000  guiconf_stm32h743i_eval.o


==============================================================================

Image component sizes


      Code (inc. data)   RO Data    RW Data    ZI Data      Debug   Object Name

       452         52          0          8        248      38616   adc.o
        80          4          0          0          0      50300   basic_helloworld.o
       196          4          0          0          0       1115   bsp.o
        36         10          0          4          0       2124   gui_x.o
        16          6          0          0     184320       1077   guiconf_stm32h743i_eval.o
      1618        154          0          4        480      12739   lcdconf_stm32h743i_eval.o
       664         80          0         24          0      45314   main.o
         0          0          0          0          0       4508   mfxstm32l152.o
        36          8        664          0      16384        832   startup_stm32h743xx.o
        56         14         36          0          0       2631   stm32h743i_eval.o
        20          6          0          8          0       9766   stm32h743i_eval_io.o
       620         58          0          2        312       4224   stm32h743i_eval_sdram.o
       158         24          0         12          0       4088   stm32h7xx_hal.o
      3256        132          0          0          0      10843   stm32h7xx_hal_adc.o
       158          0          0          0          0       1638   stm32h7xx_hal_adc_ex.o
       314         18          0          0          0      39816   stm32h7xx_hal_cortex.o
      2084        110          8          0          0       9731   stm32h7xx_hal_dma.o
       146          0          0          0          0       2293   stm32h7xx_hal_dma2d.o
       850         90          0          0          0       3390   stm32h7xx_hal_gpio.o
      1750         16          0          0          0      12834   stm32h7xx_hal_ltdc.o
       416          6          0          0          0       2446   stm32h7xx_hal_mdma.o
      2276        100          0          0          0       6900   stm32h7xx_hal_rcc.o
      3548        114          0          0          0       7743   stm32h7xx_hal_rcc_ex.o
       164          4          0          0          0       2984   stm32h7xx_hal_sdram.o
      2772        124         24          0          0      32013   stm32h7xx_hal_uart.o
         2          0          0          0          0        876   stm32h7xx_hal_uart_ex.o
       154         62          0          0          0    1260684   stm32h7xx_it.o
       278          6          0          0          0       3104   stm32h7xx_ll_fmc.o
       136         18         16          8          0       1286   system_stm32h7xx.o
       856        112          0         23       1024       4443   usart.o

    ----------------------------------------------------------------------
     23148       1332        780         96     314224    1580358   Object Totals
         0          0         32          0          0          0   (incl. Generated)
        36          0          0          3     111456          0   (incl. Padding)

    ----------------------------------------------------------------------

      Code (inc. data)   RO Data    RW Data    ZI Data      Debug   Library Member Name

         0          0       7728          0          0          0   F32_1.o
         0          0       7240          0          0          0   F32_ASCII.o
         0          0       1852          0          0          0   F6x8.o
       232          4         24          0          0        582   GUICC_0.o
       248         20         24          0          8        688   GUICC_M565.o
        42          0         24          0          0        554   GUICC_M8888I.o
         2          0          0          0          0        108   GUICC_M8888I_Index2Color.o
         6          0          0          0          0        108   GUICC_M888_Index2Color.o
       844         16          0          0          0       1329   GUIDEV.o
      2456        140          0          0          4       4123   GUIDEV_16.o
      2416        140          0          0          0       3950   GUIDEV_32.o
       344         12          0          0          4        352   GUIDEV_Banding.o
        60          4          0          0          0        115   GUIDEV_Clear.o
        60          8          0          0          0        238   GUIDEV_CreateFixed.o
        28          0          0          0          0        118   GUIDEV_GetDataPtr.o
        76          4          0          0          0        345   GUIDEV_GetPos.o
        40          4          0          0          0        118   GUIDEV_GetXSize.o
        40          4          0          0          0        118   GUIDEV_GetYSize.o
        48          4          0          0          0        118   GUIDEV_ReduceYSize.o
       104          4          0          0          0        120   GUIDEV_SetOrg.o
      1276         32          0          0          1       1559   GUIDEV_StaticDevices.o
       110          4          0          0          0        358   GUIDEV_Usage.o
       428         24          0          0          0        687   GUIDEV_UsageBM.o
       176          4          0          0          0        569   GUIDEV_Write.o
       704         24          0          0          0        866   GUIDEV_WriteToActiveAlpha.o
      1564         16          0          0          0       2101   GUIDEV_WriteToActiveOpaque.o
      3092        212         52          0          0       6233   GUIDRV_Lin_16.o
      1804         16          0          0        204       4433   GUI_Alloc.o
       156         12          0          0          0        780   GUI_Char.o
       468         20          0          4          0        702   GUI_CharLine.o
       368          4          0          0          0        678   GUI_CharM.o
       300          4          0          0          0        580   GUI_CharP.o
      2320        136          0          8          8       9847   GUI_Common.o
       764         76          0        160         71       2564   GUI_Core.o
       386         12          0          0          0       1012   GUI_Device.o
       164          4          0          0          0        452   GUI_DispChar.o
      1108          4          0          0          0       1450   GUI_DispString.o
       492         32          0          0         44       1912   GUI_MULTIBUF.o
       212          8          0         16         88       1134   GUI_OnKey.o
       148         12          0          0          8       1001   GUI_SelectLayer.o
      2912        116          0         28          0       6395   GUI_SetAlpha.o
        64          4          0          4          0        441   GUI_Time.o
       920         16          0          0         20       2454   GUI_Timer.o
       170          4          0          0          0        915   GUI_UC.o
        48         20          0          0          0        540   GUI_UC_EncodeNone.o
       100         12          0          4          8        679   GUI_WaitEvent.o
       884         40          0         12         36       1601   GUI__Alpha.o
       630          0          0          0          0        574   GUI__CompactPixelIndices.o
         0          0        880          0          0          0   GUI__DivTbl.o
       498          8          0          0          0        246   GUI__ExpandPixelIndices.o
       268         16          0          0         24        789   GUI__ManageCache.o
      1172         20          0          8          0       2515   GUI__Private.o
       672        388          0          0          0        465   GUI__SinHQ.o
       416          8          0          8          8        984   GUI__Wrap.o
      1520         20         12          4          0       4303   LCD.o
       808         44          0         24          0       2368   LCD_AA.o
       300         20          0         20          0       1022   LCD_Color.o
        24          4          0          0          0        216   LCD_GetColorIndex.o
       524         12          0          0          8       4587   LCD_GetEx.o
        26          0          0          0          0        117   LCD_GetNumDisplays.o
        94          8          0          0          0        232   LCD_GetP.o
        14          0          0          0          0        117   LCD_GetPixelColor.o
         0          0        256          0          0          0   LCD_Mirror.o
       590         12          0          0          0        841   LCD_ReadRect.o
        68          8          0          0          0        120   LCD_SelectLCD.o
       728          8          0          0          0       3958   LCD_Set.o
        48          8          0          0          0        120   LCD_SetClipRectEx.o
        36          4          0          0          0        120   LCD_UpdateColorIndices.o
      4644         84          0          0        128       8647   WM.o
      2896         80          0          0          0      10905   WM_Lib.o
       348         32          0          0          0        813   WM_Move.o
       332         20          0          0          0        834   WM_Timer.o
         0          0          0         20         64          0   WM_Touch.o
       836         36          0          0          4       2575   WM__Private.o
        86          0          0          0          0          0   __dczerorl2.o
         0          0          0          0          0          0   entry.o
         0          0          0          0          0          0   entry10a.o
         0          0          0          0          0          0   entry11a.o
         8          4          0          0          0          0   entry2.o
         4          0          0          0          0          0   entry5.o
         0          0          0          0          0          0   entry7b.o
         0          0          0          0          0          0   entry8b.o
         8          4          0          0          0          0   entry9a.o
        30          0          0          0          0          0   handlers.o
        36          8          0          0          0         68   init.o
        30          0          0          0          0         68   llshl.o
        32          0          0          0          0         68   llushr.o
        66          0          0          0          0         76   memmove.o
        36          0          0          0          0        108   memseta.o
        18          0          0          0          0         68   strcpy.o
        98          0          0          0          0         92   uldiv.o

    ----------------------------------------------------------------------
     46148       2088      18092        320        752     113043   Library Totals
        20          0          0          0         12          0   (incl. Padding)

    ----------------------------------------------------------------------

      Code (inc. data)   RO Data    RW Data    ZI Data      Debug   Library Name

     45676       2072      18092        320        740     112495   STemWin540_CM7_IAR_ARGB.a
       452         16          0          0          0        548   mc_w.l

    ----------------------------------------------------------------------
     46148       2088      18092        320        752     113043   Library Totals

    ----------------------------------------------------------------------

==============================================================================


      Code (inc. data)   RO Data    RW Data    ZI Data      Debug   

     69296       3420      18872        416     314976    1589085   Grand Totals
     69296       3420      18872        128     314976    1589085   ELF Image Totals (compressed)
     69296       3420      18872        128          0          0   ROM Totals

==============================================================================

    Total RO  Size (Code + RO Data)                88168 (  86.10kB)
    Total RW  Size (RW Data + ZI Data)            315392 ( 308.00kB)
    Total ROM Size (Code + RO Data + RW Data)      88296 (  86.23kB)

==============================================================================

